RAM : INIT : Loading RAM contents from ./test/2-bin/0-fundamental_testing/sw_1.hex.txt
RAM : INIT : RAM contents at 00004e20 are: 24
RAM : INIT : RAM contents at 00004e21 are: e7
RAM : INIT : RAM contents at 00004e22 are: 00
RAM : INIT : RAM contents at 00004e23 are: 0f
RAM : INIT : RAM contents at 00004e24 are: ac
RAM : INIT : RAM contents at 00004e25 are: 07
RAM : INIT : RAM contents at 00004e26 are: 01
RAM : INIT : RAM contents at 00004e27 are: 00
RAM : INIT : RAM contents at 00004e28 are: 00
RAM : INIT : RAM contents at 00004e29 are: 00
RAM : INIT : RAM contents at 00004e2a are: 00
RAM : INIT : RAM contents at 00004e2b are: 08
RAM : INIT : RAM contents at 00004e2c are: 8c
RAM : INIT : RAM contents at 00004e2d are: 02
RAM : INIT : RAM contents at 00004e2e are: 01
RAM : INIT : RAM contents at 00004e2f are: 00
RAM : INIT : RAM contents at 00004e30 are: 00
RAM : INIT : RAM contents at 00004e31 are: 00
RAM : INIT : RAM contents at 00004e32 are: 00
RAM : INIT : RAM contents at 00004e33 are: 00
RAM : INIT : RAM contents at 00004e34 are: 00
RAM : INIT : RAM contents at 00004e35 are: 00
RAM : INIT : RAM contents at 00004e36 are: 00
RAM : INIT : RAM contents at 00004e37 are: 00
RAM : INIT : RAM contents at 00004e38 are: 00
RAM : INIT : RAM contents at 00004e39 are: 00
RAM : INIT : RAM contents at 00004e3a are: 00
RAM : INIT : RAM contents at 00004e3b are: 00
RAM : INIT : RAM contents at 00004e3c are: 00
RAM : INIT : RAM contents at 00004e3d are: 00
PC: not reset or halt, updatePC: x
FSM: FETCH
CTRL: Here is the result =          0
CTRL: Read instruction at RAM address: xxxxxxxx
FSM: EXEC1
TB : Reset is now low.
CTRL: RAM INFO DATA READ: 00000000
CTRL : instruction word: 00000000, opcode: 000000, funccode: 000000
RRRRRRRRRR type
DECODE: Decoding is done, enterring parameter assginment
CPU : INFO   : Resetting.
CTRL: RAM INFO DATA READ: 00000000
CTRL : instruction word: 00000000, opcode: 000000, funccode: 000000
RRRRRRRRRR type
DECODE: Decoding is done, enterring parameter assginment
CTRL: SLL SHAMT 00, Instruction:00000000, FUNCCODE:000000
HHHHHHHHH ALU CODE 00
CTRL: RAM INFO DATA READ: 00000000
CTRL : instruction word: 00000000, opcode: 000000, funccode: 000000
RRRRRRRRRR type
DECODE: Decoding is done, enterring parameter assginment
CTRL: SLL SHAMT 00, Instruction:00000000, FUNCCODE:000000
HHHHHHHHH ALU CODE 00
ALU: ALU input A:         x
ALU: ALU input B:         x
ALU: ALU opcode: 0
ALU: ALU r:         x
CTRL: RAM INFO DATA READ: 00000000
CTRL : instruction word: 00000000, opcode: 000000, funccode: 000000
RRRRRRRRRR type
DECODE: Decoding is done, enterring parameter assginment
CTRL: SLL SHAMT 00, Instruction:00000000, FUNCCODE:000000
HHHHHHHHH ALU CODE 00
PC: not reset or halt, updatePC: 0
FSM: FETCH
CTRL: Here is the result =          x
CTRL: Read instruction at RAM address: bfc00000
CTRL: Here is the result =          x
CTRL: Read instruction at RAM address: bfc00000
FSM: EXEC1
PC: not reset or halt, updatePC: 0
CTRL: RAM INFO DATA READ: 0f00e724
CTRL : instruction word: 24e7000f, opcode: 001001, funccode: 001111
IIIIIIIIII type
DECODE: Decoding is done, enterring parameter assginment
CTRL: RAM INFO DATA READ: 0f00e724
CTRL : instruction word: 24e7000f, opcode: 001001, funccode: 001111
IIIIIIIIII type
DECODE: Decoding is done, enterring parameter assginment
CTRL: INFO: ADDIU called
CTRL: INPUT INFO: Rs = 07 Rt = 07 Immediate = 000f ALUCODE = 09 Rd = 07
PC: not reset or halt, updatePC: 0
FSM: EXEC2
CTRL: Instruction again: 00100100111001110000000000001111, FUNCCODE: 001111
CTRL: Here is the RsDATA in andi =          0
CTRL: Here is the result =          x
ALU: ALU input A:         0
ALU: ALU input B:        15
ALU: ALU opcode: 9
ALU: ALU r:        15
CTRL: Instruction again: 00100100111001110000000000001111, FUNCCODE: 001111
CTRL: Here is the RsDATA in andi =          0
CTRL: Here is the result =         15
FSM: FETCH
PC: not reset or halt, updatePC: 1
PC: current value before increment: bfc00000
CTRL: Here is the result =         15
CTRL: Read instruction at RAM address: bfc00000
CTRL: Here is the result =         15
CTRL: Read instruction at RAM address: bfc00000
CTRL: Here is the result =         15
CTRL: Read instruction at RAM address: bfc00004
PC: not reset or halt, updatePC: 0
FSM: EXEC1
CTRL: RAM INFO DATA READ: 000107ac
CTRL : instruction word: ac070100, opcode: 101011, funccode: 000000
IIIIIIIIII type
DECODE: Decoding is done, enterring parameter assginment
CTRL: RAM INFO DATA READ: 000107ac
CTRL : instruction word: ac070100, opcode: 101011, funccode: 000000
IIIIIIIIII type
DECODE: Decoding is done, enterring parameter assginment
CTRL: RAM INFO DATA READ: 000107ac
CTRL : instruction word: ac070100, opcode: 101011, funccode: 000000
IIIIIIIIII type
DECODE: Decoding is done, enterring parameter assginment
CTRL: RAM INFO DATA READ: 000107ac
CTRL : instruction word: ac070100, opcode: 101011, funccode: 000000
IIIIIIIIII type
DECODE: Decoding is done, enterring parameter assginment
FSM: EXEC2
PC: not reset or halt, updatePC: 0
CTRL: Instruction again: 10101100000001110000000100000000, FUNCCODE: 000000
CTRL: Here is the result =          0
CTRL: Instruction again: 10101100000001110000000100000000, FUNCCODE: 000000
CTRL: Here is the result =          0
CTRL: Instruction again: 10101100000001110000000100000000, FUNCCODE: 000000
CTRL: Here is the result =          0
PC: not reset or halt, updatePC: 1
PC: current value before increment: bfc00004
FSM: FETCH
CTRL: Here is the result =          0
CTRL: Read instruction at RAM address: bfc00004
CTRL: Here is the result =          0
CTRL: Read instruction at RAM address: bfc00008
FSM: EXEC1
PC: not reset or halt, updatePC: 0
CTRL: RAM INFO DATA READ: 08000000
CTRL : instruction word: 00000008, opcode: 000000, funccode: 001000
RRRRRRRRRR type
DECODE: Decoding is done, enterring parameter assginment
CTRL: RAM INFO DATA READ: 08000000
CTRL : instruction word: 00000008, opcode: 000000, funccode: 001000
RRRRRRRRRR type
DECODE: Decoding is done, enterring parameter assginment
Detect JR in EXEC 1, Rs:  0
PC: not reset or halt, updatePC: 0
FSM: EXEC2
CTRL: Instruction again: 00000000000000000000000000001000, FUNCCODE: 001000
Arrived at jr: 00000000, Rs:  0
CTRL: Here is the result =          0
CTRL: Instruction again: 00000000000000000000000000001000, FUNCCODE: 001000
Arrived at jr: 00000000, Rs:  0
CTRL: Here is the result =          0
FSM: FETCH
PC: not reset or halt, updatePC: 1
PC: current value before increment: bfc00008
PC: In jump_r
CTRL: Here is the result =          0
CTRL: Read instruction at RAM address: bfc00008
CTRL: Here is the result =          0
CTRL: Read instruction at RAM address: bfc00008
CTRL: Here is the result =          0
CTRL: Read instruction at RAM address: bfc0000c
PC: not reset or halt, updatePC: 0
FSM: EXEC1
CTRL: RAM INFO DATA READ: 0001028c
CTRL : instruction word: 8c020100, opcode: 100011, funccode: 000000
IIIIIIIIII type
DECODE: Decoding is done, enterring parameter assginment
CTRL: SLL SHAMT 04, Instruction:8c020100, FUNCCODE:000000
HHHHHHHHH ALU CODE 00
Mem read: 0001028c
Mem address access: 00000100
CTRL: RAM INFO DATA READ: 0001028c
CTRL : instruction word: 8c020100, opcode: 100011, funccode: 000000
IIIIIIIIII type
DECODE: Decoding is done, enterring parameter assginment
CTRL: RAM INFO DATA READ: 0001028c
CTRL : instruction word: 8c020100, opcode: 100011, funccode: 000000
IIIIIIIIII type
DECODE: Decoding is done, enterring parameter assginment
FSM: EXEC2
PC: not reset or halt, updatePC: 0
Mem read: 0f000000
CTRL: Instruction again: 10001100000000100000000100000000, FUNCCODE: 000000
CTRL: Here is the result =          0
CTRL: Instruction again: 10001100000000100000000100000000, FUNCCODE: 000000
CTRL: Here is the result =          0
PC: not reset or halt, updatePC: 1
PC: current value before increment: bfc0000c
PC: In r_delay: 00000000
FSM: FETCH
CTRL: Here is the result =          0
CTRL: Read instruction at RAM address: bfc0000c
Mem read: 0f000000
CTRL: Here is the result =          0
CTRL: Read instruction at RAM address: bfc0000c
CTRL: Here is the result =          0
CTRL: Read instruction at RAM address: 00000000
FSM: EXEC1
Mem read: 00000000
Mem address access: 00000100
CTRL: RAM INFO DATA READ: 00000000
CTRL : instruction word: 00000000, opcode: 000000, funccode: 000000
RRRRRRRRRR type
DECODE: Decoding is done, enterring parameter assginment
CTRL: RAM INFO DATA READ: 00000000
CTRL : instruction word: 00000000, opcode: 000000, funccode: 000000
RRRRRRRRRR type
DECODE: Decoding is done, enterring parameter assginment
CTRL: SLL SHAMT 00, Instruction:00000000, FUNCCODE:000000
HHHHHHHHH ALU CODE 00
CTRL: RAM INFO DATA READ: 00000000
CTRL : instruction word: 00000000, opcode: 000000, funccode: 000000
RRRRRRRRRR type
DECODE: Decoding is done, enterring parameter assginment
CTRL: SLL SHAMT 00, Instruction:00000000, FUNCCODE:000000
HHHHHHHHH ALU CODE 00
CTRL: RAM INFO DATA READ: 00000000
CTRL : instruction word: 00000000, opcode: 000000, funccode: 000000
RRRRRRRRRR type
DECODE: Decoding is done, enterring parameter assginment
CTRL: SLL SHAMT 00, Instruction:00000000, FUNCCODE:000000
HHHHHHHHH ALU CODE 00
FSM: EXEC2
CTRL: Instruction again: 00000000000000000000000000000000, FUNCCODE: 000000
CTRL: INFO: Currently in the SLL statement
CTRL: Here is the result =          0
ALU: ALU input A:        15
ALU: ALU input B:         0
ALU: ALU opcode: 0
ALU: ALU r:        15
CTRL: Instruction again: 00000000000000000000000000000000, FUNCCODE: 000000
CTRL: INFO: Currently in the SLL statement
CTRL: Here is the result =         15
CTRL: Instruction again: 00000000000000000000000000000000, FUNCCODE: 000000
CTRL: INFO: Currently in the SLL statement
CTRL: Here is the result =         15
CTRL: Instruction again: 00000000000000000000000000000000, FUNCCODE: 000000
CTRL: INFO: Currently in the SLL statement
CTRL: Here is the result =          0
FSM: FETCH
CTRL: Here is the result =          0
CTRL: Read instruction at RAM address: 00000000
CTRL: Here is the result =          0
CTRL: Read instruction at RAM address: 00000000
FSM: HALT
FSM: HALT
TB : finished; running=0
TB : INFO : register_v0=0000000f
test/0-MIPS_tb_RAM/mips_cpu_bus_tb.v:97: $finish called at 19500 (10ps)
CPU : OUT   :         15
