RAM : INIT : Loading RAM contents from ./test/2-bin/3-other_testcases/jalr_1.hex.txt
RAM : INIT : RAM contents at 00004e20 are: 24
RAM : INIT : RAM contents at 00004e21 are: 03
RAM : INIT : RAM contents at 00004e22 are: 00
RAM : INIT : RAM contents at 00004e23 are: 13
RAM : INIT : RAM contents at 00004e24 are: 24
RAM : INIT : RAM contents at 00004e25 are: 62
RAM : INIT : RAM contents at 00004e26 are: 00
RAM : INIT : RAM contents at 00004e27 are: 34
RAM : INIT : RAM contents at 00004e28 are: 00
RAM : INIT : RAM contents at 00004e29 are: 00
RAM : INIT : RAM contents at 00004e2a are: 00
RAM : INIT : RAM contents at 00004e2b are: 09
RAM : INIT : RAM contents at 00004e2c are: 00
RAM : INIT : RAM contents at 00004e2d are: 43
RAM : INIT : RAM contents at 00004e2e are: 10
RAM : INIT : RAM contents at 00004e2f are: 21
RAM : INIT : RAM contents at 00004e30 are: 24
RAM : INIT : RAM contents at 00004e31 are: 62
RAM : INIT : RAM contents at 00004e32 are: 00
RAM : INIT : RAM contents at 00004e33 are: 2f
RAM : INIT : RAM contents at 00004e34 are: 24
RAM : INIT : RAM contents at 00004e35 are: 42
RAM : INIT : RAM contents at 00004e36 are: 00
RAM : INIT : RAM contents at 00004e37 are: 59
RAM : INIT : RAM contents at 00004e38 are: 00
RAM : INIT : RAM contents at 00004e39 are: 00
RAM : INIT : RAM contents at 00004e3a are: 00
RAM : INIT : RAM contents at 00004e3b are: 08
RAM : INIT : RAM contents at 00004e3c are: 00
RAM : INIT : RAM contents at 00004e3d are: 00
PC: not reset or halt, updatePC: x
FSM: FETCH
CTRL: Here is the result =          0
CTRL: Read instruction at RAM address: xxxxxxxx
FSM: EXEC1
TB : Reset is now low.
CTRL: RAM INFO DATA READ: 00000000
CTRL : instruction word: 00000000, opcode: 000000, funccode: 000000
RRRRRRRRRR type
DECODE: Decoding is done, enterring parameter assginment
CPU : INFO   : Resetting.
CTRL: RAM INFO DATA READ: 00000000
CTRL : instruction word: 00000000, opcode: 000000, funccode: 000000
RRRRRRRRRR type
DECODE: Decoding is done, enterring parameter assginment
CTRL: SLL SHAMT 00, Instruction:00000000, FUNCCODE:000000
HHHHHHHHH ALU CODE 00
CTRL: RAM INFO DATA READ: 00000000
CTRL : instruction word: 00000000, opcode: 000000, funccode: 000000
RRRRRRRRRR type
DECODE: Decoding is done, enterring parameter assginment
CTRL: SLL SHAMT 00, Instruction:00000000, FUNCCODE:000000
HHHHHHHHH ALU CODE 00
ALU: ALU input A:         x
ALU: ALU input B:         x
ALU: ALU opcode: 0
ALU: ALU r:         x
CTRL: RAM INFO DATA READ: 00000000
CTRL : instruction word: 00000000, opcode: 000000, funccode: 000000
RRRRRRRRRR type
DECODE: Decoding is done, enterring parameter assginment
CTRL: SLL SHAMT 00, Instruction:00000000, FUNCCODE:000000
HHHHHHHHH ALU CODE 00
PC: not reset or halt, updatePC: 0
FSM: FETCH
CTRL: Here is the result =          x
CTRL: Read instruction at RAM address: bfc00000
CTRL: Here is the result =          x
CTRL: Read instruction at RAM address: bfc00000
FSM: EXEC1
PC: not reset or halt, updatePC: 0
CTRL: RAM INFO DATA READ: 13000324
CTRL : instruction word: 24030013, opcode: 001001, funccode: 010011
IIIIIIIIII type
DECODE: Decoding is done, enterring parameter assginment
Detect JR in EXEC 1, Rs:  0
CTRL: RAM INFO DATA READ: 13000324
CTRL : instruction word: 24030013, opcode: 001001, funccode: 010011
IIIIIIIIII type
DECODE: Decoding is done, enterring parameter assginment
CTRL: INFO: ADDIU called
CTRL: INPUT INFO: Rs = 00 Rt = 03 Immediate = 0013 ALUCODE = 09 Rd = 00
PC: not reset or halt, updatePC: 0
FSM: EXEC2
CTRL: Instruction again: 00100100000000110000000000010011, FUNCCODE: 010011
CTRL: Here is the RsDATA in andi =          0
CTRL: Here is the result =          x
ALU: ALU input A:         0
ALU: ALU input B:        19
ALU: ALU opcode: 9
ALU: ALU r:        19
CTRL: Instruction again: 00100100000000110000000000010011, FUNCCODE: 010011
CTRL: Here is the RsDATA in andi =          0
CTRL: Here is the result =         19
FSM: FETCH
PC: not reset or halt, updatePC: 1
PC: current value before increment: bfc00000
CTRL: Here is the result =         19
CTRL: Read instruction at RAM address: bfc00000
CTRL: Here is the result =         19
CTRL: Read instruction at RAM address: bfc00000
CTRL: Here is the result =         19
CTRL: Read instruction at RAM address: bfc00004
PC: not reset or halt, updatePC: 0
FSM: EXEC1
CTRL: RAM INFO DATA READ: 34006224
CTRL : instruction word: 24620034, opcode: 001001, funccode: 110100
IIIIIIIIII type
DECODE: Decoding is done, enterring parameter assginment
CTRL: INFO: ADDIU called
CTRL: INPUT INFO: Rs = 03 Rt = 02 Immediate = 0034 ALUCODE = 09 Rd = 03
CTRL: RAM INFO DATA READ: 34006224
CTRL : instruction word: 24620034, opcode: 001001, funccode: 110100
IIIIIIIIII type
DECODE: Decoding is done, enterring parameter assginment
CTRL: INFO: ADDIU called
CTRL: INPUT INFO: Rs = 03 Rt = 02 Immediate = 0034 ALUCODE = 09 Rd = 03
CTRL: RAM INFO DATA READ: 34006224
CTRL : instruction word: 24620034, opcode: 001001, funccode: 110100
IIIIIIIIII type
DECODE: Decoding is done, enterring parameter assginment
CTRL: INFO: ADDIU called
CTRL: INPUT INFO: Rs = 03 Rt = 02 Immediate = 0034 ALUCODE = 09 Rd = 03
FSM: EXEC2
PC: not reset or halt, updatePC: 0
CTRL: Instruction again: 00100100011000100000000000110100, FUNCCODE: 110100
CTRL: Here is the RsDATA in andi =          0
CTRL: Here is the result =         19
CTRL: Instruction again: 00100100011000100000000000110100, FUNCCODE: 110100
CTRL: Here is the RsDATA in andi =          0
CTRL: Here is the result =         52
CTRL: Instruction again: 00100100011000100000000000110100, FUNCCODE: 110100
CTRL: Here is the RsDATA in andi =         19
CTRL: Here is the result =         52
ALU: ALU input A:        19
ALU: ALU input B:        52
ALU: ALU opcode: 9
ALU: ALU r:        71
CTRL: Instruction again: 00100100011000100000000000110100, FUNCCODE: 110100
CTRL: Here is the RsDATA in andi =         19
CTRL: Here is the result =         71
PC: not reset or halt, updatePC: 1
PC: current value before increment: bfc00004
FSM: FETCH
CTRL: Here is the result =         71
CTRL: Read instruction at RAM address: bfc00004
CTRL: Here is the result =         71
CTRL: Read instruction at RAM address: bfc00004
CTRL: Here is the result =         71
CTRL: Read instruction at RAM address: bfc00008
FSM: EXEC1
PC: not reset or halt, updatePC: 0
CTRL: RAM INFO DATA READ: 09000000
CTRL : instruction word: 00000009, opcode: 000000, funccode: 001001
RRRRRRRRRR type
DECODE: Decoding is done, enterring parameter assginment
CTRL: RAM INFO DATA READ: 09000000
CTRL : instruction word: 00000009, opcode: 000000, funccode: 001001
RRRRRRRRRR type
DECODE: Decoding is done, enterring parameter assginment
CTRL: RAM INFO DATA READ: 09000000
CTRL : instruction word: 00000009, opcode: 000000, funccode: 001001
RRRRRRRRRR type
DECODE: Decoding is done, enterring parameter assginment
CTRL: RAM INFO DATA READ: 09000000
CTRL : instruction word: 00000009, opcode: 000000, funccode: 001001
RRRRRRRRRR type
DECODE: Decoding is done, enterring parameter assginment
PC: not reset or halt, updatePC: 0
FSM: EXEC2
CTRL: Instruction again: 00000000000000000000000000001001, FUNCCODE: 001001
CTRL: Here is the result =          0
CTRL: Instruction again: 00000000000000000000000000001001, FUNCCODE: 001001
CTRL: Here is the result =          0
FSM: FETCH
PC: not reset or halt, updatePC: 1
PC: current value before increment: bfc00008
PC: In jump_r
CTRL: Here is the result =          0
CTRL: Read instruction at RAM address: bfc00008
CTRL: Here is the result =          0
CTRL: Read instruction at RAM address: bfc00008
CTRL: Here is the result =          0
CTRL: Read instruction at RAM address: bfc0000c
PC: not reset or halt, updatePC: 0
FSM: EXEC1
CTRL: RAM INFO DATA READ: 21104300
CTRL : instruction word: 00431021, opcode: 000000, funccode: 100001
RRRRRRRRRR type
DECODE: Decoding is done, enterring parameter assginment
CTRL: RAM INFO DATA READ: 21104300
CTRL : instruction word: 00431021, opcode: 000000, funccode: 100001
RRRRRRRRRR type
DECODE: Decoding is done, enterring parameter assginment
CTRL: RAM INFO DATA READ: 21104300
CTRL : instruction word: 00431021, opcode: 000000, funccode: 100001
RRRRRRRRRR type
DECODE: Decoding is done, enterring parameter assginment
FSM: EXEC2
PC: not reset or halt, updatePC: 0
CTRL: Instruction again: 00000000010000110001000000100001, FUNCCODE: 100001
CTRL: Here is the result =          0
CTRL: Instruction again: 00000000010000110001000000100001, FUNCCODE: 100001
CTRL: Here is the result = 2139095056
CTRL: Instruction again: 00000000010000110001000000100001, FUNCCODE: 100001
CTRL: Here is the result = 2139095056
CTRL: Instruction again: 00000000010000110001000000100001, FUNCCODE: 100001
CTRL: Here is the result =         90
PC: not reset or halt, updatePC: 1
PC: current value before increment: bfc0000c
PC: In r_delay: 00000000
FSM: FETCH
CTRL: Here is the result =         90
CTRL: Read instruction at RAM address: bfc0000c
CTRL: Here is the result =         90
CTRL: Read instruction at RAM address: bfc0000c
CTRL: Here is the result =         90
CTRL: Read instruction at RAM address: 00000000
FSM: EXEC1
CTRL: RAM INFO DATA READ: 00000000
CTRL : instruction word: 00000000, opcode: 000000, funccode: 000000
RRRRRRRRRR type
DECODE: Decoding is done, enterring parameter assginment
CTRL: SLL SHAMT 00, Instruction:00000000, FUNCCODE:000000
HHHHHHHHH ALU CODE 00
CTRL: RAM INFO DATA READ: 00000000
CTRL : instruction word: 00000000, opcode: 000000, funccode: 000000
RRRRRRRRRR type
DECODE: Decoding is done, enterring parameter assginment
CTRL: SLL SHAMT 00, Instruction:00000000, FUNCCODE:000000
HHHHHHHHH ALU CODE 00
ALU: ALU input A:        71
ALU: ALU input B:        19
ALU: ALU opcode: 0
ALU: ALU r:        71
CTRL: RAM INFO DATA READ: 00000000
CTRL : instruction word: 00000000, opcode: 000000, funccode: 000000
RRRRRRRRRR type
DECODE: Decoding is done, enterring parameter assginment
CTRL: SLL SHAMT 00, Instruction:00000000, FUNCCODE:000000
HHHHHHHHH ALU CODE 00
CTRL: RAM INFO DATA READ: 00000000
CTRL : instruction word: 00000000, opcode: 000000, funccode: 000000
RRRRRRRRRR type
DECODE: Decoding is done, enterring parameter assginment
CTRL: SLL SHAMT 00, Instruction:00000000, FUNCCODE:000000
HHHHHHHHH ALU CODE 00
FSM: EXEC2
CTRL: Instruction again: 00000000000000000000000000000000, FUNCCODE: 000000
CTRL: INFO: Currently in the SLL statement
CTRL: Here is the result =         71
CTRL: Instruction again: 00000000000000000000000000000000, FUNCCODE: 000000
CTRL: INFO: Currently in the SLL statement
CTRL: Here is the result =         19
CTRL: Instruction again: 00000000000000000000000000000000, FUNCCODE: 000000
CTRL: INFO: Currently in the SLL statement
CTRL: Here is the result =         19
CTRL: Instruction again: 00000000000000000000000000000000, FUNCCODE: 000000
CTRL: INFO: Currently in the SLL statement
CTRL: Here is the result = 3217031176
FSM: FETCH
CTRL: Here is the result = 3217031176
CTRL: Read instruction at RAM address: 00000000
CTRL: Here is the result = 3217031176
CTRL: Read instruction at RAM address: 00000000
FSM: HALT
FSM: HALT
TB : finished; running=0
TB : INFO : register_v0=0000005a
test/0-MIPS_tb_RAM/mips_cpu_bus_tb.v:97: $finish called at 19500 (10ps)
CPU : OUT   :         90
