RAM : INIT : Loading RAM contents from ./test/2-bin/3-other_testcases/lwr_1.hex.txt
RAM : INIT : RAM contents at 00004e20 are: 24
RAM : INIT : RAM contents at 00004e21 are: 04
RAM : INIT : RAM contents at 00004e22 are: 73
RAM : INIT : RAM contents at 00004e23 are: 94
RAM : INIT : RAM contents at 00004e24 are: ac
RAM : INIT : RAM contents at 00004e25 are: 04
RAM : INIT : RAM contents at 00004e26 are: 00
RAM : INIT : RAM contents at 00004e27 are: 14
RAM : INIT : RAM contents at 00004e28 are: 24
RAM : INIT : RAM contents at 00004e29 are: 02
RAM : INIT : RAM contents at 00004e2a are: ab
RAM : INIT : RAM contents at 00004e2b are: 12
RAM : INIT : RAM contents at 00004e2c are: 00
RAM : INIT : RAM contents at 00004e2d are: 00
RAM : INIT : RAM contents at 00004e2e are: 00
RAM : INIT : RAM contents at 00004e2f are: 08
RAM : INIT : RAM contents at 00004e30 are: 8c
RAM : INIT : RAM contents at 00004e31 are: 02
RAM : INIT : RAM contents at 00004e32 are: 00
RAM : INIT : RAM contents at 00004e33 are: 15
RAM : INIT : RAM contents at 00004e34 are: 00
RAM : INIT : RAM contents at 00004e35 are: 00
RAM : INIT : RAM contents at 00004e36 are: 00
RAM : INIT : RAM contents at 00004e37 are: 00
RAM : INIT : RAM contents at 00004e38 are: 00
RAM : INIT : RAM contents at 00004e39 are: 00
RAM : INIT : RAM contents at 00004e3a are: 00
RAM : INIT : RAM contents at 00004e3b are: 00
RAM : INIT : RAM contents at 00004e3c are: 00
RAM : INIT : RAM contents at 00004e3d are: 00
PC: not reset or halt, updatePC: x
FSM: FETCH
CTRL: Here is the result =          0
CTRL: Read instruction at RAM address: xxxxxxxx
FSM: EXEC1
TB : Reset is now low.
CTRL: RAM INFO DATA READ: 00000000
CTRL : instruction word: 00000000, opcode: 000000, funccode: 000000
RRRRRRRRRR type
DECODE: Decoding is done, enterring parameter assginment
CPU : INFO   : Resetting.
CTRL: RAM INFO DATA READ: 00000000
CTRL : instruction word: 00000000, opcode: 000000, funccode: 000000
RRRRRRRRRR type
DECODE: Decoding is done, enterring parameter assginment
CTRL: SLL SHAMT 00, Instruction:00000000, FUNCCODE:000000
HHHHHHHHH ALU CODE 00
CTRL: RAM INFO DATA READ: 00000000
CTRL : instruction word: 00000000, opcode: 000000, funccode: 000000
RRRRRRRRRR type
DECODE: Decoding is done, enterring parameter assginment
CTRL: SLL SHAMT 00, Instruction:00000000, FUNCCODE:000000
HHHHHHHHH ALU CODE 00
ALU: ALU input A:         x
ALU: ALU input B:         x
ALU: ALU opcode: 0
ALU: ALU r:         x
CTRL: RAM INFO DATA READ: 00000000
CTRL : instruction word: 00000000, opcode: 000000, funccode: 000000
RRRRRRRRRR type
DECODE: Decoding is done, enterring parameter assginment
CTRL: SLL SHAMT 00, Instruction:00000000, FUNCCODE:000000
HHHHHHHHH ALU CODE 00
PC: not reset or halt, updatePC: 0
FSM: FETCH
CTRL: Here is the result =          x
CTRL: Read instruction at RAM address: bfc00000
CTRL: Here is the result =          x
CTRL: Read instruction at RAM address: bfc00000
FSM: EXEC1
PC: not reset or halt, updatePC: 0
CTRL: RAM INFO DATA READ: 94730424
CTRL : instruction word: 24047394, opcode: 001001, funccode: 010100
IIIIIIIIII type
DECODE: Decoding is done, enterring parameter assginment
CTRL: RAM INFO DATA READ: 94730424
CTRL : instruction word: 24047394, opcode: 001001, funccode: 010100
IIIIIIIIII type
DECODE: Decoding is done, enterring parameter assginment
CTRL: INFO: ADDIU called
CTRL: INPUT INFO: Rs = 00 Rt = 04 Immediate = 7394 ALUCODE = 09 Rd = 00
PC: not reset or halt, updatePC: 0
FSM: EXEC2
CTRL: Instruction again: 00100100000001000111001110010100, FUNCCODE: 010100
CTRL: Here is the RsDATA in andi =          0
CTRL: Here is the result =          x
CTRL: Instruction again: 00100100000001000111001110010100, FUNCCODE: 010100
CTRL: Here is the RsDATA in andi =          0
CTRL: Here is the result =      29588
FSM: FETCH
PC: not reset or halt, updatePC: 1
PC: current value before increment: bfc00000
CTRL: Here is the result =      29588
CTRL: Read instruction at RAM address: bfc00000
CTRL: Here is the result =      29588
CTRL: Read instruction at RAM address: bfc00000
CTRL: Here is the result =      29588
CTRL: Read instruction at RAM address: bfc00004
PC: not reset or halt, updatePC: 0
FSM: EXEC1
CTRL: RAM INFO DATA READ: 140004ac
CTRL : instruction word: ac040014, opcode: 101011, funccode: 010100
IIIIIIIIII type
DECODE: Decoding is done, enterring parameter assginment
CTRL: RAM INFO DATA READ: 140004ac
CTRL : instruction word: ac040014, opcode: 101011, funccode: 010100
IIIIIIIIII type
DECODE: Decoding is done, enterring parameter assginment
CTRL: RAM INFO DATA READ: 140004ac
CTRL : instruction word: ac040014, opcode: 101011, funccode: 010100
IIIIIIIIII type
DECODE: Decoding is done, enterring parameter assginment
CTRL: RAM INFO DATA READ: 140004ac
CTRL : instruction word: ac040014, opcode: 101011, funccode: 010100
IIIIIIIIII type
DECODE: Decoding is done, enterring parameter assginment
FSM: EXEC2
PC: not reset or halt, updatePC: 0
CTRL: Instruction again: 10101100000001000000000000010100, FUNCCODE: 010100
CTRL: Here is the result =          0
CTRL: Instruction again: 10101100000001000000000000010100, FUNCCODE: 010100
CTRL: Here is the result =          0
PC: not reset or halt, updatePC: 1
PC: current value before increment: bfc00004
FSM: FETCH
CTRL: Here is the result =          0
CTRL: Read instruction at RAM address: bfc00004
CTRL: Here is the result =          0
CTRL: Read instruction at RAM address: bfc00008
FSM: EXEC1
PC: not reset or halt, updatePC: 0
CTRL: RAM INFO DATA READ: 12ab0224
CTRL : instruction word: 2402ab12, opcode: 001001, funccode: 010010
IIIIIIIIII type
DECODE: Decoding is done, enterring parameter assginment
CTRL: INFO: ADDIU called
CTRL: INPUT INFO: Rs = 00 Rt = 02 Immediate = ab12 ALUCODE = 09 Rd = 00
CTRL: RAM INFO DATA READ: 12ab0224
CTRL : instruction word: 2402ab12, opcode: 001001, funccode: 010010
IIIIIIIIII type
DECODE: Decoding is done, enterring parameter assginment
CTRL: INFO: ADDIU called
CTRL: INPUT INFO: Rs = 00 Rt = 02 Immediate = ab12 ALUCODE = 09 Rd = 00
PC: not reset or halt, updatePC: 0
FSM: EXEC2
CTRL: Instruction again: 00100100000000101010101100010010, FUNCCODE: 010010
CTRL: Here is the RsDATA in andi =          0
CTRL: Here is the result =          0
CTRL: Instruction again: 00100100000000101010101100010010, FUNCCODE: 010010
CTRL: Here is the RsDATA in andi =          0
CTRL: Here is the result = 4294945554
CTRL: Instruction again: 00100100000000101010101100010010, FUNCCODE: 010010
CTRL: Here is the RsDATA in andi =          0
CTRL: Here is the result = 4294945554
FSM: FETCH
PC: not reset or halt, updatePC: 1
PC: current value before increment: bfc00008
CTRL: Here is the result = 4294945554
CTRL: Read instruction at RAM address: bfc00008
CTRL: Here is the result = 4294945554
CTRL: Read instruction at RAM address: bfc00008
CTRL: Here is the result = 4294945554
CTRL: Read instruction at RAM address: bfc0000c
PC: not reset or halt, updatePC: 0
FSM: EXEC1
CTRL: RAM INFO DATA READ: 08000000
CTRL : instruction word: 00000008, opcode: 000000, funccode: 001000
RRRRRRRRRR type
DECODE: Decoding is done, enterring parameter assginment
CTRL: RAM INFO DATA READ: 08000000
CTRL : instruction word: 00000008, opcode: 000000, funccode: 001000
RRRRRRRRRR type
DECODE: Decoding is done, enterring parameter assginment
Detect JR in EXEC 1, Rs:  0
CTRL: RAM INFO DATA READ: 08000000
CTRL : instruction word: 00000008, opcode: 000000, funccode: 001000
RRRRRRRRRR type
DECODE: Decoding is done, enterring parameter assginment
Detect JR in EXEC 1, Rs:  0
CTRL: RAM INFO DATA READ: 08000000
CTRL : instruction word: 00000008, opcode: 000000, funccode: 001000
RRRRRRRRRR type
DECODE: Decoding is done, enterring parameter assginment
Detect JR in EXEC 1, Rs:  0
FSM: EXEC2
PC: not reset or halt, updatePC: 0
CTRL: Instruction again: 00000000000000000000000000001000, FUNCCODE: 001000
Arrived at jr: 00000000, Rs:  0
CTRL: Here is the result =          0
CTRL: Instruction again: 00000000000000000000000000001000, FUNCCODE: 001000
Arrived at jr: 00000000, Rs:  0
CTRL: Here is the result =          0
PC: not reset or halt, updatePC: 1
PC: current value before increment: bfc0000c
PC: In jump_r
FSM: FETCH
CTRL: Here is the result =          0
CTRL: Read instruction at RAM address: bfc0000c
CTRL: Here is the result =          0
CTRL: Read instruction at RAM address: bfc0000c
CTRL: Here is the result =          0
CTRL: Read instruction at RAM address: bfc00010
FSM: EXEC1
PC: not reset or halt, updatePC: 0
CTRL: RAM INFO DATA READ: 1500028c
CTRL : instruction word: 8c020015, opcode: 100011, funccode: 010101
IIIIIIIIII type
DECODE: Decoding is done, enterring parameter assginment
Mem read: 1500028c
Mem address access: 00000014
CTRL: RAM INFO DATA READ: 1500028c
CTRL : instruction word: 8c020015, opcode: 100011, funccode: 010101
IIIIIIIIII type
DECODE: Decoding is done, enterring parameter assginment
CTRL: RAM INFO DATA READ: 1500028c
CTRL : instruction word: 8c020015, opcode: 100011, funccode: 010101
IIIIIIIIII type
DECODE: Decoding is done, enterring parameter assginment
PC: not reset or halt, updatePC: 0
FSM: EXEC2
Mem read: 94730000
CTRL: Instruction again: 10001100000000100000000000010101, FUNCCODE: 010101
CTRL: Here is the result =          0
CTRL: Instruction again: 10001100000000100000000000010101, FUNCCODE: 010101
CTRL: Here is the result =          0
Mem read: 94730000
CTRL: Instruction again: 10001100000000100000000000010101, FUNCCODE: 010101
CTRL: Here is the result =          0
FSM: FETCH
PC: not reset or halt, updatePC: 1
PC: current value before increment: bfc00010
PC: In r_delay: 00000000
CTRL: Here is the result =          0
CTRL: Read instruction at RAM address: bfc00010
Mem read: 94730000
CTRL: Here is the result =          0
CTRL: Read instruction at RAM address: bfc00010
CTRL: Here is the result =          0
CTRL: Read instruction at RAM address: 00000000
FSM: EXEC1
Mem read: 00000000
Mem address access: 00000014
CTRL: RAM INFO DATA READ: 00000000
CTRL : instruction word: 00000000, opcode: 000000, funccode: 000000
RRRRRRRRRR type
DECODE: Decoding is done, enterring parameter assginment
CTRL: RAM INFO DATA READ: 00000000
CTRL : instruction word: 00000000, opcode: 000000, funccode: 000000
RRRRRRRRRR type
DECODE: Decoding is done, enterring parameter assginment
CTRL: SLL SHAMT 00, Instruction:00000000, FUNCCODE:000000
HHHHHHHHH ALU CODE 00
CTRL: RAM INFO DATA READ: 00000000
CTRL : instruction word: 00000000, opcode: 000000, funccode: 000000
RRRRRRRRRR type
DECODE: Decoding is done, enterring parameter assginment
CTRL: SLL SHAMT 00, Instruction:00000000, FUNCCODE:000000
HHHHHHHHH ALU CODE 00
CTRL: RAM INFO DATA READ: 00000000
CTRL : instruction word: 00000000, opcode: 000000, funccode: 000000
RRRRRRRRRR type
DECODE: Decoding is done, enterring parameter assginment
CTRL: SLL SHAMT 00, Instruction:00000000, FUNCCODE:000000
HHHHHHHHH ALU CODE 00
FSM: EXEC2
CTRL: Instruction again: 00000000000000000000000000000000, FUNCCODE: 000000
CTRL: INFO: Currently in the SLL statement
CTRL: Here is the result =          0
CTRL: Instruction again: 00000000000000000000000000000000, FUNCCODE: 000000
CTRL: INFO: Currently in the SLL statement
CTRL: Here is the result =      29588
CTRL: Instruction again: 00000000000000000000000000000000, FUNCCODE: 000000
CTRL: INFO: Currently in the SLL statement
CTRL: Here is the result =      29588
CTRL: Instruction again: 00000000000000000000000000000000, FUNCCODE: 000000
CTRL: INFO: Currently in the SLL statement
CTRL: Here is the result =          0
FSM: FETCH
CTRL: Here is the result =          0
CTRL: Read instruction at RAM address: 00000000
CTRL: Here is the result =          0
CTRL: Read instruction at RAM address: 00000000
FSM: HALT
TB : finished; running=0
TB : INFO : register_v0=00007394
test/0-MIPS_tb_RAM/mips_cpu_bus_tb.v:97: $finish called at 21500 (10ps)
CPU : OUT   :      29588
