RAM : INIT : Loading RAM contents from ./test/2-bin/3-other_testcases/jal_2.hex.txt
RAM : INIT : RAM contents at 00004e20 are: 0c
RAM : INIT : RAM contents at 00004e21 are: 00
RAM : INIT : RAM contents at 00004e22 are: 79
RAM : INIT : RAM contents at 00004e23 are: e0
RAM : INIT : RAM contents at 00004e24 are: 24
RAM : INIT : RAM contents at 00004e25 are: 42
RAM : INIT : RAM contents at 00004e26 are: 00
RAM : INIT : RAM contents at 00004e27 are: 01
RAM : INIT : RAM contents at 00004e28 are: 24
RAM : INIT : RAM contents at 00004e29 are: 42
RAM : INIT : RAM contents at 00004e2a are: 00
RAM : INIT : RAM contents at 00004e2b are: 02
RAM : INIT : RAM contents at 00004e2c are: 24
RAM : INIT : RAM contents at 00004e2d are: 42
RAM : INIT : RAM contents at 00004e2e are: 00
RAM : INIT : RAM contents at 00004e2f are: 03
RAM : INIT : RAM contents at 00004e30 are: 00
RAM : INIT : RAM contents at 00004e31 are: 00
RAM : INIT : RAM contents at 00004e32 are: 00
RAM : INIT : RAM contents at 00004e33 are: 08
RAM : INIT : RAM contents at 00004e34 are: 24
RAM : INIT : RAM contents at 00004e35 are: 42
RAM : INIT : RAM contents at 00004e36 are: 00
RAM : INIT : RAM contents at 00004e37 are: 04
RAM : INIT : RAM contents at 00004e38 are: 24
RAM : INIT : RAM contents at 00004e39 are: 42
RAM : INIT : RAM contents at 00004e3a are: 00
RAM : INIT : RAM contents at 00004e3b are: 05
RAM : INIT : RAM contents at 00004e3c are: 24
RAM : INIT : RAM contents at 00004e3d are: 42
PC: not reset or halt
FSM: FETCH
CTRL: Here is the result =          0
CTRL: Read instruction at RAM address: xxxxxxxx
FSM: EXEC1
TB : Reset is now low.
CTRL: RAM INFO DATA READ: 00000000
CTRL : instruction word: 00000000, opcode: 000000, funccode: 000000
RRRRRRRRRR type
DECODE: Decoding is done, enterring parameter assginment
CPU : INFO   : Resetting.
CTRL: RAM INFO DATA READ: 00000000
CTRL : instruction word: 00000000, opcode: 000000, funccode: 000000
RRRRRRRRRR type
DECODE: Decoding is done, enterring parameter assginment
CTRL: SLL SHAMT 00, Instruction:00000000, FUNCCODE:000000
HHHHHHHHH ALU CODE 00
CTRL: RAM INFO DATA READ: 00000000
CTRL : instruction word: 00000000, opcode: 000000, funccode: 000000
RRRRRRRRRR type
DECODE: Decoding is done, enterring parameter assginment
CTRL: SLL SHAMT 00, Instruction:00000000, FUNCCODE:000000
HHHHHHHHH ALU CODE 00
ALU: ALU input A:         x
ALU: ALU input B:         x
ALU: ALU opcode: 0
ALU: ALU r:         x
CTRL: RAM INFO DATA READ: 00000000
CTRL : instruction word: 00000000, opcode: 000000, funccode: 000000
RRRRRRRRRR type
DECODE: Decoding is done, enterring parameter assginment
CTRL: SLL SHAMT 00, Instruction:00000000, FUNCCODE:000000
HHHHHHHHH ALU CODE 00
PC: not reset or halt
FSM: FETCH
CTRL: Here is the result =          x
CTRL: Read instruction at RAM address: bfc00000
CTRL: Here is the result =          x
CTRL: Read instruction at RAM address: bfc00000
FSM: EXEC1
PC: not reset or halt
CTRL: RAM INFO DATA READ: e079000c
CTRL : instruction word: 0c0079e0, opcode: 000011, funccode: 100000
JJJJJJJJJJJ type
DECODE: Decoding is done, enterring parameter assginment
CTRL: RAM INFO DATA READ: e079000c
CTRL : instruction word: 0c0079e0, opcode: 000011, funccode: 100000
JJJJJJJJJJJ type
DECODE: Decoding is done, enterring parameter assginment
PC: not reset or halt
FSM: EXEC2
CTRL: Instruction again: 00001100000000000111100111100000, FUNCCODE: 100000
CTRL: Here is the result =          x
FSM: FETCH
PC: not reset or halt
PC: current value before increment: bfc00000
CTRL: Here is the result =          x
CTRL: Read instruction at RAM address: bfc00000
CTRL: Here is the result =          x
CTRL: Read instruction at RAM address: bfc00000
CTRL: Here is the result =          x
CTRL: Read instruction at RAM address: bfc00004
PC: not reset or halt
FSM: EXEC1
CTRL: RAM INFO DATA READ: 01004224
CTRL : instruction word: 24420001, opcode: 001001, funccode: 000001
IIIIIIIIII type
DECODE: Decoding is done, enterring parameter assginment
CTRL: RAM INFO DATA READ: 01004224
CTRL : instruction word: 24420001, opcode: 001001, funccode: 000001
IIIIIIIIII type
DECODE: Decoding is done, enterring parameter assginment
CTRL: INFO: ADDIU called
CTRL: INPUT INFO: Rs = 02 Rt = 02 Immediate = 0001 ALUCODE = 09 Rd = 02
FSM: EXEC2
PC: not reset or halt
CTRL: Instruction again: 00100100010000100000000000000001, FUNCCODE: 000001
CTRL: Here is the RsDATA in andi =          0
CTRL: Here is the result =          x
ALU: ALU input A:         0
ALU: ALU input B:         1
ALU: ALU opcode: 9
ALU: ALU r:         1
CTRL: Instruction again: 00100100010000100000000000000001, FUNCCODE: 000001
CTRL: Here is the RsDATA in andi =          0
CTRL: Here is the result =          1
PC: not reset or halt
PC: current value before increment: bfc00004
FSM: FETCH
CTRL: Here is the result =          1
CTRL: Read instruction at RAM address: bfc00004
CTRL: Here is the result =          1
CTRL: Read instruction at RAM address: bfc00004
CTRL: Here is the result =          1
CTRL: Read instruction at RAM address: bfc00008
FSM: EXEC1
PC: not reset or halt
CTRL: RAM INFO DATA READ: 02004224
CTRL : instruction word: 24420002, opcode: 001001, funccode: 000010
IIIIIIIIII type
DECODE: Decoding is done, enterring parameter assginment
CTRL: INFO: ADDIU called
CTRL: INPUT INFO: Rs = 02 Rt = 02 Immediate = 0002 ALUCODE = 09 Rd = 02
CTRL: RAM INFO DATA READ: 02004224
CTRL : instruction word: 24420002, opcode: 001001, funccode: 000010
IIIIIIIIII type
DECODE: Decoding is done, enterring parameter assginment
CTRL: INFO: ADDIU called
CTRL: INPUT INFO: Rs = 02 Rt = 02 Immediate = 0002 ALUCODE = 09 Rd = 02
CTRL: RAM INFO DATA READ: 02004224
CTRL : instruction word: 24420002, opcode: 001001, funccode: 000010
IIIIIIIIII type
DECODE: Decoding is done, enterring parameter assginment
CTRL: INFO: ADDIU called
CTRL: INPUT INFO: Rs = 02 Rt = 02 Immediate = 0002 ALUCODE = 09 Rd = 02
PC: not reset or halt
FSM: EXEC2
CTRL: Instruction again: 00100100010000100000000000000010, FUNCCODE: 000010
CTRL: Here is the RsDATA in andi =          1
CTRL: Here is the result =          1
CTRL: Instruction again: 00100100010000100000000000000010, FUNCCODE: 000010
CTRL: Here is the RsDATA in andi =          1
CTRL: Here is the result =          3
FSM: FETCH
PC: not reset or halt
PC: current value before increment: bfc00008
CTRL: Here is the result =          3
CTRL: Read instruction at RAM address: bfc00008
CTRL: Here is the result =          3
CTRL: Read instruction at RAM address: bfc00008
CTRL: Here is the result =          3
CTRL: Read instruction at RAM address: bfc0000c
PC: not reset or halt
FSM: EXEC1
CTRL: RAM INFO DATA READ: 03004224
CTRL : instruction word: 24420003, opcode: 001001, funccode: 000011
IIIIIIIIII type
DECODE: Decoding is done, enterring parameter assginment
CTRL: INFO: ADDIU called
CTRL: INPUT INFO: Rs = 02 Rt = 02 Immediate = 0003 ALUCODE = 09 Rd = 02
CTRL: RAM INFO DATA READ: 03004224
CTRL : instruction word: 24420003, opcode: 001001, funccode: 000011
IIIIIIIIII type
DECODE: Decoding is done, enterring parameter assginment
CTRL: INFO: ADDIU called
CTRL: INPUT INFO: Rs = 02 Rt = 02 Immediate = 0003 ALUCODE = 09 Rd = 02
CTRL: RAM INFO DATA READ: 03004224
CTRL : instruction word: 24420003, opcode: 001001, funccode: 000011
IIIIIIIIII type
DECODE: Decoding is done, enterring parameter assginment
CTRL: INFO: ADDIU called
CTRL: INPUT INFO: Rs = 02 Rt = 02 Immediate = 0003 ALUCODE = 09 Rd = 02
FSM: EXEC2
PC: not reset or halt
CTRL: Instruction again: 00100100010000100000000000000011, FUNCCODE: 000011
CTRL: Here is the RsDATA in andi =          3
CTRL: Here is the result =          3
CTRL: Instruction again: 00100100010000100000000000000011, FUNCCODE: 000011
CTRL: Here is the RsDATA in andi =          3
CTRL: Here is the result =          6
PC: not reset or halt
PC: current value before increment: bfc0000c
FSM: FETCH
CTRL: Here is the result =          6
CTRL: Read instruction at RAM address: bfc0000c
CTRL: Here is the result =          6
CTRL: Read instruction at RAM address: bfc0000c
CTRL: Here is the result =          6
CTRL: Read instruction at RAM address: bfc00010
FSM: EXEC1
PC: not reset or halt
CTRL: RAM INFO DATA READ: 08000000
CTRL : instruction word: 00000008, opcode: 000000, funccode: 001000
RRRRRRRRRR type
DECODE: Decoding is done, enterring parameter assginment
CTRL: RAM INFO DATA READ: 08000000
CTRL : instruction word: 00000008, opcode: 000000, funccode: 001000
RRRRRRRRRR type
DECODE: Decoding is done, enterring parameter assginment
Detect JR in EXEC 1, Rs:  0
CTRL: RAM INFO DATA READ: 08000000
CTRL : instruction word: 00000008, opcode: 000000, funccode: 001000
RRRRRRRRRR type
DECODE: Decoding is done, enterring parameter assginment
Detect JR in EXEC 1, Rs:  0
CTRL: RAM INFO DATA READ: 08000000
CTRL : instruction word: 00000008, opcode: 000000, funccode: 001000
RRRRRRRRRR type
DECODE: Decoding is done, enterring parameter assginment
Detect JR in EXEC 1, Rs:  0
PC: not reset or halt
FSM: EXEC2
CTRL: Instruction again: 00000000000000000000000000001000, FUNCCODE: 001000
Arrived at jr: 00000006, Rs:  0
CTRL: Here is the result =          0
CTRL: Instruction again: 00000000000000000000000000001000, FUNCCODE: 001000
Arrived at jr: 00000000, Rs:  0
CTRL: Here is the result =          0
FSM: FETCH
PC: not reset or halt
PC: current value before increment: bfc00010
PC: In jump_r
CTRL: Here is the result =          0
CTRL: Read instruction at RAM address: bfc00010
CTRL: Here is the result =          0
CTRL: Read instruction at RAM address: bfc00010
CTRL: Here is the result =          0
CTRL: Read instruction at RAM address: bfc00014
PC: not reset or halt
FSM: EXEC1
CTRL: RAM INFO DATA READ: 04004224
CTRL : instruction word: 24420004, opcode: 001001, funccode: 000100
IIIIIIIIII type
DECODE: Decoding is done, enterring parameter assginment
CTRL: RAM INFO DATA READ: 04004224
CTRL : instruction word: 24420004, opcode: 001001, funccode: 000100
IIIIIIIIII type
DECODE: Decoding is done, enterring parameter assginment
CTRL: INFO: ADDIU called
CTRL: INPUT INFO: Rs = 02 Rt = 02 Immediate = 0004 ALUCODE = 09 Rd = 02
FSM: EXEC2
PC: not reset or halt
CTRL: Instruction again: 00100100010000100000000000000100, FUNCCODE: 000100
CTRL: Here is the RsDATA in andi =          0
CTRL: Here is the result =          0
CTRL: Instruction again: 00100100010000100000000000000100, FUNCCODE: 000100
CTRL: Here is the RsDATA in andi =          0
CTRL: Here is the result =          4
CTRL: Instruction again: 00100100010000100000000000000100, FUNCCODE: 000100
CTRL: Here is the RsDATA in andi =          6
CTRL: Here is the result =          4
CTRL: Instruction again: 00100100010000100000000000000100, FUNCCODE: 000100
CTRL: Here is the RsDATA in andi =          6
CTRL: Here is the result =         10
PC: not reset or halt
PC: current value before increment: bfc00014
PC: In r_delay: 00000000
FSM: FETCH
CTRL: Here is the result =         10
CTRL: Read instruction at RAM address: bfc00014
CTRL: Here is the result =         10
CTRL: Read instruction at RAM address: bfc00014
CTRL: Here is the result =         10
CTRL: Read instruction at RAM address: 00000000
FSM: EXEC1
CTRL: RAM INFO DATA READ: 00000000
CTRL : instruction word: 00000000, opcode: 000000, funccode: 000000
RRRRRRRRRR type
DECODE: Decoding is done, enterring parameter assginment
CTRL: RAM INFO DATA READ: 00000000
CTRL : instruction word: 00000000, opcode: 000000, funccode: 000000
RRRRRRRRRR type
DECODE: Decoding is done, enterring parameter assginment
CTRL: SLL SHAMT 00, Instruction:00000000, FUNCCODE:000000
HHHHHHHHH ALU CODE 00
CTRL: RAM INFO DATA READ: 00000000
CTRL : instruction word: 00000000, opcode: 000000, funccode: 000000
RRRRRRRRRR type
DECODE: Decoding is done, enterring parameter assginment
CTRL: SLL SHAMT 00, Instruction:00000000, FUNCCODE:000000
HHHHHHHHH ALU CODE 00
CTRL: RAM INFO DATA READ: 00000000
CTRL : instruction word: 00000000, opcode: 000000, funccode: 000000
RRRRRRRRRR type
DECODE: Decoding is done, enterring parameter assginment
CTRL: SLL SHAMT 00, Instruction:00000000, FUNCCODE:000000
HHHHHHHHH ALU CODE 00
FSM: EXEC2
CTRL: Instruction again: 00000000000000000000000000000000, FUNCCODE: 000000
CTRL: INFO: Currently in the SLL statement
CTRL: Here is the result =          6
CTRL: Instruction again: 00000000000000000000000000000000, FUNCCODE: 000000
CTRL: INFO: Currently in the SLL statement
CTRL: Here is the result =         10
CTRL: Instruction again: 00000000000000000000000000000000, FUNCCODE: 000000
CTRL: INFO: Currently in the SLL statement
CTRL: Here is the result =         10
CTRL: Instruction again: 00000000000000000000000000000000, FUNCCODE: 000000
CTRL: INFO: Currently in the SLL statement
CTRL: Here is the result =          0
FSM: FETCH
CTRL: Here is the result =          0
CTRL: Read instruction at RAM address: 00000000
CTRL: Here is the result =          0
CTRL: Read instruction at RAM address: 00000000
FSM: HALT
FSM: HALT
TB : finished; running=0
TB : INFO : register_v0=0000000a
test/0-MIPS_tb_RAM/mips_cpu_bus_tb.v:97: $finish called at 25500 (10ps)
CPU : OUT   :         10
