RAM : INIT : Loading RAM contents from ./test/2-bin/2-conditionals/bgtz_2.hex.txt
RAM : INIT : RAM contents at 00004e20 are: 25
RAM : INIT : RAM contents at 00004e21 are: af
RAM : INIT : RAM contents at 00004e22 are: 00
RAM : INIT : RAM contents at 00004e23 are: 0e
RAM : INIT : RAM contents at 00004e24 are: 1d
RAM : INIT : RAM contents at 00004e25 are: e0
RAM : INIT : RAM contents at 00004e26 are: 00
RAM : INIT : RAM contents at 00004e27 are: 03
RAM : INIT : RAM contents at 00004e28 are: 24
RAM : INIT : RAM contents at 00004e29 are: 03
RAM : INIT : RAM contents at 00004e2a are: 00
RAM : INIT : RAM contents at 00004e2b are: 15
RAM : INIT : RAM contents at 00004e2c are: 24
RAM : INIT : RAM contents at 00004e2d are: 42
RAM : INIT : RAM contents at 00004e2e are: 00
RAM : INIT : RAM contents at 00004e2f are: 1e
RAM : INIT : RAM contents at 00004e30 are: 00
RAM : INIT : RAM contents at 00004e31 are: 43
RAM : INIT : RAM contents at 00004e32 are: 10
RAM : INIT : RAM contents at 00004e33 are: 21
RAM : INIT : RAM contents at 00004e34 are: 00
RAM : INIT : RAM contents at 00004e35 are: 00
RAM : INIT : RAM contents at 00004e36 are: 00
RAM : INIT : RAM contents at 00004e37 are: 08
RAM : INIT : RAM contents at 00004e38 are: 00
RAM : INIT : RAM contents at 00004e39 are: 00
RAM : INIT : RAM contents at 00004e3a are: 00
RAM : INIT : RAM contents at 00004e3b are: 00
RAM : INIT : RAM contents at 00004e3c are: 00
RAM : INIT : RAM contents at 00004e3d are: 00
PC: not reset or halt
FSM: FETCH
CTRL: Here is the result =          0
CTRL: Read instruction at RAM address: xxxxxxxx
FSM: EXEC1
TB : Reset is now low.
CTRL: RAM INFO DATA READ: 00000000
CTRL : instruction word: 00000000, opcode: 000000, funccode: 000000
RRRRRRRRRR type
DECODE: Decoding is done, enterring parameter assginment
CPU : INFO   : Resetting.
CTRL: RAM INFO DATA READ: 00000000
CTRL : instruction word: 00000000, opcode: 000000, funccode: 000000
RRRRRRRRRR type
DECODE: Decoding is done, enterring parameter assginment
CTRL: SLL SHAMT 00, Instruction:00000000, FUNCCODE:000000
HHHHHHHHH ALU CODE 00
CTRL: RAM INFO DATA READ: 00000000
CTRL : instruction word: 00000000, opcode: 000000, funccode: 000000
RRRRRRRRRR type
DECODE: Decoding is done, enterring parameter assginment
CTRL: SLL SHAMT 00, Instruction:00000000, FUNCCODE:000000
HHHHHHHHH ALU CODE 00
ALU: ALU input A:         x
ALU: ALU input B:         x
ALU: ALU opcode: 0
ALU: ALU r:         x
CTRL: RAM INFO DATA READ: 00000000
CTRL : instruction word: 00000000, opcode: 000000, funccode: 000000
RRRRRRRRRR type
DECODE: Decoding is done, enterring parameter assginment
CTRL: SLL SHAMT 00, Instruction:00000000, FUNCCODE:000000
HHHHHHHHH ALU CODE 00
PC: not reset or halt
FSM: FETCH
CTRL: Here is the result =          x
CTRL: Read instruction at RAM address: bfc00000
CTRL: Here is the result =          x
CTRL: Read instruction at RAM address: bfc00000
FSM: EXEC1
PC: not reset or halt
CTRL: RAM INFO DATA READ: 0e00af25
CTRL : instruction word: 25af000e, opcode: 001001, funccode: 001110
IIIIIIIIII type
DECODE: Decoding is done, enterring parameter assginment
CTRL: RAM INFO DATA READ: 0e00af25
CTRL : instruction word: 25af000e, opcode: 001001, funccode: 001110
IIIIIIIIII type
DECODE: Decoding is done, enterring parameter assginment
CTRL: INFO: ADDIU called
CTRL: INPUT INFO: Rs = 0d Rt = 0f Immediate = 000e ALUCODE = 09 Rd = 0d
PC: not reset or halt
FSM: EXEC2
CTRL: Instruction again: 00100101101011110000000000001110, FUNCCODE: 001110
CTRL: Here is the RsDATA in andi =          0
CTRL: Here is the result =          x
CTRL: Instruction again: 00100101101011110000000000001110, FUNCCODE: 001110
CTRL: Here is the RsDATA in andi =          0
CTRL: Here is the result =         14
FSM: FETCH
PC: not reset or halt
PC: current value before increment: bfc00000
CTRL: Here is the result =         14
CTRL: Read instruction at RAM address: bfc00000
CTRL: Here is the result =         14
CTRL: Read instruction at RAM address: bfc00000
CTRL: Here is the result =         14
CTRL: Read instruction at RAM address: bfc00004
PC: not reset or halt
FSM: EXEC1
CTRL: RAM INFO DATA READ: 0300e01d
CTRL : instruction word: 1de00003, opcode: 000111, funccode: 000011
IIIIIIIIII type
DECODE: Decoding is done, enterring parameter assginment
CTRL: RAM INFO DATA READ: 0300e01d
CTRL : instruction word: 1de00003, opcode: 000111, funccode: 000011
IIIIIIIIII type
DECODE: Decoding is done, enterring parameter assginment
CTRL: RAM INFO DATA READ: 0300e01d
CTRL : instruction word: 1de00003, opcode: 000111, funccode: 000011
IIIIIIIIII type
DECODE: Decoding is done, enterring parameter assginment
FSM: EXEC2
PC: not reset or halt
CTRL: Instruction again: 00011101111000000000000000000011, FUNCCODE: 000011
CTRL: Here is the result =         14
CTRL: Instruction again: 00011101111000000000000000000011, FUNCCODE: 000011
CTRL: Here is the result =         14
PC: not reset or halt
PC: current value before increment: bfc00004
FSM: FETCH
CTRL: Here is the result =         14
CTRL: Read instruction at RAM address: bfc00004
CTRL: Here is the result =         14
CTRL: Read instruction at RAM address: bfc00004
CTRL: Here is the result =         14
CTRL: Read instruction at RAM address: bfc00008
FSM: EXEC1
PC: not reset or halt
CTRL: RAM INFO DATA READ: 15000324
CTRL : instruction word: 24030015, opcode: 001001, funccode: 010101
IIIIIIIIII type
DECODE: Decoding is done, enterring parameter assginment
CTRL: INFO: ADDIU called
CTRL: INPUT INFO: Rs = 00 Rt = 03 Immediate = 0015 ALUCODE = 09 Rd = 00
CTRL: RAM INFO DATA READ: 15000324
CTRL : instruction word: 24030015, opcode: 001001, funccode: 010101
IIIIIIIIII type
DECODE: Decoding is done, enterring parameter assginment
CTRL: INFO: ADDIU called
CTRL: INPUT INFO: Rs = 00 Rt = 03 Immediate = 0015 ALUCODE = 09 Rd = 00
CTRL: RAM INFO DATA READ: 15000324
CTRL : instruction word: 24030015, opcode: 001001, funccode: 010101
IIIIIIIIII type
DECODE: Decoding is done, enterring parameter assginment
CTRL: INFO: ADDIU called
CTRL: INPUT INFO: Rs = 00 Rt = 03 Immediate = 0015 ALUCODE = 09 Rd = 00
PC: not reset or halt
FSM: EXEC2
CTRL: Instruction again: 00100100000000110000000000010101, FUNCCODE: 010101
CTRL: Here is the RsDATA in andi =         14
CTRL: Here is the result =         14
ALU: ALU input A:        14
ALU: ALU input B:        21
ALU: ALU opcode: 9
ALU: ALU r:        35
CTRL: Instruction again: 00100100000000110000000000010101, FUNCCODE: 010101
CTRL: Here is the RsDATA in andi =         14
CTRL: Here is the result =         35
CTRL: Instruction again: 00100100000000110000000000010101, FUNCCODE: 010101
CTRL: Here is the RsDATA in andi =          0
CTRL: Here is the result =         35
CTRL: Instruction again: 00100100000000110000000000010101, FUNCCODE: 010101
CTRL: Here is the RsDATA in andi =          0
CTRL: Here is the result =         21
FSM: FETCH
PC: not reset or halt
PC: current value before increment: bfc00008
CTRL: Here is the result =         21
CTRL: Read instruction at RAM address: bfc00008
CTRL: Here is the result =         21
CTRL: Read instruction at RAM address: bfc00008
CTRL: Here is the result =         21
CTRL: Read instruction at RAM address: bfc0000c
PC: not reset or halt
FSM: EXEC1
CTRL: RAM INFO DATA READ: 1e004224
CTRL : instruction word: 2442001e, opcode: 001001, funccode: 011110
IIIIIIIIII type
DECODE: Decoding is done, enterring parameter assginment
CTRL: INFO: ADDIU called
CTRL: INPUT INFO: Rs = 02 Rt = 02 Immediate = 001e ALUCODE = 09 Rd = 02
CTRL: RAM INFO DATA READ: 1e004224
CTRL : instruction word: 2442001e, opcode: 001001, funccode: 011110
IIIIIIIIII type
DECODE: Decoding is done, enterring parameter assginment
CTRL: INFO: ADDIU called
CTRL: INPUT INFO: Rs = 02 Rt = 02 Immediate = 001e ALUCODE = 09 Rd = 02
CTRL: RAM INFO DATA READ: 1e004224
CTRL : instruction word: 2442001e, opcode: 001001, funccode: 011110
IIIIIIIIII type
DECODE: Decoding is done, enterring parameter assginment
CTRL: INFO: ADDIU called
CTRL: INPUT INFO: Rs = 02 Rt = 02 Immediate = 001e ALUCODE = 09 Rd = 02
FSM: EXEC2
PC: not reset or halt
CTRL: Instruction again: 00100100010000100000000000011110, FUNCCODE: 011110
CTRL: Here is the RsDATA in andi =          0
CTRL: Here is the result =         21
CTRL: Instruction again: 00100100010000100000000000011110, FUNCCODE: 011110
CTRL: Here is the RsDATA in andi =          0
CTRL: Here is the result =         30
CTRL: Instruction again: 00100100010000100000000000011110, FUNCCODE: 011110
CTRL: Here is the RsDATA in andi =          0
CTRL: Here is the result =         30
PC: not reset or halt
PC: current value before increment: bfc0000c
FSM: FETCH
CTRL: Here is the result =         30
CTRL: Read instruction at RAM address: bfc0000c
CTRL: Here is the result =         30
CTRL: Read instruction at RAM address: bfc0000c
CTRL: Here is the result =         30
CTRL: Read instruction at RAM address: bfc00010
FSM: EXEC1
PC: not reset or halt
CTRL: RAM INFO DATA READ: 21104300
CTRL : instruction word: 00431021, opcode: 000000, funccode: 100001
RRRRRRRRRR type
DECODE: Decoding is done, enterring parameter assginment
CTRL: RAM INFO DATA READ: 21104300
CTRL : instruction word: 00431021, opcode: 000000, funccode: 100001
RRRRRRRRRR type
DECODE: Decoding is done, enterring parameter assginment
CTRL: RAM INFO DATA READ: 21104300
CTRL : instruction word: 00431021, opcode: 000000, funccode: 100001
RRRRRRRRRR type
DECODE: Decoding is done, enterring parameter assginment
PC: not reset or halt
FSM: EXEC2
CTRL: Instruction again: 00000000010000110001000000100001, FUNCCODE: 100001
CTRL: Here is the result =         30
CTRL: Instruction again: 00000000010000110001000000100001, FUNCCODE: 100001
CTRL: Here is the result =         60
CTRL: Instruction again: 00000000010000110001000000100001, FUNCCODE: 100001
CTRL: Here is the result =         60
ALU: ALU input A:        30
ALU: ALU input B:        21
ALU: ALU opcode:33
ALU: ALU r:        51
CTRL: Instruction again: 00000000010000110001000000100001, FUNCCODE: 100001
CTRL: Here is the result =         51
FSM: FETCH
PC: not reset or halt
PC: current value before increment: bfc00010
CTRL: Here is the result =         51
CTRL: Read instruction at RAM address: bfc00010
CTRL: Here is the result =         51
CTRL: Read instruction at RAM address: bfc00010
CTRL: Here is the result =         51
CTRL: Read instruction at RAM address: bfc00014
PC: not reset or halt
FSM: EXEC1
CTRL: RAM INFO DATA READ: 08000000
CTRL : instruction word: 00000008, opcode: 000000, funccode: 001000
RRRRRRRRRR type
DECODE: Decoding is done, enterring parameter assginment
Detect JR in EXEC 1, Rs:  0
CTRL: RAM INFO DATA READ: 08000000
CTRL : instruction word: 00000008, opcode: 000000, funccode: 001000
RRRRRRRRRR type
DECODE: Decoding is done, enterring parameter assginment
Detect JR in EXEC 1, Rs:  0
CTRL: RAM INFO DATA READ: 08000000
CTRL : instruction word: 00000008, opcode: 000000, funccode: 001000
RRRRRRRRRR type
DECODE: Decoding is done, enterring parameter assginment
Detect JR in EXEC 1, Rs:  0
CTRL: RAM INFO DATA READ: 08000000
CTRL : instruction word: 00000008, opcode: 000000, funccode: 001000
RRRRRRRRRR type
DECODE: Decoding is done, enterring parameter assginment
Detect JR in EXEC 1, Rs:  0
FSM: EXEC2
PC: not reset or halt
CTRL: Instruction again: 00000000000000000000000000001000, FUNCCODE: 001000
Arrived at jr: 00000033, Rs:  0
CTRL: Here is the result =          0
CTRL: Instruction again: 00000000000000000000000000001000, FUNCCODE: 001000
Arrived at jr: 00000000, Rs:  0
CTRL: Here is the result =          0
PC: not reset or halt
PC: current value before increment: bfc00014
PC: In jump_r
FSM: FETCH
CTRL: Here is the result =          0
CTRL: Read instruction at RAM address: bfc00014
CTRL: Here is the result =          0
CTRL: Read instruction at RAM address: bfc00014
CTRL: Here is the result =          0
CTRL: Read instruction at RAM address: bfc00018
FSM: EXEC1
PC: not reset or halt
CTRL: RAM INFO DATA READ: 00000000
CTRL : instruction word: 00000000, opcode: 000000, funccode: 000000
RRRRRRRRRR type
DECODE: Decoding is done, enterring parameter assginment
CTRL: SLL SHAMT 00, Instruction:00000000, FUNCCODE:000000
HHHHHHHHH ALU CODE 00
CTRL: RAM INFO DATA READ: 00000000
CTRL : instruction word: 00000000, opcode: 000000, funccode: 000000
RRRRRRRRRR type
DECODE: Decoding is done, enterring parameter assginment
CTRL: SLL SHAMT 00, Instruction:00000000, FUNCCODE:000000
HHHHHHHHH ALU CODE 00
PC: not reset or halt
FSM: EXEC2
CTRL: Instruction again: 00000000000000000000000000000000, FUNCCODE: 000000
CTRL: INFO: Currently in the SLL statement
CTRL: Here is the result =          0
FSM: FETCH
PC: not reset or halt
PC: current value before increment: bfc00018
PC: In r_delay: 00000000
CTRL: Here is the result =          0
CTRL: Read instruction at RAM address: bfc00018
CTRL: Here is the result =          0
CTRL: Read instruction at RAM address: bfc00018
CTRL: Here is the result =          0
CTRL: Read instruction at RAM address: 00000000
FSM: EXEC1
CTRL: RAM INFO DATA READ: 00000000
CTRL : instruction word: 00000000, opcode: 000000, funccode: 000000
RRRRRRRRRR type
DECODE: Decoding is done, enterring parameter assginment
CTRL: SLL SHAMT 00, Instruction:00000000, FUNCCODE:000000
HHHHHHHHH ALU CODE 00
CTRL: RAM INFO DATA READ: 00000000
CTRL : instruction word: 00000000, opcode: 000000, funccode: 000000
RRRRRRRRRR type
DECODE: Decoding is done, enterring parameter assginment
CTRL: SLL SHAMT 00, Instruction:00000000, FUNCCODE:000000
HHHHHHHHH ALU CODE 00
FSM: EXEC2
CTRL: Instruction again: 00000000000000000000000000000000, FUNCCODE: 000000
CTRL: INFO: Currently in the SLL statement
CTRL: Here is the result =          0
FSM: FETCH
CTRL: Here is the result =          0
CTRL: Read instruction at RAM address: 00000000
CTRL: Here is the result =          0
CTRL: Read instruction at RAM address: 00000000
FSM: HALT
TB : finished; running=0
TB : INFO : register_v0=00000033
test/0-MIPS_tb_RAM/mips_cpu_bus_tb.v:97: $finish called at 27500 (10ps)
CPU : OUT   :         51
