RAM : INIT : Loading RAM contents from ./test/2-bin/2-conditionals/bltzal_1.hex.txt
RAM : INIT : RAM contents at 00004e20 are: 24
RAM : INIT : RAM contents at 00004e21 are: 14
RAM : INIT : RAM contents at 00004e22 are: fc
RAM : INIT : RAM contents at 00004e23 are: 18
RAM : INIT : RAM contents at 00004e24 are: 06
RAM : INIT : RAM contents at 00004e25 are: 90
RAM : INIT : RAM contents at 00004e26 are: 00
RAM : INIT : RAM contents at 00004e27 are: 03
RAM : INIT : RAM contents at 00004e28 are: 24
RAM : INIT : RAM contents at 00004e29 are: 43
RAM : INIT : RAM contents at 00004e2a are: 00
RAM : INIT : RAM contents at 00004e2b are: 0a
RAM : INIT : RAM contents at 00004e2c are: 00
RAM : INIT : RAM contents at 00004e2d are: 00
RAM : INIT : RAM contents at 00004e2e are: 00
RAM : INIT : RAM contents at 00004e2f are: 08
RAM : INIT : RAM contents at 00004e30 are: 24
RAM : INIT : RAM contents at 00004e31 are: 62
RAM : INIT : RAM contents at 00004e32 are: 00
RAM : INIT : RAM contents at 00004e33 are: 54
RAM : INIT : RAM contents at 00004e34 are: 03
RAM : INIT : RAM contents at 00004e35 are: e0
RAM : INIT : RAM contents at 00004e36 are: 00
RAM : INIT : RAM contents at 00004e37 are: 08
RAM : INIT : RAM contents at 00004e38 are: 00
RAM : INIT : RAM contents at 00004e39 are: 43
RAM : INIT : RAM contents at 00004e3a are: 10
RAM : INIT : RAM contents at 00004e3b are: 21
RAM : INIT : RAM contents at 00004e3c are: 00
RAM : INIT : RAM contents at 00004e3d are: 00
PC: not reset or halt
FSM: FETCH
CTRL: Here is the result =          0
CTRL: Read instruction at RAM address: xxxxxxxx
FSM: EXEC1
TB : Reset is now low.
CTRL: RAM INFO DATA READ: 00000000
CTRL : instruction word: 00000000, opcode: 000000, funccode: 000000
RRRRRRRRRR type
DECODE: Decoding is done, enterring parameter assginment
CPU : INFO   : Resetting.
CTRL: RAM INFO DATA READ: 00000000
CTRL : instruction word: 00000000, opcode: 000000, funccode: 000000
RRRRRRRRRR type
DECODE: Decoding is done, enterring parameter assginment
CTRL: SLL SHAMT 00, Instruction:00000000, FUNCCODE:000000
HHHHHHHHH ALU CODE 00
CTRL: RAM INFO DATA READ: 00000000
CTRL : instruction word: 00000000, opcode: 000000, funccode: 000000
RRRRRRRRRR type
DECODE: Decoding is done, enterring parameter assginment
CTRL: SLL SHAMT 00, Instruction:00000000, FUNCCODE:000000
HHHHHHHHH ALU CODE 00
ALU: ALU input A:         x
ALU: ALU input B:         x
ALU: ALU opcode: 0
ALU: ALU r:         x
CTRL: RAM INFO DATA READ: 00000000
CTRL : instruction word: 00000000, opcode: 000000, funccode: 000000
RRRRRRRRRR type
DECODE: Decoding is done, enterring parameter assginment
CTRL: SLL SHAMT 00, Instruction:00000000, FUNCCODE:000000
HHHHHHHHH ALU CODE 00
PC: not reset or halt
FSM: FETCH
CTRL: Here is the result =          x
CTRL: Read instruction at RAM address: bfc00000
CTRL: Here is the result =          x
CTRL: Read instruction at RAM address: bfc00000
FSM: EXEC1
PC: not reset or halt
CTRL: RAM INFO DATA READ: 18fc1424
CTRL : instruction word: 2414fc18, opcode: 001001, funccode: 011000
IIIIIIIIII type
DECODE: Decoding is done, enterring parameter assginment
CTRL: RAM INFO DATA READ: 18fc1424
CTRL : instruction word: 2414fc18, opcode: 001001, funccode: 011000
IIIIIIIIII type
DECODE: Decoding is done, enterring parameter assginment
CTRL: INFO: ADDIU called
CTRL: INPUT INFO: Rs = 00 Rt = 14 Immediate = fc18 ALUCODE = 09 Rd = 00
PC: not reset or halt
FSM: EXEC2
CTRL: Instruction again: 00100100000101001111110000011000, FUNCCODE: 011000
CTRL: Here is the RsDATA in andi =          0
CTRL: Here is the result =          x
CTRL: Instruction again: 00100100000101001111110000011000, FUNCCODE: 011000
CTRL: Here is the RsDATA in andi =          0
CTRL: Here is the result = 4294966296
FSM: FETCH
PC: not reset or halt
PC: current value before increment: bfc00000
CTRL: Here is the result = 4294966296
CTRL: Read instruction at RAM address: bfc00000
CTRL: Here is the result = 4294966296
CTRL: Read instruction at RAM address: bfc00000
CTRL: Here is the result = 4294966296
CTRL: Read instruction at RAM address: bfc00004
PC: not reset or halt
FSM: EXEC1
CTRL: RAM INFO DATA READ: 03009006
CTRL : instruction word: 06900003, opcode: 000001, funccode: 000011
IIIIIIIIII type
DECODE: Decoding is done, enterring parameter assginment
CTRL: RAM INFO DATA READ: 03009006
CTRL : instruction word: 06900003, opcode: 000001, funccode: 000011
IIIIIIIIII type
DECODE: Decoding is done, enterring parameter assginment
CTRL: RAM INFO DATA READ: 03009006
CTRL : instruction word: 06900003, opcode: 000001, funccode: 000011
IIIIIIIIII type
DECODE: Decoding is done, enterring parameter assginment
FSM: EXEC2
PC: not reset or halt
CTRL: Instruction again: 00000110100100000000000000000011, FUNCCODE: 000011
CTRL: Here is the result = 4294966296
CTRL: Instruction again: 00000110100100000000000000000011, FUNCCODE: 000011
CTRL: Here is the result = 4294966296
PC: not reset or halt
PC: current value before increment: bfc00004
FSM: FETCH
CTRL: Here is the result = 4294966296
CTRL: Read instruction at RAM address: bfc00004
CTRL: Here is the result = 4294966296
CTRL: Read instruction at RAM address: bfc00004
CTRL: Here is the result = 4294966296
CTRL: Read instruction at RAM address: bfc00008
FSM: EXEC1
PC: not reset or halt
CTRL: RAM INFO DATA READ: 0a004324
CTRL : instruction word: 2443000a, opcode: 001001, funccode: 001010
IIIIIIIIII type
DECODE: Decoding is done, enterring parameter assginment
CTRL: INFO: ADDIU called
CTRL: INPUT INFO: Rs = 02 Rt = 03 Immediate = 000a ALUCODE = 09 Rd = 02
CTRL: RAM INFO DATA READ: 0a004324
CTRL : instruction word: 2443000a, opcode: 001001, funccode: 001010
IIIIIIIIII type
DECODE: Decoding is done, enterring parameter assginment
CTRL: INFO: ADDIU called
CTRL: INPUT INFO: Rs = 02 Rt = 03 Immediate = 000a ALUCODE = 09 Rd = 02
CTRL: RAM INFO DATA READ: 0a004324
CTRL : instruction word: 2443000a, opcode: 001001, funccode: 001010
IIIIIIIIII type
DECODE: Decoding is done, enterring parameter assginment
CTRL: INFO: ADDIU called
CTRL: INPUT INFO: Rs = 02 Rt = 03 Immediate = 000a ALUCODE = 09 Rd = 02
PC: not reset or halt
FSM: EXEC2
CTRL: Instruction again: 00100100010000110000000000001010, FUNCCODE: 001010
CTRL: Here is the RsDATA in andi = 4294966296
CTRL: Here is the result = 4294966296
CTRL: Instruction again: 00100100010000110000000000001010, FUNCCODE: 001010
CTRL: Here is the RsDATA in andi = 4294966296
CTRL: Here is the result = 4294966306
CTRL: Instruction again: 00100100010000110000000000001010, FUNCCODE: 001010
CTRL: Here is the RsDATA in andi =          0
CTRL: Here is the result = 4294966306
CTRL: Instruction again: 00100100010000110000000000001010, FUNCCODE: 001010
CTRL: Here is the RsDATA in andi =          0
CTRL: Here is the result =         10
FSM: FETCH
PC: not reset or halt
PC: current value before increment: bfc00008
CTRL: Here is the result =         10
CTRL: Read instruction at RAM address: bfc00008
CTRL: Here is the result =         10
CTRL: Read instruction at RAM address: bfc00008
CTRL: Here is the result =         10
CTRL: Read instruction at RAM address: bfc0000c
PC: not reset or halt
FSM: EXEC1
CTRL: RAM INFO DATA READ: 08000000
CTRL : instruction word: 00000008, opcode: 000000, funccode: 001000
RRRRRRRRRR type
DECODE: Decoding is done, enterring parameter assginment
CTRL: RAM INFO DATA READ: 08000000
CTRL : instruction word: 00000008, opcode: 000000, funccode: 001000
RRRRRRRRRR type
DECODE: Decoding is done, enterring parameter assginment
Detect JR in EXEC 1, Rs:  0
CTRL: RAM INFO DATA READ: 08000000
CTRL : instruction word: 00000008, opcode: 000000, funccode: 001000
RRRRRRRRRR type
DECODE: Decoding is done, enterring parameter assginment
Detect JR in EXEC 1, Rs:  0
CTRL: RAM INFO DATA READ: 08000000
CTRL : instruction word: 00000008, opcode: 000000, funccode: 001000
RRRRRRRRRR type
DECODE: Decoding is done, enterring parameter assginment
Detect JR in EXEC 1, Rs:  0
FSM: EXEC2
PC: not reset or halt
CTRL: Instruction again: 00000000000000000000000000001000, FUNCCODE: 001000
Arrived at jr: 00000000, Rs:  0
CTRL: Here is the result =          0
CTRL: Instruction again: 00000000000000000000000000001000, FUNCCODE: 001000
Arrived at jr: 00000000, Rs:  0
CTRL: Here is the result =          0
PC: not reset or halt
PC: current value before increment: bfc0000c
PC: In jump_r
FSM: FETCH
CTRL: Here is the result =          0
CTRL: Read instruction at RAM address: bfc0000c
CTRL: Here is the result =          0
CTRL: Read instruction at RAM address: bfc0000c
CTRL: Here is the result =          0
CTRL: Read instruction at RAM address: bfc00010
FSM: EXEC1
PC: not reset or halt
CTRL: RAM INFO DATA READ: 54006224
CTRL : instruction word: 24620054, opcode: 001001, funccode: 010100
IIIIIIIIII type
DECODE: Decoding is done, enterring parameter assginment
CTRL: RAM INFO DATA READ: 54006224
CTRL : instruction word: 24620054, opcode: 001001, funccode: 010100
IIIIIIIIII type
DECODE: Decoding is done, enterring parameter assginment
CTRL: INFO: ADDIU called
CTRL: INPUT INFO: Rs = 03 Rt = 02 Immediate = 0054 ALUCODE = 09 Rd = 03
PC: not reset or halt
FSM: EXEC2
CTRL: Instruction again: 00100100011000100000000001010100, FUNCCODE: 010100
CTRL: Here is the RsDATA in andi =          0
CTRL: Here is the result =          0
CTRL: Instruction again: 00100100011000100000000001010100, FUNCCODE: 010100
CTRL: Here is the RsDATA in andi =          0
CTRL: Here is the result =         84
CTRL: Instruction again: 00100100011000100000000001010100, FUNCCODE: 010100
CTRL: Here is the RsDATA in andi =         10
CTRL: Here is the result =         84
CTRL: Instruction again: 00100100011000100000000001010100, FUNCCODE: 010100
CTRL: Here is the RsDATA in andi =         10
CTRL: Here is the result =         94
FSM: FETCH
PC: not reset or halt
PC: current value before increment: bfc00010
PC: In r_delay: 00000000
CTRL: Here is the result =         94
CTRL: Read instruction at RAM address: bfc00010
CTRL: Here is the result =         94
CTRL: Read instruction at RAM address: bfc00010
CTRL: Here is the result =         94
CTRL: Read instruction at RAM address: 00000000
FSM: EXEC1
CTRL: RAM INFO DATA READ: 00000000
CTRL : instruction word: 00000000, opcode: 000000, funccode: 000000
RRRRRRRRRR type
DECODE: Decoding is done, enterring parameter assginment
CTRL: RAM INFO DATA READ: 00000000
CTRL : instruction word: 00000000, opcode: 000000, funccode: 000000
RRRRRRRRRR type
DECODE: Decoding is done, enterring parameter assginment
CTRL: SLL SHAMT 00, Instruction:00000000, FUNCCODE:000000
HHHHHHHHH ALU CODE 00
CTRL: RAM INFO DATA READ: 00000000
CTRL : instruction word: 00000000, opcode: 000000, funccode: 000000
RRRRRRRRRR type
DECODE: Decoding is done, enterring parameter assginment
CTRL: SLL SHAMT 00, Instruction:00000000, FUNCCODE:000000
HHHHHHHHH ALU CODE 00
CTRL: RAM INFO DATA READ: 00000000
CTRL : instruction word: 00000000, opcode: 000000, funccode: 000000
RRRRRRRRRR type
DECODE: Decoding is done, enterring parameter assginment
CTRL: SLL SHAMT 00, Instruction:00000000, FUNCCODE:000000
HHHHHHHHH ALU CODE 00
FSM: EXEC2
CTRL: Instruction again: 00000000000000000000000000000000, FUNCCODE: 000000
CTRL: INFO: Currently in the SLL statement
CTRL: Here is the result =         10
CTRL: Instruction again: 00000000000000000000000000000000, FUNCCODE: 000000
CTRL: INFO: Currently in the SLL statement
CTRL: Here is the result =         94
CTRL: Instruction again: 00000000000000000000000000000000, FUNCCODE: 000000
CTRL: INFO: Currently in the SLL statement
CTRL: Here is the result =         94
CTRL: Instruction again: 00000000000000000000000000000000, FUNCCODE: 000000
CTRL: INFO: Currently in the SLL statement
CTRL: Here is the result =          0
FSM: FETCH
CTRL: Here is the result =          0
CTRL: Read instruction at RAM address: 00000000
CTRL: Here is the result =          0
CTRL: Read instruction at RAM address: 00000000
FSM: HALT
TB : finished; running=0
TB : INFO : register_v0=0000005e
test/0-MIPS_tb_RAM/mips_cpu_bus_tb.v:97: $finish called at 21500 (10ps)
CPU : OUT   :         94
