RAM : INIT : Loading RAM contents from ./test/2-bin/2-conditionals/bltz_3.hex.txt
RAM : INIT : RAM contents at 00004e20 are: 25
RAM : INIT : RAM contents at 00004e21 are: 4a
RAM : INIT : RAM contents at 00004e22 are: ff
RAM : INIT : RAM contents at 00004e23 are: ff
RAM : INIT : RAM contents at 00004e24 are: 05
RAM : INIT : RAM contents at 00004e25 are: 40
RAM : INIT : RAM contents at 00004e26 are: 00
RAM : INIT : RAM contents at 00004e27 are: 03
RAM : INIT : RAM contents at 00004e28 are: 24
RAM : INIT : RAM contents at 00004e29 are: 02
RAM : INIT : RAM contents at 00004e2a are: 01
RAM : INIT : RAM contents at 00004e2b are: f4
RAM : INIT : RAM contents at 00004e2c are: 24
RAM : INIT : RAM contents at 00004e2d are: 42
RAM : INIT : RAM contents at 00004e2e are: 00
RAM : INIT : RAM contents at 00004e2f are: 50
RAM : INIT : RAM contents at 00004e30 are: 00
RAM : INIT : RAM contents at 00004e31 are: 42
RAM : INIT : RAM contents at 00004e32 are: 10
RAM : INIT : RAM contents at 00004e33 are: 21
RAM : INIT : RAM contents at 00004e34 are: 00
RAM : INIT : RAM contents at 00004e35 are: 00
RAM : INIT : RAM contents at 00004e36 are: 00
RAM : INIT : RAM contents at 00004e37 are: 08
RAM : INIT : RAM contents at 00004e38 are: 00
RAM : INIT : RAM contents at 00004e39 are: 00
RAM : INIT : RAM contents at 00004e3a are: 00
RAM : INIT : RAM contents at 00004e3b are: 00
RAM : INIT : RAM contents at 00004e3c are: 00
RAM : INIT : RAM contents at 00004e3d are: 00
PC: not reset or halt
FSM: FETCH
CTRL: Here is the result =          0
CTRL: Read instruction at RAM address: xxxxxxxx
FSM: EXEC1
TB : Reset is now low.
CTRL: RAM INFO DATA READ: 00000000
CTRL : instruction word: 00000000, opcode: 000000, funccode: 000000
RRRRRRRRRR type
DECODE: Decoding is done, enterring parameter assginment
CPU : INFO   : Resetting.
CTRL: RAM INFO DATA READ: 00000000
CTRL : instruction word: 00000000, opcode: 000000, funccode: 000000
RRRRRRRRRR type
DECODE: Decoding is done, enterring parameter assginment
CTRL: SLL SHAMT 00, Instruction:00000000, FUNCCODE:000000
HHHHHHHHH ALU CODE 00
CTRL: RAM INFO DATA READ: 00000000
CTRL : instruction word: 00000000, opcode: 000000, funccode: 000000
RRRRRRRRRR type
DECODE: Decoding is done, enterring parameter assginment
CTRL: SLL SHAMT 00, Instruction:00000000, FUNCCODE:000000
HHHHHHHHH ALU CODE 00
ALU: ALU input A:         x
ALU: ALU input B:         x
ALU: ALU opcode: 0
ALU: ALU r:         x
CTRL: RAM INFO DATA READ: 00000000
CTRL : instruction word: 00000000, opcode: 000000, funccode: 000000
RRRRRRRRRR type
DECODE: Decoding is done, enterring parameter assginment
CTRL: SLL SHAMT 00, Instruction:00000000, FUNCCODE:000000
HHHHHHHHH ALU CODE 00
PC: not reset or halt
FSM: FETCH
CTRL: Here is the result =          x
CTRL: Read instruction at RAM address: bfc00000
FSM: EXEC1
PC: not reset or halt
CTRL: RAM INFO DATA READ: ffff4a25
CTRL : instruction word: 254affff, opcode: 001001, funccode: 111111
IIIIIIIIII type
DECODE: Decoding is done, enterring parameter assginment
CTRL: RAM INFO DATA READ: ffff4a25
CTRL : instruction word: 254affff, opcode: 001001, funccode: 111111
IIIIIIIIII type
DECODE: Decoding is done, enterring parameter assginment
CTRL: INFO: ADDIU called
CTRL: INPUT INFO: Rs = 0a Rt = 0a Immediate = ffff ALUCODE = 09 Rd = 0a
PC: not reset or halt
FSM: EXEC2
CTRL: Instruction again: 00100101010010101111111111111111, FUNCCODE: 111111
CTRL: Here is the RsDATA in andi =          0
CTRL: Here is the result =          x
ALU: ALU input A:         0
ALU: ALU input B:4294967295
ALU: ALU opcode: 9
ALU: ALU r:4294967295
CTRL: Instruction again: 00100101010010101111111111111111, FUNCCODE: 111111
CTRL: Here is the RsDATA in andi =          0
CTRL: Here is the result = 4294967295
FSM: FETCH
PC: not reset or halt
PC: current value before increment: bfc00000
CTRL: Here is the result = 4294967295
CTRL: Read instruction at RAM address: bfc00000
CTRL: Here is the result = 4294967295
CTRL: Read instruction at RAM address: bfc00004
PC: not reset or halt
FSM: EXEC1
CTRL: RAM INFO DATA READ: 03004005
CTRL : instruction word: 05400003, opcode: 000001, funccode: 000011
IIIIIIIIII type
DECODE: Decoding is done, enterring parameter assginment
CTRL: RAM INFO DATA READ: 03004005
CTRL : instruction word: 05400003, opcode: 000001, funccode: 000011
IIIIIIIIII type
DECODE: Decoding is done, enterring parameter assginment
CTRL: RAM INFO DATA READ: 03004005
CTRL : instruction word: 05400003, opcode: 000001, funccode: 000011
IIIIIIIIII type
DECODE: Decoding is done, enterring parameter assginment
FSM: EXEC2
PC: not reset or halt
CTRL: Instruction again: 00000101010000000000000000000011, FUNCCODE: 000011
CTRL: Here is the result = 4294967295
CTRL: Instruction again: 00000101010000000000000000000011, FUNCCODE: 000011
CTRL: Here is the result = 4294967295
PC: not reset or halt
PC: current value before increment: bfc00004
FSM: FETCH
CTRL: Here is the result = 4294967295
CTRL: Read instruction at RAM address: bfc00004
CTRL: Here is the result = 4294967295
CTRL: Read instruction at RAM address: bfc00008
FSM: EXEC1
PC: not reset or halt
CTRL: RAM INFO DATA READ: f4010224
CTRL : instruction word: 240201f4, opcode: 001001, funccode: 110100
IIIIIIIIII type
DECODE: Decoding is done, enterring parameter assginment
CTRL: INFO: ADDIU called
CTRL: INPUT INFO: Rs = 00 Rt = 02 Immediate = 01f4 ALUCODE = 09 Rd = 00
CTRL: RAM INFO DATA READ: f4010224
CTRL : instruction word: 240201f4, opcode: 001001, funccode: 110100
IIIIIIIIII type
DECODE: Decoding is done, enterring parameter assginment
CTRL: INFO: ADDIU called
CTRL: INPUT INFO: Rs = 00 Rt = 02 Immediate = 01f4 ALUCODE = 09 Rd = 00
ALU: ALU input A:         0
ALU: ALU input B:4294967295
ALU: ALU opcode: 9
ALU: ALU r:4294967295
CTRL: RAM INFO DATA READ: f4010224
CTRL : instruction word: 240201f4, opcode: 001001, funccode: 110100
IIIIIIIIII type
DECODE: Decoding is done, enterring parameter assginment
CTRL: INFO: ADDIU called
CTRL: INPUT INFO: Rs = 00 Rt = 02 Immediate = 01f4 ALUCODE = 09 Rd = 00
PC: not reset or halt
FSM: EXEC2
CTRL: Instruction again: 00100100000000100000000111110100, FUNCCODE: 110100
CTRL: Here is the RsDATA in andi = 4294967295
CTRL: Here is the result = 4294967295
CTRL: Instruction again: 00100100000000100000000111110100, FUNCCODE: 110100
CTRL: Here is the RsDATA in andi = 4294967295
CTRL: Here is the result =        499
CTRL: Instruction again: 00100100000000100000000111110100, FUNCCODE: 110100
CTRL: Here is the RsDATA in andi =          0
CTRL: Here is the result =        499
CTRL: Instruction again: 00100100000000100000000111110100, FUNCCODE: 110100
CTRL: Here is the RsDATA in andi =          0
CTRL: Here is the result =        500
FSM: FETCH
PC: not reset or halt
PC: current value before increment: bfc00008
CTRL: Here is the result =        500
CTRL: Read instruction at RAM address: bfc00008
CTRL: Here is the result =        500
CTRL: Read instruction at RAM address: bfc0000c
PC: not reset or halt
FSM: EXEC1
CTRL: RAM INFO DATA READ: 50004224
CTRL : instruction word: 24420050, opcode: 001001, funccode: 010000
IIIIIIIIII type
DECODE: Decoding is done, enterring parameter assginment
CTRL: INFO: ADDIU called
CTRL: INPUT INFO: Rs = 02 Rt = 02 Immediate = 0050 ALUCODE = 09 Rd = 02
CTRL: RAM INFO DATA READ: 50004224
CTRL : instruction word: 24420050, opcode: 001001, funccode: 010000
IIIIIIIIII type
DECODE: Decoding is done, enterring parameter assginment
CTRL: INFO: ADDIU called
CTRL: INPUT INFO: Rs = 02 Rt = 02 Immediate = 0050 ALUCODE = 09 Rd = 02
CTRL: RAM INFO DATA READ: 50004224
CTRL : instruction word: 24420050, opcode: 001001, funccode: 010000
IIIIIIIIII type
DECODE: Decoding is done, enterring parameter assginment
CTRL: INFO: ADDIU called
CTRL: INPUT INFO: Rs = 02 Rt = 02 Immediate = 0050 ALUCODE = 09 Rd = 02
FSM: EXEC2
PC: not reset or halt
CTRL: Instruction again: 00100100010000100000000001010000, FUNCCODE: 010000
CTRL: Here is the RsDATA in andi =          0
CTRL: Here is the result =        500
CTRL: Instruction again: 00100100010000100000000001010000, FUNCCODE: 010000
CTRL: Here is the RsDATA in andi =          0
CTRL: Here is the result =         80
CTRL: Instruction again: 00100100010000100000000001010000, FUNCCODE: 010000
CTRL: Here is the RsDATA in andi =        500
CTRL: Here is the result =         80
CTRL: Instruction again: 00100100010000100000000001010000, FUNCCODE: 010000
CTRL: Here is the RsDATA in andi =        500
CTRL: Here is the result =        580
PC: not reset or halt
PC: current value before increment: bfc0000c
FSM: FETCH
CTRL: Here is the result =        580
CTRL: Read instruction at RAM address: bfc0000c
CTRL: Here is the result =        580
CTRL: Read instruction at RAM address: bfc00010
FSM: EXEC1
PC: not reset or halt
CTRL: RAM INFO DATA READ: 21104200
CTRL : instruction word: 00421021, opcode: 000000, funccode: 100001
RRRRRRRRRR type
DECODE: Decoding is done, enterring parameter assginment
CTRL: RAM INFO DATA READ: 21104200
CTRL : instruction word: 00421021, opcode: 000000, funccode: 100001
RRRRRRRRRR type
DECODE: Decoding is done, enterring parameter assginment
CTRL: RAM INFO DATA READ: 21104200
CTRL : instruction word: 00421021, opcode: 000000, funccode: 100001
RRRRRRRRRR type
DECODE: Decoding is done, enterring parameter assginment
PC: not reset or halt
FSM: EXEC2
CTRL: Instruction again: 00000000010000100001000000100001, FUNCCODE: 100001
CTRL: Here is the result =        580
CTRL: Instruction again: 00000000010000100001000000100001, FUNCCODE: 100001
CTRL: Here is the result =       1160
FSM: FETCH
PC: not reset or halt
PC: current value before increment: bfc00010
CTRL: Here is the result =       1160
CTRL: Read instruction at RAM address: bfc00010
CTRL: Here is the result =       1160
CTRL: Read instruction at RAM address: bfc00014
PC: not reset or halt
FSM: EXEC1
CTRL: RAM INFO DATA READ: 08000000
CTRL : instruction word: 00000008, opcode: 000000, funccode: 001000
RRRRRRRRRR type
DECODE: Decoding is done, enterring parameter assginment
Detect JR in EXEC 1, Rs:  0
CTRL: RAM INFO DATA READ: 08000000
CTRL : instruction word: 00000008, opcode: 000000, funccode: 001000
RRRRRRRRRR type
DECODE: Decoding is done, enterring parameter assginment
Detect JR in EXEC 1, Rs:  0
CTRL: RAM INFO DATA READ: 08000000
CTRL : instruction word: 00000008, opcode: 000000, funccode: 001000
RRRRRRRRRR type
DECODE: Decoding is done, enterring parameter assginment
Detect JR in EXEC 1, Rs:  0
CTRL: RAM INFO DATA READ: 08000000
CTRL : instruction word: 00000008, opcode: 000000, funccode: 001000
RRRRRRRRRR type
DECODE: Decoding is done, enterring parameter assginment
Detect JR in EXEC 1, Rs:  0
FSM: EXEC2
PC: not reset or halt
CTRL: Instruction again: 00000000000000000000000000001000, FUNCCODE: 001000
Arrived at jr: 00000488, Rs:  0
CTRL: Here is the result =          0
CTRL: Instruction again: 00000000000000000000000000001000, FUNCCODE: 001000
Arrived at jr: 00000000, Rs:  0
CTRL: Here is the result =          0
PC: not reset or halt
PC: current value before increment: bfc00014
PC: In jump_r
FSM: FETCH
CTRL: Here is the result =          0
CTRL: Read instruction at RAM address: bfc00014
CTRL: Here is the result =          0
CTRL: Read instruction at RAM address: bfc00018
FSM: EXEC1
PC: not reset or halt
CTRL: RAM INFO DATA READ: 00000000
CTRL : instruction word: 00000000, opcode: 000000, funccode: 000000
RRRRRRRRRR type
DECODE: Decoding is done, enterring parameter assginment
CTRL: SLL SHAMT 00, Instruction:00000000, FUNCCODE:000000
HHHHHHHHH ALU CODE 00
CTRL: RAM INFO DATA READ: 00000000
CTRL : instruction word: 00000000, opcode: 000000, funccode: 000000
RRRRRRRRRR type
DECODE: Decoding is done, enterring parameter assginment
CTRL: SLL SHAMT 00, Instruction:00000000, FUNCCODE:000000
HHHHHHHHH ALU CODE 00
PC: not reset or halt
FSM: EXEC2
CTRL: Instruction again: 00000000000000000000000000000000, FUNCCODE: 000000
CTRL: INFO: Currently in the SLL statement
CTRL: Here is the result =          0
FSM: FETCH
PC: not reset or halt
PC: current value before increment: bfc00018
PC: In r_delay: 00000000
CTRL: Here is the result =          0
CTRL: Read instruction at RAM address: bfc00018
CTRL: Here is the result =          0
CTRL: Read instruction at RAM address: 00000000
FSM: EXEC1
CTRL: RAM INFO DATA READ: 00000000
CTRL : instruction word: 00000000, opcode: 000000, funccode: 000000
RRRRRRRRRR type
DECODE: Decoding is done, enterring parameter assginment
CTRL: SLL SHAMT 00, Instruction:00000000, FUNCCODE:000000
HHHHHHHHH ALU CODE 00
FSM: EXEC2
CTRL: Instruction again: 00000000000000000000000000000000, FUNCCODE: 000000
CTRL: INFO: Currently in the SLL statement
CTRL: Here is the result =          0
FSM: FETCH
CTRL: Here is the result =          0
CTRL: Read instruction at RAM address: 00000000
FSM: HALT
TB : finished; running=0
TB : INFO : register_v0=00000488
test/0-MIPS_tb_RAM/mips_cpu_bus_tb.v:97: $finish called at 27500 (10ps)
CPU : OUT   :       1160
