RAM : INIT : Loading RAM contents from ./test/2-bin/2-conditionals/bgtz_3.hex.txt
RAM : INIT : RAM contents at 00004e20 are: 24
RAM : INIT : RAM contents at 00004e21 are: 63
RAM : INIT : RAM contents at 00004e22 are: 00
RAM : INIT : RAM contents at 00004e23 are: 00
RAM : INIT : RAM contents at 00004e24 are: 1c
RAM : INIT : RAM contents at 00004e25 are: 60
RAM : INIT : RAM contents at 00004e26 are: 00
RAM : INIT : RAM contents at 00004e27 are: 04
RAM : INIT : RAM contents at 00004e28 are: 24
RAM : INIT : RAM contents at 00004e29 are: 63
RAM : INIT : RAM contents at 00004e2a are: 00
RAM : INIT : RAM contents at 00004e2b are: 0a
RAM : INIT : RAM contents at 00004e2c are: 24
RAM : INIT : RAM contents at 00004e2d are: 42
RAM : INIT : RAM contents at 00004e2e are: 00
RAM : INIT : RAM contents at 00004e2f are: 0c
RAM : INIT : RAM contents at 00004e30 are: 1c
RAM : INIT : RAM contents at 00004e31 are: 60
RAM : INIT : RAM contents at 00004e32 are: ff
RAM : INIT : RAM contents at 00004e33 are: fc
RAM : INIT : RAM contents at 00004e34 are: 00
RAM : INIT : RAM contents at 00004e35 are: 43
RAM : INIT : RAM contents at 00004e36 are: 10
RAM : INIT : RAM contents at 00004e37 are: 21
RAM : INIT : RAM contents at 00004e38 are: 00
RAM : INIT : RAM contents at 00004e39 are: 00
RAM : INIT : RAM contents at 00004e3a are: 00
RAM : INIT : RAM contents at 00004e3b are: 08
RAM : INIT : RAM contents at 00004e3c are: 00
RAM : INIT : RAM contents at 00004e3d are: 00
PC: not reset or halt, updatePC: x
FSM: FETCH
CTRL: Here is the result =          0
CTRL: Read instruction at RAM address: xxxxxxxx
FSM: EXEC1
TB : Reset is now low.
CTRL: RAM INFO DATA READ: 00000000
CTRL : instruction word: 00000000, opcode: 000000, funccode: 000000
RRRRRRRRRR type
DECODE: Decoding is done, enterring parameter assginment
CPU : INFO   : Resetting.
CTRL: RAM INFO DATA READ: 00000000
CTRL : instruction word: 00000000, opcode: 000000, funccode: 000000
RRRRRRRRRR type
DECODE: Decoding is done, enterring parameter assginment
CTRL: SLL SHAMT 00, Instruction:00000000, FUNCCODE:000000
HHHHHHHHH ALU CODE 00
CTRL: RAM INFO DATA READ: 00000000
CTRL : instruction word: 00000000, opcode: 000000, funccode: 000000
RRRRRRRRRR type
DECODE: Decoding is done, enterring parameter assginment
CTRL: SLL SHAMT 00, Instruction:00000000, FUNCCODE:000000
HHHHHHHHH ALU CODE 00
ALU: ALU input A:         x
ALU: ALU input B:         x
ALU: ALU opcode: 0
ALU: ALU r:         x
CTRL: RAM INFO DATA READ: 00000000
CTRL : instruction word: 00000000, opcode: 000000, funccode: 000000
RRRRRRRRRR type
DECODE: Decoding is done, enterring parameter assginment
CTRL: SLL SHAMT 00, Instruction:00000000, FUNCCODE:000000
HHHHHHHHH ALU CODE 00
PC: not reset or halt, updatePC: 0
FSM: FETCH
CTRL: Here is the result =          x
CTRL: Read instruction at RAM address: bfc00000
CTRL: Here is the result =          x
CTRL: Read instruction at RAM address: bfc00000
FSM: EXEC1
PC: not reset or halt, updatePC: 0
CTRL: RAM INFO DATA READ: 00006324
CTRL : instruction word: 24630000, opcode: 001001, funccode: 000000
IIIIIIIIII type
DECODE: Decoding is done, enterring parameter assginment
CTRL: SLL SHAMT 00, Instruction:24630000, FUNCCODE:000000
HHHHHHHHH ALU CODE 00
CTRL: RAM INFO DATA READ: 00006324
CTRL : instruction word: 24630000, opcode: 001001, funccode: 000000
IIIIIIIIII type
DECODE: Decoding is done, enterring parameter assginment
CTRL: INFO: ADDIU called
CTRL: INPUT INFO: Rs = 03 Rt = 03 Immediate = 0000 ALUCODE = 09 Rd = 03
PC: not reset or halt, updatePC: 0
FSM: EXEC2
CTRL: Instruction again: 00100100011000110000000000000000, FUNCCODE: 000000
CTRL: Here is the RsDATA in andi =          0
CTRL: Here is the result =          x
CTRL: Instruction again: 00100100011000110000000000000000, FUNCCODE: 000000
CTRL: Here is the RsDATA in andi =          0
CTRL: Here is the result =          0
FSM: FETCH
PC: not reset or halt, updatePC: 1
PC: current value before increment: bfc00000
CTRL: Here is the result =          0
CTRL: Read instruction at RAM address: bfc00000
CTRL: Here is the result =          0
CTRL: Read instruction at RAM address: bfc00000
CTRL: Here is the result =          0
CTRL: Read instruction at RAM address: bfc00004
PC: not reset or halt, updatePC: 0
FSM: EXEC1
CTRL: RAM INFO DATA READ: 0400601c
CTRL : instruction word: 1c600004, opcode: 000111, funccode: 000100
IIIIIIIIII type
DECODE: Decoding is done, enterring parameter assginment
CTRL: RAM INFO DATA READ: 0400601c
CTRL : instruction word: 1c600004, opcode: 000111, funccode: 000100
IIIIIIIIII type
DECODE: Decoding is done, enterring parameter assginment
FSM: EXEC2
PC: not reset or halt, updatePC: 0
CTRL: Instruction again: 00011100011000000000000000000100, FUNCCODE: 000100
CTRL: Here is the result =          0
PC: not reset or halt, updatePC: 1
PC: current value before increment: bfc00004
FSM: FETCH
CTRL: Here is the result =          0
CTRL: Read instruction at RAM address: bfc00004
CTRL: Here is the result =          0
CTRL: Read instruction at RAM address: bfc00004
CTRL: Here is the result =          0
CTRL: Read instruction at RAM address: bfc00008
FSM: EXEC1
PC: not reset or halt, updatePC: 0
CTRL: RAM INFO DATA READ: 0a006324
CTRL : instruction word: 2463000a, opcode: 001001, funccode: 001010
IIIIIIIIII type
DECODE: Decoding is done, enterring parameter assginment
CTRL: INFO: ADDIU called
CTRL: INPUT INFO: Rs = 03 Rt = 03 Immediate = 000a ALUCODE = 09 Rd = 03
CTRL: RAM INFO DATA READ: 0a006324
CTRL : instruction word: 2463000a, opcode: 001001, funccode: 001010
IIIIIIIIII type
DECODE: Decoding is done, enterring parameter assginment
CTRL: INFO: ADDIU called
CTRL: INPUT INFO: Rs = 03 Rt = 03 Immediate = 000a ALUCODE = 09 Rd = 03
PC: not reset or halt, updatePC: 0
FSM: EXEC2
CTRL: Instruction again: 00100100011000110000000000001010, FUNCCODE: 001010
CTRL: Here is the RsDATA in andi =          0
CTRL: Here is the result =          0
CTRL: Instruction again: 00100100011000110000000000001010, FUNCCODE: 001010
CTRL: Here is the RsDATA in andi =          0
CTRL: Here is the result =         10
FSM: FETCH
PC: not reset or halt, updatePC: 1
PC: current value before increment: bfc00008
CTRL: Here is the result =         10
CTRL: Read instruction at RAM address: bfc00008
CTRL: Here is the result =         10
CTRL: Read instruction at RAM address: bfc00008
CTRL: Here is the result =         10
CTRL: Read instruction at RAM address: bfc0000c
PC: not reset or halt, updatePC: 0
FSM: EXEC1
CTRL: RAM INFO DATA READ: 0c004224
CTRL : instruction word: 2442000c, opcode: 001001, funccode: 001100
IIIIIIIIII type
DECODE: Decoding is done, enterring parameter assginment
CTRL: INFO: ADDIU called
CTRL: INPUT INFO: Rs = 02 Rt = 02 Immediate = 000c ALUCODE = 09 Rd = 02
CTRL: RAM INFO DATA READ: 0c004224
CTRL : instruction word: 2442000c, opcode: 001001, funccode: 001100
IIIIIIIIII type
DECODE: Decoding is done, enterring parameter assginment
CTRL: INFO: ADDIU called
CTRL: INPUT INFO: Rs = 02 Rt = 02 Immediate = 000c ALUCODE = 09 Rd = 02
CTRL: RAM INFO DATA READ: 0c004224
CTRL : instruction word: 2442000c, opcode: 001001, funccode: 001100
IIIIIIIIII type
DECODE: Decoding is done, enterring parameter assginment
CTRL: INFO: ADDIU called
CTRL: INPUT INFO: Rs = 02 Rt = 02 Immediate = 000c ALUCODE = 09 Rd = 02
FSM: EXEC2
PC: not reset or halt, updatePC: 0
CTRL: Instruction again: 00100100010000100000000000001100, FUNCCODE: 001100
CTRL: Here is the RsDATA in andi =         10
CTRL: Here is the result =         10
CTRL: Instruction again: 00100100010000100000000000001100, FUNCCODE: 001100
CTRL: Here is the RsDATA in andi =         10
CTRL: Here is the result =         22
CTRL: Instruction again: 00100100010000100000000000001100, FUNCCODE: 001100
CTRL: Here is the RsDATA in andi =          0
CTRL: Here is the result =         22
CTRL: Instruction again: 00100100010000100000000000001100, FUNCCODE: 001100
CTRL: Here is the RsDATA in andi =          0
CTRL: Here is the result =         12
PC: not reset or halt, updatePC: 1
PC: current value before increment: bfc0000c
FSM: FETCH
CTRL: Here is the result =         12
CTRL: Read instruction at RAM address: bfc0000c
CTRL: Here is the result =         12
CTRL: Read instruction at RAM address: bfc0000c
CTRL: Here is the result =         12
CTRL: Read instruction at RAM address: bfc00010
FSM: EXEC1
PC: not reset or halt, updatePC: 0
CTRL: RAM INFO DATA READ: fcff601c
CTRL : instruction word: 1c60fffc, opcode: 000111, funccode: 111100
IIIIIIIIII type
DECODE: Decoding is done, enterring parameter assginment
CTRL: RAM INFO DATA READ: fcff601c
CTRL : instruction word: 1c60fffc, opcode: 000111, funccode: 111100
IIIIIIIIII type
DECODE: Decoding is done, enterring parameter assginment
CTRL: RAM INFO DATA READ: fcff601c
CTRL : instruction word: 1c60fffc, opcode: 000111, funccode: 111100
IIIIIIIIII type
DECODE: Decoding is done, enterring parameter assginment
PC: not reset or halt, updatePC: 0
FSM: EXEC2
CTRL: Instruction again: 00011100011000001111111111111100, FUNCCODE: 111100
CTRL: Here is the result =         12
CTRL: Instruction again: 00011100011000001111111111111100, FUNCCODE: 111100
CTRL: Here is the result =         12
FSM: FETCH
PC: not reset or halt, updatePC: 1
PC: current value before increment: bfc00010
CTRL: Here is the result =         12
CTRL: Read instruction at RAM address: bfc00010
CTRL: Here is the result =         12
CTRL: Read instruction at RAM address: bfc00010
CTRL: Here is the result =         12
CTRL: Read instruction at RAM address: bfc00014
PC: not reset or halt, updatePC: 0
FSM: EXEC1
CTRL: RAM INFO DATA READ: 21104300
CTRL : instruction word: 00431021, opcode: 000000, funccode: 100001
RRRRRRRRRR type
DECODE: Decoding is done, enterring parameter assginment
CTRL: RAM INFO DATA READ: 21104300
CTRL : instruction word: 00431021, opcode: 000000, funccode: 100001
RRRRRRRRRR type
DECODE: Decoding is done, enterring parameter assginment
CTRL: RAM INFO DATA READ: 21104300
CTRL : instruction word: 00431021, opcode: 000000, funccode: 100001
RRRRRRRRRR type
DECODE: Decoding is done, enterring parameter assginment
CTRL: RAM INFO DATA READ: 21104300
CTRL : instruction word: 00431021, opcode: 000000, funccode: 100001
RRRRRRRRRR type
DECODE: Decoding is done, enterring parameter assginment
FSM: EXEC2
PC: not reset or halt, updatePC: 0
CTRL: Instruction again: 00000000010000110001000000100001, FUNCCODE: 100001
CTRL: Here is the result =         12
CTRL: Instruction again: 00000000010000110001000000100001, FUNCCODE: 100001
CTRL: Here is the result =         10
CTRL: Instruction again: 00000000010000110001000000100001, FUNCCODE: 100001
CTRL: Here is the result =         10
CTRL: Instruction again: 00000000010000110001000000100001, FUNCCODE: 100001
CTRL: Here is the result =         22
PC: not reset or halt, updatePC: 1
PC: current value before increment: bfc00014
FSM: FETCH
CTRL: Here is the result =         22
CTRL: Read instruction at RAM address: bfc00014
CTRL: Here is the result =         22
CTRL: Read instruction at RAM address: bfc00014
CTRL: Here is the result =         22
CTRL: Read instruction at RAM address: bfc00018
FSM: EXEC1
PC: not reset or halt, updatePC: 0
CTRL: RAM INFO DATA READ: 08000000
CTRL : instruction word: 00000008, opcode: 000000, funccode: 001000
RRRRRRRRRR type
DECODE: Decoding is done, enterring parameter assginment
Detect JR in EXEC 1, Rs:  0
CTRL: RAM INFO DATA READ: 08000000
CTRL : instruction word: 00000008, opcode: 000000, funccode: 001000
RRRRRRRRRR type
DECODE: Decoding is done, enterring parameter assginment
Detect JR in EXEC 1, Rs:  0
CTRL: RAM INFO DATA READ: 08000000
CTRL : instruction word: 00000008, opcode: 000000, funccode: 001000
RRRRRRRRRR type
DECODE: Decoding is done, enterring parameter assginment
Detect JR in EXEC 1, Rs:  0
CTRL: RAM INFO DATA READ: 08000000
CTRL : instruction word: 00000008, opcode: 000000, funccode: 001000
RRRRRRRRRR type
DECODE: Decoding is done, enterring parameter assginment
Detect JR in EXEC 1, Rs:  0
PC: not reset or halt, updatePC: 0
FSM: EXEC2
CTRL: Instruction again: 00000000000000000000000000001000, FUNCCODE: 001000
Arrived at jr: 00000016, Rs:  0
CTRL: Here is the result =          0
CTRL: Instruction again: 00000000000000000000000000001000, FUNCCODE: 001000
Arrived at jr: 00000000, Rs:  0
CTRL: Here is the result =          0
FSM: FETCH
PC: not reset or halt, updatePC: 1
PC: current value before increment: bfc00018
PC: In jump_r
CTRL: Here is the result =          0
CTRL: Read instruction at RAM address: bfc00018
CTRL: Here is the result =          0
CTRL: Read instruction at RAM address: bfc00018
CTRL: Here is the result =          0
CTRL: Read instruction at RAM address: bfc0001c
PC: not reset or halt, updatePC: 0
FSM: EXEC1
CTRL: RAM INFO DATA READ: 00000000
CTRL : instruction word: 00000000, opcode: 000000, funccode: 000000
RRRRRRRRRR type
DECODE: Decoding is done, enterring parameter assginment
CTRL: SLL SHAMT 00, Instruction:00000000, FUNCCODE:000000
HHHHHHHHH ALU CODE 00
CTRL: RAM INFO DATA READ: 00000000
CTRL : instruction word: 00000000, opcode: 000000, funccode: 000000
RRRRRRRRRR type
DECODE: Decoding is done, enterring parameter assginment
CTRL: SLL SHAMT 00, Instruction:00000000, FUNCCODE:000000
HHHHHHHHH ALU CODE 00
FSM: EXEC2
PC: not reset or halt, updatePC: 0
CTRL: Instruction again: 00000000000000000000000000000000, FUNCCODE: 000000
CTRL: INFO: Currently in the SLL statement
CTRL: Here is the result =          0
PC: not reset or halt, updatePC: 1
PC: current value before increment: bfc0001c
PC: In r_delay: 00000000
FSM: FETCH
CTRL: Here is the result =          0
CTRL: Read instruction at RAM address: bfc0001c
CTRL: Here is the result =          0
CTRL: Read instruction at RAM address: bfc0001c
CTRL: Here is the result =          0
CTRL: Read instruction at RAM address: 00000000
FSM: EXEC1
CTRL: RAM INFO DATA READ: 00000000
CTRL : instruction word: 00000000, opcode: 000000, funccode: 000000
RRRRRRRRRR type
DECODE: Decoding is done, enterring parameter assginment
CTRL: SLL SHAMT 00, Instruction:00000000, FUNCCODE:000000
HHHHHHHHH ALU CODE 00
CTRL: RAM INFO DATA READ: 00000000
CTRL : instruction word: 00000000, opcode: 000000, funccode: 000000
RRRRRRRRRR type
DECODE: Decoding is done, enterring parameter assginment
CTRL: SLL SHAMT 00, Instruction:00000000, FUNCCODE:000000
HHHHHHHHH ALU CODE 00
FSM: EXEC2
CTRL: Instruction again: 00000000000000000000000000000000, FUNCCODE: 000000
CTRL: INFO: Currently in the SLL statement
CTRL: Here is the result =          0
FSM: FETCH
CTRL: Here is the result =          0
CTRL: Read instruction at RAM address: 00000000
CTRL: Here is the result =          0
CTRL: Read instruction at RAM address: 00000000
FSM: HALT
FSM: HALT
TB : finished; running=0
TB : INFO : register_v0=00000016
test/0-MIPS_tb_RAM/mips_cpu_bus_tb.v:97: $finish called at 31500 (10ps)
CPU : OUT   :         22
