RAM : INIT : Loading RAM contents from ./test/2-bin/2-conditionals/bgez_3.hex.txt
RAM : INIT : RAM contents at 00004e20 are: 06
RAM : INIT : RAM contents at 00004e21 are: c1
RAM : INIT : RAM contents at 00004e22 are: 00
RAM : INIT : RAM contents at 00004e23 are: 03
RAM : INIT : RAM contents at 00004e24 are: 24
RAM : INIT : RAM contents at 00004e25 are: 16
RAM : INIT : RAM contents at 00004e26 are: 00
RAM : INIT : RAM contents at 00004e27 are: 4d
RAM : INIT : RAM contents at 00004e28 are: 26
RAM : INIT : RAM contents at 00004e29 are: c2
RAM : INIT : RAM contents at 00004e2a are: 00
RAM : INIT : RAM contents at 00004e2b are: 0e
RAM : INIT : RAM contents at 00004e2c are: 00
RAM : INIT : RAM contents at 00004e2d are: 56
RAM : INIT : RAM contents at 00004e2e are: 10
RAM : INIT : RAM contents at 00004e2f are: 21
RAM : INIT : RAM contents at 00004e30 are: 00
RAM : INIT : RAM contents at 00004e31 are: 00
RAM : INIT : RAM contents at 00004e32 are: 00
RAM : INIT : RAM contents at 00004e33 are: 08
RAM : INIT : RAM contents at 00004e34 are: 00
RAM : INIT : RAM contents at 00004e35 are: 00
RAM : INIT : RAM contents at 00004e36 are: 00
RAM : INIT : RAM contents at 00004e37 are: 00
RAM : INIT : RAM contents at 00004e38 are: 00
RAM : INIT : RAM contents at 00004e39 are: 00
RAM : INIT : RAM contents at 00004e3a are: 00
RAM : INIT : RAM contents at 00004e3b are: 00
RAM : INIT : RAM contents at 00004e3c are: 00
RAM : INIT : RAM contents at 00004e3d are: 00
PC: not reset or halt, updatePC: x
FSM: FETCH
CTRL: Here is the result =          0
CTRL: Read instruction at RAM address: xxxxxxxx
FSM: EXEC1
TB : Reset is now low.
CTRL: RAM INFO DATA READ: 00000000
CTRL : instruction word: 00000000, opcode: 000000, funccode: 000000
RRRRRRRRRR type
DECODE: Decoding is done, enterring parameter assginment
CPU : INFO   : Resetting.
CTRL: RAM INFO DATA READ: 00000000
CTRL : instruction word: 00000000, opcode: 000000, funccode: 000000
RRRRRRRRRR type
DECODE: Decoding is done, enterring parameter assginment
CTRL: SLL SHAMT 00, Instruction:00000000, FUNCCODE:000000
HHHHHHHHH ALU CODE 00
CTRL: RAM INFO DATA READ: 00000000
CTRL : instruction word: 00000000, opcode: 000000, funccode: 000000
RRRRRRRRRR type
DECODE: Decoding is done, enterring parameter assginment
CTRL: SLL SHAMT 00, Instruction:00000000, FUNCCODE:000000
HHHHHHHHH ALU CODE 00
ALU: ALU input A:         x
ALU: ALU input B:         x
ALU: ALU opcode: 0
ALU: ALU r:         x
CTRL: RAM INFO DATA READ: 00000000
CTRL : instruction word: 00000000, opcode: 000000, funccode: 000000
RRRRRRRRRR type
DECODE: Decoding is done, enterring parameter assginment
CTRL: SLL SHAMT 00, Instruction:00000000, FUNCCODE:000000
HHHHHHHHH ALU CODE 00
PC: not reset or halt, updatePC: 0
FSM: FETCH
CTRL: Here is the result =          x
CTRL: Read instruction at RAM address: bfc00000
CTRL: Here is the result =          x
CTRL: Read instruction at RAM address: bfc00000
FSM: EXEC1
PC: not reset or halt, updatePC: 0
CTRL: RAM INFO DATA READ: 0300c106
CTRL : instruction word: 06c10003, opcode: 000001, funccode: 000011
IIIIIIIIII type
DECODE: Decoding is done, enterring parameter assginment
CTRL: SLL SHAMT 00, Instruction:06c10003, FUNCCODE:000011
HHHHHHHHH ALU CODE 03
CTRL: RAM INFO DATA READ: 0300c106
CTRL : instruction word: 06c10003, opcode: 000001, funccode: 000011
IIIIIIIIII type
DECODE: Decoding is done, enterring parameter assginment
PC: not reset or halt, updatePC: 0
FSM: EXEC2
CTRL: Instruction again: 00000110110000010000000000000011, FUNCCODE: 000011
CTRL: Here is the result =          x
FSM: FETCH
PC: not reset or halt, updatePC: 1
PC: current value before increment: bfc00000
CTRL: Here is the result =          x
CTRL: Read instruction at RAM address: bfc00000
CTRL: Here is the result =          x
CTRL: Read instruction at RAM address: bfc00000
CTRL: Here is the result =          x
CTRL: Read instruction at RAM address: bfc00004
PC: not reset or halt, updatePC: 0
FSM: EXEC1
CTRL: RAM INFO DATA READ: 4d001624
CTRL : instruction word: 2416004d, opcode: 001001, funccode: 001101
IIIIIIIIII type
DECODE: Decoding is done, enterring parameter assginment
CTRL: INFO: ADDIU called
CTRL: INPUT INFO: Rs = 00 Rt = 16 Immediate = 004d ALUCODE = 09 Rd = 00
CTRL: RAM INFO DATA READ: 4d001624
CTRL : instruction word: 2416004d, opcode: 001001, funccode: 001101
IIIIIIIIII type
DECODE: Decoding is done, enterring parameter assginment
CTRL: INFO: ADDIU called
CTRL: INPUT INFO: Rs = 00 Rt = 16 Immediate = 004d ALUCODE = 09 Rd = 00
ALU: ALU input A:         x
ALU: ALU input B:         x
ALU: ALU opcode: 9
ALU: ALU r:         x
CTRL: RAM INFO DATA READ: 4d001624
CTRL : instruction word: 2416004d, opcode: 001001, funccode: 001101
IIIIIIIIII type
DECODE: Decoding is done, enterring parameter assginment
CTRL: INFO: ADDIU called
CTRL: INPUT INFO: Rs = 00 Rt = 16 Immediate = 004d ALUCODE = 09 Rd = 00
FSM: EXEC2
PC: not reset or halt, updatePC: 0
CTRL: Instruction again: 00100100000101100000000001001101, FUNCCODE: 001101
CTRL: Here is the RsDATA in andi =          0
CTRL: Here is the result =          x
ALU: ALU input A:         0
ALU: ALU input B:        77
ALU: ALU opcode: 9
ALU: ALU r:        77
CTRL: Instruction again: 00100100000101100000000001001101, FUNCCODE: 001101
CTRL: Here is the RsDATA in andi =          0
CTRL: Here is the result =         77
PC: not reset or halt, updatePC: 1
PC: current value before increment: bfc00004
FSM: FETCH
CTRL: Here is the result =         77
CTRL: Read instruction at RAM address: bfc00004
CTRL: Here is the result =         77
CTRL: Read instruction at RAM address: bfc00004
CTRL: Here is the result =         77
CTRL: Read instruction at RAM address: bfc00008
FSM: EXEC1
PC: not reset or halt, updatePC: 0
CTRL: RAM INFO DATA READ: 0e00c226
CTRL : instruction word: 26c2000e, opcode: 001001, funccode: 001110
IIIIIIIIII type
DECODE: Decoding is done, enterring parameter assginment
CTRL: INFO: ADDIU called
CTRL: INPUT INFO: Rs = 16 Rt = 02 Immediate = 000e ALUCODE = 09 Rd = 16
CTRL: RAM INFO DATA READ: 0e00c226
CTRL : instruction word: 26c2000e, opcode: 001001, funccode: 001110
IIIIIIIIII type
DECODE: Decoding is done, enterring parameter assginment
CTRL: INFO: ADDIU called
CTRL: INPUT INFO: Rs = 16 Rt = 02 Immediate = 000e ALUCODE = 09 Rd = 16
CTRL: RAM INFO DATA READ: 0e00c226
CTRL : instruction word: 26c2000e, opcode: 001001, funccode: 001110
IIIIIIIIII type
DECODE: Decoding is done, enterring parameter assginment
CTRL: INFO: ADDIU called
CTRL: INPUT INFO: Rs = 16 Rt = 02 Immediate = 000e ALUCODE = 09 Rd = 16
PC: not reset or halt, updatePC: 0
FSM: EXEC2
CTRL: Instruction again: 00100110110000100000000000001110, FUNCCODE: 001110
CTRL: Here is the RsDATA in andi =          0
CTRL: Here is the result =         77
CTRL: Instruction again: 00100110110000100000000000001110, FUNCCODE: 001110
CTRL: Here is the RsDATA in andi =          0
CTRL: Here is the result =         14
CTRL: Instruction again: 00100110110000100000000000001110, FUNCCODE: 001110
CTRL: Here is the RsDATA in andi =         77
CTRL: Here is the result =         14
ALU: ALU input A:        77
ALU: ALU input B:        14
ALU: ALU opcode: 9
ALU: ALU r:        91
CTRL: Instruction again: 00100110110000100000000000001110, FUNCCODE: 001110
CTRL: Here is the RsDATA in andi =         77
CTRL: Here is the result =         91
FSM: FETCH
PC: not reset or halt, updatePC: 1
PC: current value before increment: bfc00008
CTRL: Here is the result =         91
CTRL: Read instruction at RAM address: bfc00008
CTRL: Here is the result =         91
CTRL: Read instruction at RAM address: bfc00008
CTRL: Here is the result =         91
CTRL: Read instruction at RAM address: bfc0000c
PC: not reset or halt, updatePC: 0
FSM: EXEC1
CTRL: RAM INFO DATA READ: 21105600
CTRL : instruction word: 00561021, opcode: 000000, funccode: 100001
RRRRRRRRRR type
DECODE: Decoding is done, enterring parameter assginment
CTRL: RAM INFO DATA READ: 21105600
CTRL : instruction word: 00561021, opcode: 000000, funccode: 100001
RRRRRRRRRR type
DECODE: Decoding is done, enterring parameter assginment
CTRL: RAM INFO DATA READ: 21105600
CTRL : instruction word: 00561021, opcode: 000000, funccode: 100001
RRRRRRRRRR type
DECODE: Decoding is done, enterring parameter assginment
FSM: EXEC2
PC: not reset or halt, updatePC: 0
CTRL: Instruction again: 00000000010101100001000000100001, FUNCCODE: 100001
CTRL: Here is the result =         91
CTRL: Instruction again: 00000000010101100001000000100001, FUNCCODE: 100001
CTRL: Here is the result =        168
CTRL: Instruction again: 00000000010101100001000000100001, FUNCCODE: 100001
CTRL: Here is the result =        168
PC: not reset or halt, updatePC: 1
PC: current value before increment: bfc0000c
FSM: FETCH
CTRL: Here is the result =        168
CTRL: Read instruction at RAM address: bfc0000c
CTRL: Here is the result =        168
CTRL: Read instruction at RAM address: bfc0000c
CTRL: Here is the result =        168
CTRL: Read instruction at RAM address: bfc00010
FSM: EXEC1
PC: not reset or halt, updatePC: 0
CTRL: RAM INFO DATA READ: 08000000
CTRL : instruction word: 00000008, opcode: 000000, funccode: 001000
RRRRRRRRRR type
DECODE: Decoding is done, enterring parameter assginment
Detect JR in EXEC 1, Rs:  0
CTRL: RAM INFO DATA READ: 08000000
CTRL : instruction word: 00000008, opcode: 000000, funccode: 001000
RRRRRRRRRR type
DECODE: Decoding is done, enterring parameter assginment
Detect JR in EXEC 1, Rs:  0
CTRL: RAM INFO DATA READ: 08000000
CTRL : instruction word: 00000008, opcode: 000000, funccode: 001000
RRRRRRRRRR type
DECODE: Decoding is done, enterring parameter assginment
Detect JR in EXEC 1, Rs:  0
CTRL: RAM INFO DATA READ: 08000000
CTRL : instruction word: 00000008, opcode: 000000, funccode: 001000
RRRRRRRRRR type
DECODE: Decoding is done, enterring parameter assginment
Detect JR in EXEC 1, Rs:  0
PC: not reset or halt, updatePC: 0
FSM: EXEC2
CTRL: Instruction again: 00000000000000000000000000001000, FUNCCODE: 001000
Arrived at jr: 000000a8, Rs:  0
CTRL: Here is the result =          0
CTRL: Instruction again: 00000000000000000000000000001000, FUNCCODE: 001000
Arrived at jr: 00000000, Rs:  0
CTRL: Here is the result =          0
FSM: FETCH
PC: not reset or halt, updatePC: 1
PC: current value before increment: bfc00010
PC: In jump_r
CTRL: Here is the result =          0
CTRL: Read instruction at RAM address: bfc00010
CTRL: Here is the result =          0
CTRL: Read instruction at RAM address: bfc00010
CTRL: Here is the result =          0
CTRL: Read instruction at RAM address: bfc00014
PC: not reset or halt, updatePC: 0
FSM: EXEC1
CTRL: RAM INFO DATA READ: 00000000
CTRL : instruction word: 00000000, opcode: 000000, funccode: 000000
RRRRRRRRRR type
DECODE: Decoding is done, enterring parameter assginment
CTRL: SLL SHAMT 00, Instruction:00000000, FUNCCODE:000000
HHHHHHHHH ALU CODE 00
CTRL: RAM INFO DATA READ: 00000000
CTRL : instruction word: 00000000, opcode: 000000, funccode: 000000
RRRRRRRRRR type
DECODE: Decoding is done, enterring parameter assginment
CTRL: SLL SHAMT 00, Instruction:00000000, FUNCCODE:000000
HHHHHHHHH ALU CODE 00
FSM: EXEC2
PC: not reset or halt, updatePC: 0
CTRL: Instruction again: 00000000000000000000000000000000, FUNCCODE: 000000
CTRL: INFO: Currently in the SLL statement
CTRL: Here is the result =          0
PC: not reset or halt, updatePC: 1
PC: current value before increment: bfc00014
PC: In r_delay: 00000000
FSM: FETCH
CTRL: Here is the result =          0
CTRL: Read instruction at RAM address: bfc00014
CTRL: Here is the result =          0
CTRL: Read instruction at RAM address: bfc00014
CTRL: Here is the result =          0
CTRL: Read instruction at RAM address: 00000000
FSM: EXEC1
CTRL: RAM INFO DATA READ: 00000000
CTRL : instruction word: 00000000, opcode: 000000, funccode: 000000
RRRRRRRRRR type
DECODE: Decoding is done, enterring parameter assginment
CTRL: SLL SHAMT 00, Instruction:00000000, FUNCCODE:000000
HHHHHHHHH ALU CODE 00
CTRL: RAM INFO DATA READ: 00000000
CTRL : instruction word: 00000000, opcode: 000000, funccode: 000000
RRRRRRRRRR type
DECODE: Decoding is done, enterring parameter assginment
CTRL: SLL SHAMT 00, Instruction:00000000, FUNCCODE:000000
HHHHHHHHH ALU CODE 00
FSM: EXEC2
CTRL: Instruction again: 00000000000000000000000000000000, FUNCCODE: 000000
CTRL: INFO: Currently in the SLL statement
CTRL: Here is the result =          0
FSM: FETCH
CTRL: Here is the result =          0
CTRL: Read instruction at RAM address: 00000000
CTRL: Here is the result =          0
CTRL: Read instruction at RAM address: 00000000
FSM: HALT
FSM: HALT
TB : finished; running=0
TB : INFO : register_v0=000000a8
test/0-MIPS_tb_RAM/mips_cpu_bus_tb.v:97: $finish called at 25500 (10ps)
CPU : OUT   :        168
