RAM : INIT : Loading RAM contents from ./test/2-bin/2-conditionals/bgtz_1.hex.txt
RAM : INIT : RAM contents at 00004e20 are: 26
RAM : INIT : RAM contents at 00004e21 are: 94
RAM : INIT : RAM contents at 00004e22 are: 00
RAM : INIT : RAM contents at 00004e23 are: 4c
RAM : INIT : RAM contents at 00004e24 are: 1e
RAM : INIT : RAM contents at 00004e25 are: 80
RAM : INIT : RAM contents at 00004e26 are: 00
RAM : INIT : RAM contents at 00004e27 are: 03
RAM : INIT : RAM contents at 00004e28 are: 00
RAM : INIT : RAM contents at 00004e29 are: 14
RAM : INIT : RAM contents at 00004e2a are: 08
RAM : INIT : RAM contents at 00004e2b are: 21
RAM : INIT : RAM contents at 00004e2c are: 24
RAM : INIT : RAM contents at 00004e2d are: 21
RAM : INIT : RAM contents at 00004e2e are: 00
RAM : INIT : RAM contents at 00004e2f are: 18
RAM : INIT : RAM contents at 00004e30 are: 24
RAM : INIT : RAM contents at 00004e31 are: 22
RAM : INIT : RAM contents at 00004e32 are: 00
RAM : INIT : RAM contents at 00004e33 are: 50
RAM : INIT : RAM contents at 00004e34 are: 00
RAM : INIT : RAM contents at 00004e35 are: 00
RAM : INIT : RAM contents at 00004e36 are: 00
RAM : INIT : RAM contents at 00004e37 are: 08
RAM : INIT : RAM contents at 00004e38 are: 00
RAM : INIT : RAM contents at 00004e39 are: 00
RAM : INIT : RAM contents at 00004e3a are: 00
RAM : INIT : RAM contents at 00004e3b are: 00
RAM : INIT : RAM contents at 00004e3c are: 00
RAM : INIT : RAM contents at 00004e3d are: 00
PC: not reset or halt, updatePC: x
FSM: FETCH
CTRL: Here is the result =          0
CTRL: Read instruction at RAM address: xxxxxxxx
FSM: EXEC1
TB : Reset is now low.
CTRL: RAM INFO DATA READ: 00000000
CTRL : instruction word: 00000000, opcode: 000000, funccode: 000000
RRRRRRRRRR type
DECODE: Decoding is done, enterring parameter assginment
CPU : INFO   : Resetting.
CTRL: RAM INFO DATA READ: 00000000
CTRL : instruction word: 00000000, opcode: 000000, funccode: 000000
RRRRRRRRRR type
DECODE: Decoding is done, enterring parameter assginment
CTRL: SLL SHAMT 00, Instruction:00000000, FUNCCODE:000000
HHHHHHHHH ALU CODE 00
CTRL: RAM INFO DATA READ: 00000000
CTRL : instruction word: 00000000, opcode: 000000, funccode: 000000
RRRRRRRRRR type
DECODE: Decoding is done, enterring parameter assginment
CTRL: SLL SHAMT 00, Instruction:00000000, FUNCCODE:000000
HHHHHHHHH ALU CODE 00
ALU: ALU input A:         x
ALU: ALU input B:         x
ALU: ALU opcode: 0
ALU: ALU r:         x
CTRL: RAM INFO DATA READ: 00000000
CTRL : instruction word: 00000000, opcode: 000000, funccode: 000000
RRRRRRRRRR type
DECODE: Decoding is done, enterring parameter assginment
CTRL: SLL SHAMT 00, Instruction:00000000, FUNCCODE:000000
HHHHHHHHH ALU CODE 00
PC: not reset or halt, updatePC: 0
FSM: FETCH
CTRL: Here is the result =          x
CTRL: Read instruction at RAM address: bfc00000
CTRL: Here is the result =          x
CTRL: Read instruction at RAM address: bfc00000
FSM: EXEC1
PC: not reset or halt, updatePC: 0
CTRL: RAM INFO DATA READ: 4c009426
CTRL : instruction word: 2694004c, opcode: 001001, funccode: 001100
IIIIIIIIII type
DECODE: Decoding is done, enterring parameter assginment
CTRL: RAM INFO DATA READ: 4c009426
CTRL : instruction word: 2694004c, opcode: 001001, funccode: 001100
IIIIIIIIII type
DECODE: Decoding is done, enterring parameter assginment
CTRL: INFO: ADDIU called
CTRL: INPUT INFO: Rs = 14 Rt = 14 Immediate = 004c ALUCODE = 09 Rd = 14
PC: not reset or halt, updatePC: 0
FSM: EXEC2
CTRL: Instruction again: 00100110100101000000000001001100, FUNCCODE: 001100
CTRL: Here is the RsDATA in andi =          0
CTRL: Here is the result =          x
CTRL: Instruction again: 00100110100101000000000001001100, FUNCCODE: 001100
CTRL: Here is the RsDATA in andi =          0
CTRL: Here is the result =         76
FSM: FETCH
PC: not reset or halt, updatePC: 1
PC: current value before increment: bfc00000
CTRL: Here is the result =         76
CTRL: Read instruction at RAM address: bfc00000
CTRL: Here is the result =         76
CTRL: Read instruction at RAM address: bfc00000
CTRL: Here is the result =         76
CTRL: Read instruction at RAM address: bfc00004
PC: not reset or halt, updatePC: 0
FSM: EXEC1
CTRL: RAM INFO DATA READ: 0300801e
CTRL : instruction word: 1e800003, opcode: 000111, funccode: 000011
IIIIIIIIII type
DECODE: Decoding is done, enterring parameter assginment
CTRL: RAM INFO DATA READ: 0300801e
CTRL : instruction word: 1e800003, opcode: 000111, funccode: 000011
IIIIIIIIII type
DECODE: Decoding is done, enterring parameter assginment
CTRL: RAM INFO DATA READ: 0300801e
CTRL : instruction word: 1e800003, opcode: 000111, funccode: 000011
IIIIIIIIII type
DECODE: Decoding is done, enterring parameter assginment
FSM: EXEC2
PC: not reset or halt, updatePC: 0
CTRL: Instruction again: 00011110100000000000000000000011, FUNCCODE: 000011
CTRL: Here is the result =         76
CTRL: Instruction again: 00011110100000000000000000000011, FUNCCODE: 000011
CTRL: Here is the result =         76
PC: not reset or halt, updatePC: 1
PC: current value before increment: bfc00004
FSM: FETCH
CTRL: Here is the result =         76
CTRL: Read instruction at RAM address: bfc00004
CTRL: Here is the result =         76
CTRL: Read instruction at RAM address: bfc00004
CTRL: Here is the result =         76
CTRL: Read instruction at RAM address: bfc00008
FSM: EXEC1
PC: not reset or halt, updatePC: 0
CTRL: RAM INFO DATA READ: 21081400
CTRL : instruction word: 00140821, opcode: 000000, funccode: 100001
RRRRRRRRRR type
DECODE: Decoding is done, enterring parameter assginment
CTRL: RAM INFO DATA READ: 21081400
CTRL : instruction word: 00140821, opcode: 000000, funccode: 100001
RRRRRRRRRR type
DECODE: Decoding is done, enterring parameter assginment
CTRL: RAM INFO DATA READ: 21081400
CTRL : instruction word: 00140821, opcode: 000000, funccode: 100001
RRRRRRRRRR type
DECODE: Decoding is done, enterring parameter assginment
CTRL: RAM INFO DATA READ: 21081400
CTRL : instruction word: 00140821, opcode: 000000, funccode: 100001
RRRRRRRRRR type
DECODE: Decoding is done, enterring parameter assginment
PC: not reset or halt, updatePC: 0
FSM: EXEC2
CTRL: Instruction again: 00000000000101000000100000100001, FUNCCODE: 100001
CTRL: Here is the result =         76
CTRL: Instruction again: 00000000000101000000100000100001, FUNCCODE: 100001
CTRL: Here is the result =         76
FSM: FETCH
PC: not reset or halt, updatePC: 1
PC: current value before increment: bfc00008
CTRL: Here is the result =         76
CTRL: Read instruction at RAM address: bfc00008
CTRL: Here is the result =         76
CTRL: Read instruction at RAM address: bfc00008
CTRL: Here is the result =         76
CTRL: Read instruction at RAM address: bfc0000c
PC: not reset or halt, updatePC: 0
FSM: EXEC1
CTRL: RAM INFO DATA READ: 18002124
CTRL : instruction word: 24210018, opcode: 001001, funccode: 011000
IIIIIIIIII type
DECODE: Decoding is done, enterring parameter assginment
CTRL: RAM INFO DATA READ: 18002124
CTRL : instruction word: 24210018, opcode: 001001, funccode: 011000
IIIIIIIIII type
DECODE: Decoding is done, enterring parameter assginment
CTRL: INFO: ADDIU called
CTRL: INPUT INFO: Rs = 01 Rt = 01 Immediate = 0018 ALUCODE = 09 Rd = 01
FSM: EXEC2
PC: not reset or halt, updatePC: 0
CTRL: Instruction again: 00100100001000010000000000011000, FUNCCODE: 011000
CTRL: Here is the RsDATA in andi =          0
CTRL: Here is the result =         76
CTRL: Instruction again: 00100100001000010000000000011000, FUNCCODE: 011000
CTRL: Here is the RsDATA in andi =          0
CTRL: Here is the result =         24
CTRL: Instruction again: 00100100001000010000000000011000, FUNCCODE: 011000
CTRL: Here is the RsDATA in andi =         76
CTRL: Here is the result =         24
CTRL: Instruction again: 00100100001000010000000000011000, FUNCCODE: 011000
CTRL: Here is the RsDATA in andi =         76
CTRL: Here is the result =        100
PC: not reset or halt, updatePC: 1
PC: current value before increment: bfc0000c
FSM: FETCH
CTRL: Here is the result =        100
CTRL: Read instruction at RAM address: bfc0000c
CTRL: Here is the result =        100
CTRL: Read instruction at RAM address: bfc0000c
CTRL: Here is the result =        100
CTRL: Read instruction at RAM address: bfc00010
FSM: EXEC1
PC: not reset or halt, updatePC: 0
CTRL: RAM INFO DATA READ: 50002224
CTRL : instruction word: 24220050, opcode: 001001, funccode: 010000
IIIIIIIIII type
DECODE: Decoding is done, enterring parameter assginment
CTRL: INFO: ADDIU called
CTRL: INPUT INFO: Rs = 01 Rt = 02 Immediate = 0050 ALUCODE = 09 Rd = 01
CTRL: RAM INFO DATA READ: 50002224
CTRL : instruction word: 24220050, opcode: 001001, funccode: 010000
IIIIIIIIII type
DECODE: Decoding is done, enterring parameter assginment
CTRL: INFO: ADDIU called
CTRL: INPUT INFO: Rs = 01 Rt = 02 Immediate = 0050 ALUCODE = 09 Rd = 01
CTRL: RAM INFO DATA READ: 50002224
CTRL : instruction word: 24220050, opcode: 001001, funccode: 010000
IIIIIIIIII type
DECODE: Decoding is done, enterring parameter assginment
CTRL: INFO: ADDIU called
CTRL: INPUT INFO: Rs = 01 Rt = 02 Immediate = 0050 ALUCODE = 09 Rd = 01
PC: not reset or halt, updatePC: 0
FSM: EXEC2
CTRL: Instruction again: 00100100001000100000000001010000, FUNCCODE: 010000
CTRL: Here is the RsDATA in andi =        100
CTRL: Here is the result =        100
CTRL: Instruction again: 00100100001000100000000001010000, FUNCCODE: 010000
CTRL: Here is the RsDATA in andi =        100
CTRL: Here is the result =        180
CTRL: Instruction again: 00100100001000100000000001010000, FUNCCODE: 010000
CTRL: Here is the RsDATA in andi =        100
CTRL: Here is the result =        180
FSM: FETCH
PC: not reset or halt, updatePC: 1
PC: current value before increment: bfc00010
CTRL: Here is the result =        180
CTRL: Read instruction at RAM address: bfc00010
CTRL: Here is the result =        180
CTRL: Read instruction at RAM address: bfc00010
CTRL: Here is the result =        180
CTRL: Read instruction at RAM address: bfc00014
PC: not reset or halt, updatePC: 0
FSM: EXEC1
CTRL: RAM INFO DATA READ: 08000000
CTRL : instruction word: 00000008, opcode: 000000, funccode: 001000
RRRRRRRRRR type
DECODE: Decoding is done, enterring parameter assginment
CTRL: RAM INFO DATA READ: 08000000
CTRL : instruction word: 00000008, opcode: 000000, funccode: 001000
RRRRRRRRRR type
DECODE: Decoding is done, enterring parameter assginment
Detect JR in EXEC 1, Rs:  0
CTRL: RAM INFO DATA READ: 08000000
CTRL : instruction word: 00000008, opcode: 000000, funccode: 001000
RRRRRRRRRR type
DECODE: Decoding is done, enterring parameter assginment
Detect JR in EXEC 1, Rs:  0
CTRL: RAM INFO DATA READ: 08000000
CTRL : instruction word: 00000008, opcode: 000000, funccode: 001000
RRRRRRRRRR type
DECODE: Decoding is done, enterring parameter assginment
Detect JR in EXEC 1, Rs:  0
FSM: EXEC2
PC: not reset or halt, updatePC: 0
CTRL: Instruction again: 00000000000000000000000000001000, FUNCCODE: 001000
Arrived at jr: 00000064, Rs:  0
CTRL: Here is the result =          0
CTRL: Instruction again: 00000000000000000000000000001000, FUNCCODE: 001000
Arrived at jr: 00000000, Rs:  0
CTRL: Here is the result =          0
PC: not reset or halt, updatePC: 1
PC: current value before increment: bfc00014
PC: In jump_r
FSM: FETCH
CTRL: Here is the result =          0
CTRL: Read instruction at RAM address: bfc00014
CTRL: Here is the result =          0
CTRL: Read instruction at RAM address: bfc00014
CTRL: Here is the result =          0
CTRL: Read instruction at RAM address: bfc00018
FSM: EXEC1
PC: not reset or halt, updatePC: 0
CTRL: RAM INFO DATA READ: 00000000
CTRL : instruction word: 00000000, opcode: 000000, funccode: 000000
RRRRRRRRRR type
DECODE: Decoding is done, enterring parameter assginment
CTRL: SLL SHAMT 00, Instruction:00000000, FUNCCODE:000000
HHHHHHHHH ALU CODE 00
CTRL: RAM INFO DATA READ: 00000000
CTRL : instruction word: 00000000, opcode: 000000, funccode: 000000
RRRRRRRRRR type
DECODE: Decoding is done, enterring parameter assginment
CTRL: SLL SHAMT 00, Instruction:00000000, FUNCCODE:000000
HHHHHHHHH ALU CODE 00
PC: not reset or halt, updatePC: 0
FSM: EXEC2
CTRL: Instruction again: 00000000000000000000000000000000, FUNCCODE: 000000
CTRL: INFO: Currently in the SLL statement
CTRL: Here is the result =          0
FSM: FETCH
PC: not reset or halt, updatePC: 1
PC: current value before increment: bfc00018
PC: In r_delay: 00000000
CTRL: Here is the result =          0
CTRL: Read instruction at RAM address: bfc00018
CTRL: Here is the result =          0
CTRL: Read instruction at RAM address: bfc00018
CTRL: Here is the result =          0
CTRL: Read instruction at RAM address: 00000000
FSM: EXEC1
CTRL: RAM INFO DATA READ: 00000000
CTRL : instruction word: 00000000, opcode: 000000, funccode: 000000
RRRRRRRRRR type
DECODE: Decoding is done, enterring parameter assginment
CTRL: SLL SHAMT 00, Instruction:00000000, FUNCCODE:000000
HHHHHHHHH ALU CODE 00
CTRL: RAM INFO DATA READ: 00000000
CTRL : instruction word: 00000000, opcode: 000000, funccode: 000000
RRRRRRRRRR type
DECODE: Decoding is done, enterring parameter assginment
CTRL: SLL SHAMT 00, Instruction:00000000, FUNCCODE:000000
HHHHHHHHH ALU CODE 00
FSM: EXEC2
CTRL: Instruction again: 00000000000000000000000000000000, FUNCCODE: 000000
CTRL: INFO: Currently in the SLL statement
CTRL: Here is the result =          0
FSM: FETCH
CTRL: Here is the result =          0
CTRL: Read instruction at RAM address: 00000000
CTRL: Here is the result =          0
CTRL: Read instruction at RAM address: 00000000
FSM: HALT
TB : finished; running=0
TB : INFO : register_v0=000000b4
test/0-MIPS_tb_RAM/mips_cpu_bus_tb.v:97: $finish called at 27500 (10ps)
CPU : OUT   :        180
