RAM : INIT : Loading RAM contents from ./test/2-bin/2-conditionals/beq_2.hex.txt
RAM : INIT : RAM contents at 00004e20 are: 24
RAM : INIT : RAM contents at 00004e21 are: 63
RAM : INIT : RAM contents at 00004e22 are: 00
RAM : INIT : RAM contents at 00004e23 are: 14
RAM : INIT : RAM contents at 00004e24 are: 24
RAM : INIT : RAM contents at 00004e25 are: 84
RAM : INIT : RAM contents at 00004e26 are: 00
RAM : INIT : RAM contents at 00004e27 are: 0a
RAM : INIT : RAM contents at 00004e28 are: 10
RAM : INIT : RAM contents at 00004e29 are: 22
RAM : INIT : RAM contents at 00004e2a are: 00
RAM : INIT : RAM contents at 00004e2b are: 03
RAM : INIT : RAM contents at 00004e2c are: 00
RAM : INIT : RAM contents at 00004e2d are: 03
RAM : INIT : RAM contents at 00004e2e are: 10
RAM : INIT : RAM contents at 00004e2f are: 21
RAM : INIT : RAM contents at 00004e30 are: 00
RAM : INIT : RAM contents at 00004e31 are: 44
RAM : INIT : RAM contents at 00004e32 are: 10
RAM : INIT : RAM contents at 00004e33 are: 21
RAM : INIT : RAM contents at 00004e34 are: 00
RAM : INIT : RAM contents at 00004e35 are: 42
RAM : INIT : RAM contents at 00004e36 are: 10
RAM : INIT : RAM contents at 00004e37 are: 21
RAM : INIT : RAM contents at 00004e38 are: 00
RAM : INIT : RAM contents at 00004e39 are: 00
RAM : INIT : RAM contents at 00004e3a are: 00
RAM : INIT : RAM contents at 00004e3b are: 08
RAM : INIT : RAM contents at 00004e3c are: 00
RAM : INIT : RAM contents at 00004e3d are: 00
PC: not reset or halt
FSM: FETCH
CTRL: Here is the result =          0
CTRL: Read instruction at RAM address: xxxxxxxx
FSM: EXEC1
TB : Reset is now low.
CTRL: RAM INFO DATA READ: 00000000
CTRL : instruction word: 00000000, opcode: 000000, funccode: 000000
RRRRRRRRRR type
DECODE: Decoding is done, enterring parameter assginment
CPU : INFO   : Resetting.
CTRL: RAM INFO DATA READ: 00000000
CTRL : instruction word: 00000000, opcode: 000000, funccode: 000000
RRRRRRRRRR type
DECODE: Decoding is done, enterring parameter assginment
CTRL: SLL SHAMT 00, Instruction:00000000, FUNCCODE:000000
HHHHHHHHH ALU CODE 00
CTRL: RAM INFO DATA READ: 00000000
CTRL : instruction word: 00000000, opcode: 000000, funccode: 000000
RRRRRRRRRR type
DECODE: Decoding is done, enterring parameter assginment
CTRL: SLL SHAMT 00, Instruction:00000000, FUNCCODE:000000
HHHHHHHHH ALU CODE 00
ALU: ALU input A:         x
ALU: ALU input B:         x
ALU: ALU opcode: 0
ALU: ALU r:         x
CTRL: RAM INFO DATA READ: 00000000
CTRL : instruction word: 00000000, opcode: 000000, funccode: 000000
RRRRRRRRRR type
DECODE: Decoding is done, enterring parameter assginment
CTRL: SLL SHAMT 00, Instruction:00000000, FUNCCODE:000000
HHHHHHHHH ALU CODE 00
PC: not reset or halt
FSM: FETCH
CTRL: Here is the result =          x
CTRL: Read instruction at RAM address: bfc00000
FSM: EXEC1
PC: not reset or halt
CTRL: RAM INFO DATA READ: 14006324
CTRL : instruction word: 24630014, opcode: 001001, funccode: 010100
IIIIIIIIII type
DECODE: Decoding is done, enterring parameter assginment
CTRL: RAM INFO DATA READ: 14006324
CTRL : instruction word: 24630014, opcode: 001001, funccode: 010100
IIIIIIIIII type
DECODE: Decoding is done, enterring parameter assginment
CTRL: INFO: ADDIU called
CTRL: INPUT INFO: Rs = 03 Rt = 03 Immediate = 0014 ALUCODE = 09 Rd = 03
PC: not reset or halt
FSM: EXEC2
CTRL: Instruction again: 00100100011000110000000000010100, FUNCCODE: 010100
CTRL: Here is the RsDATA in andi =          0
CTRL: Here is the result =          x
CTRL: Instruction again: 00100100011000110000000000010100, FUNCCODE: 010100
CTRL: Here is the RsDATA in andi =          0
CTRL: Here is the result =         20
FSM: FETCH
PC: not reset or halt
PC: current value before increment: bfc00000
CTRL: Here is the result =         20
CTRL: Read instruction at RAM address: bfc00000
CTRL: Here is the result =         20
CTRL: Read instruction at RAM address: bfc00004
PC: not reset or halt
FSM: EXEC1
CTRL: RAM INFO DATA READ: 0a008424
CTRL : instruction word: 2484000a, opcode: 001001, funccode: 001010
IIIIIIIIII type
DECODE: Decoding is done, enterring parameter assginment
CTRL: INFO: ADDIU called
CTRL: INPUT INFO: Rs = 04 Rt = 04 Immediate = 000a ALUCODE = 09 Rd = 04
CTRL: RAM INFO DATA READ: 0a008424
CTRL : instruction word: 2484000a, opcode: 001001, funccode: 001010
IIIIIIIIII type
DECODE: Decoding is done, enterring parameter assginment
CTRL: INFO: ADDIU called
CTRL: INPUT INFO: Rs = 04 Rt = 04 Immediate = 000a ALUCODE = 09 Rd = 04
CTRL: RAM INFO DATA READ: 0a008424
CTRL : instruction word: 2484000a, opcode: 001001, funccode: 001010
IIIIIIIIII type
DECODE: Decoding is done, enterring parameter assginment
CTRL: INFO: ADDIU called
CTRL: INPUT INFO: Rs = 04 Rt = 04 Immediate = 000a ALUCODE = 09 Rd = 04
FSM: EXEC2
PC: not reset or halt
CTRL: Instruction again: 00100100100001000000000000001010, FUNCCODE: 001010
CTRL: Here is the RsDATA in andi =         20
CTRL: Here is the result =         20
CTRL: Instruction again: 00100100100001000000000000001010, FUNCCODE: 001010
CTRL: Here is the RsDATA in andi =         20
CTRL: Here is the result =         30
CTRL: Instruction again: 00100100100001000000000000001010, FUNCCODE: 001010
CTRL: Here is the RsDATA in andi =          0
CTRL: Here is the result =         30
CTRL: Instruction again: 00100100100001000000000000001010, FUNCCODE: 001010
CTRL: Here is the RsDATA in andi =          0
CTRL: Here is the result =         10
PC: not reset or halt
PC: current value before increment: bfc00004
FSM: FETCH
CTRL: Here is the result =         10
CTRL: Read instruction at RAM address: bfc00004
CTRL: Here is the result =         10
CTRL: Read instruction at RAM address: bfc00008
FSM: EXEC1
PC: not reset or halt
CTRL: RAM INFO DATA READ: 03002210
CTRL : instruction word: 10220003, opcode: 000100, funccode: 000011
IIIIIIIIII type
DECODE: Decoding is done, enterring parameter assginment
CTRL: INFO: ADDIU called
CTRL: INPUT INFO: Rs = 01 Rt = 02 Immediate = 0003 ALUCODE = 04 Rd = 01
CTRL: RAM INFO DATA READ: 03002210
CTRL : instruction word: 10220003, opcode: 000100, funccode: 000011
IIIIIIIIII type
DECODE: Decoding is done, enterring parameter assginment
CTRL: INFO: ADDIU called
CTRL: INPUT INFO: Rs = 01 Rt = 02 Immediate = 0003 ALUCODE = 04 Rd = 01
CTRL: RAM INFO DATA READ: 03002210
CTRL : instruction word: 10220003, opcode: 000100, funccode: 000011
IIIIIIIIII type
DECODE: Decoding is done, enterring parameter assginment
CTRL: INFO: ADDIU called
CTRL: INPUT INFO: Rs = 01 Rt = 02 Immediate = 0003 ALUCODE = 04 Rd = 01
CTRL: RAM INFO DATA READ: 03002210
CTRL : instruction word: 10220003, opcode: 000100, funccode: 000011
IIIIIIIIII type
DECODE: Decoding is done, enterring parameter assginment
CTRL: INFO: ADDIU called
CTRL: INPUT INFO: Rs = 01 Rt = 02 Immediate = 0003 ALUCODE = 04 Rd = 01
CTRL: RAM INFO DATA READ: 03002210
CTRL : instruction word: 10220003, opcode: 000100, funccode: 000011
IIIIIIIIII type
DECODE: Decoding is done, enterring parameter assginment
CTRL: INFO: ADDIU called
CTRL: INPUT INFO: Rs = 01 Rt = 02 Immediate = 0003 ALUCODE = 04 Rd = 01
PC: not reset or halt
FSM: EXEC2
CTRL: Instruction again: 00010000001000100000000000000011, FUNCCODE: 000011
CTRL: Here is the result =         10
CTRL: Instruction again: 00010000001000100000000000000011, FUNCCODE: 000011
CTRL: Here is the result =         10
FSM: FETCH
PC: not reset or halt
PC: current value before increment: bfc00008
CTRL: Here is the result =         10
CTRL: Read instruction at RAM address: bfc00008
CTRL: Here is the result =         10
CTRL: Read instruction at RAM address: bfc0000c
PC: not reset or halt
FSM: EXEC1
CTRL: RAM INFO DATA READ: 21100300
CTRL : instruction word: 00031021, opcode: 000000, funccode: 100001
RRRRRRRRRR type
DECODE: Decoding is done, enterring parameter assginment
CTRL: RAM INFO DATA READ: 21100300
CTRL : instruction word: 00031021, opcode: 000000, funccode: 100001
RRRRRRRRRR type
DECODE: Decoding is done, enterring parameter assginment
CTRL: RAM INFO DATA READ: 21100300
CTRL : instruction word: 00031021, opcode: 000000, funccode: 100001
RRRRRRRRRR type
DECODE: Decoding is done, enterring parameter assginment
CTRL: RAM INFO DATA READ: 21100300
CTRL : instruction word: 00031021, opcode: 000000, funccode: 100001
RRRRRRRRRR type
DECODE: Decoding is done, enterring parameter assginment
FSM: EXEC2
PC: not reset or halt
CTRL: Instruction again: 00000000000000110001000000100001, FUNCCODE: 100001
CTRL: Here is the result =         10
CTRL: Instruction again: 00000000000000110001000000100001, FUNCCODE: 100001
CTRL: Here is the result =          0
CTRL: Instruction again: 00000000000000110001000000100001, FUNCCODE: 100001
CTRL: Here is the result =          0
CTRL: Instruction again: 00000000000000110001000000100001, FUNCCODE: 100001
CTRL: Here is the result =         20
PC: not reset or halt
PC: current value before increment: bfc0000c
FSM: FETCH
CTRL: Here is the result =         20
CTRL: Read instruction at RAM address: bfc0000c
CTRL: Here is the result =         20
CTRL: Read instruction at RAM address: bfc00010
FSM: EXEC1
PC: not reset or halt
CTRL: RAM INFO DATA READ: 21104400
CTRL : instruction word: 00441021, opcode: 000000, funccode: 100001
RRRRRRRRRR type
DECODE: Decoding is done, enterring parameter assginment
CTRL: RAM INFO DATA READ: 21104400
CTRL : instruction word: 00441021, opcode: 000000, funccode: 100001
RRRRRRRRRR type
DECODE: Decoding is done, enterring parameter assginment
PC: not reset or halt
FSM: EXEC2
CTRL: Instruction again: 00000000010001000001000000100001, FUNCCODE: 100001
CTRL: Here is the result =         20
CTRL: Instruction again: 00000000010001000001000000100001, FUNCCODE: 100001
CTRL: Here is the result =         20
CTRL: Instruction again: 00000000010001000001000000100001, FUNCCODE: 100001
CTRL: Here is the result =         30
FSM: FETCH
PC: not reset or halt
PC: current value before increment: bfc00010
CTRL: Here is the result =         30
CTRL: Read instruction at RAM address: bfc00010
CTRL: Here is the result =         30
CTRL: Read instruction at RAM address: bfc00014
PC: not reset or halt
FSM: EXEC1
CTRL: RAM INFO DATA READ: 21104200
CTRL : instruction word: 00421021, opcode: 000000, funccode: 100001
RRRRRRRRRR type
DECODE: Decoding is done, enterring parameter assginment
CTRL: RAM INFO DATA READ: 21104200
CTRL : instruction word: 00421021, opcode: 000000, funccode: 100001
RRRRRRRRRR type
DECODE: Decoding is done, enterring parameter assginment
CTRL: RAM INFO DATA READ: 21104200
CTRL : instruction word: 00421021, opcode: 000000, funccode: 100001
RRRRRRRRRR type
DECODE: Decoding is done, enterring parameter assginment
FSM: EXEC2
PC: not reset or halt
CTRL: Instruction again: 00000000010000100001000000100001, FUNCCODE: 100001
CTRL: Here is the result =         30
CTRL: Instruction again: 00000000010000100001000000100001, FUNCCODE: 100001
CTRL: Here is the result =         40
CTRL: Instruction again: 00000000010000100001000000100001, FUNCCODE: 100001
CTRL: Here is the result =         40
CTRL: Instruction again: 00000000010000100001000000100001, FUNCCODE: 100001
CTRL: Here is the result =         60
PC: not reset or halt
PC: current value before increment: bfc00014
FSM: FETCH
CTRL: Here is the result =         60
CTRL: Read instruction at RAM address: bfc00014
CTRL: Here is the result =         60
CTRL: Read instruction at RAM address: bfc00018
FSM: EXEC1
PC: not reset or halt
CTRL: RAM INFO DATA READ: 08000000
CTRL : instruction word: 00000008, opcode: 000000, funccode: 001000
RRRRRRRRRR type
DECODE: Decoding is done, enterring parameter assginment
Detect JR in EXEC 1, Rs:  0
CTRL: RAM INFO DATA READ: 08000000
CTRL : instruction word: 00000008, opcode: 000000, funccode: 001000
RRRRRRRRRR type
DECODE: Decoding is done, enterring parameter assginment
Detect JR in EXEC 1, Rs:  0
CTRL: RAM INFO DATA READ: 08000000
CTRL : instruction word: 00000008, opcode: 000000, funccode: 001000
RRRRRRRRRR type
DECODE: Decoding is done, enterring parameter assginment
Detect JR in EXEC 1, Rs:  0
CTRL: RAM INFO DATA READ: 08000000
CTRL : instruction word: 00000008, opcode: 000000, funccode: 001000
RRRRRRRRRR type
DECODE: Decoding is done, enterring parameter assginment
Detect JR in EXEC 1, Rs:  0
PC: not reset or halt
FSM: EXEC2
CTRL: Instruction again: 00000000000000000000000000001000, FUNCCODE: 001000
Arrived at jr: 0000003c, Rs:  0
CTRL: Here is the result =          0
CTRL: Instruction again: 00000000000000000000000000001000, FUNCCODE: 001000
Arrived at jr: 00000000, Rs:  0
CTRL: Here is the result =          0
FSM: FETCH
PC: not reset or halt
PC: current value before increment: bfc00018
PC: In jump_r
CTRL: Here is the result =          0
CTRL: Read instruction at RAM address: bfc00018
CTRL: Here is the result =          0
CTRL: Read instruction at RAM address: bfc0001c
PC: not reset or halt
FSM: EXEC1
CTRL: RAM INFO DATA READ: 00000000
CTRL : instruction word: 00000000, opcode: 000000, funccode: 000000
RRRRRRRRRR type
DECODE: Decoding is done, enterring parameter assginment
CTRL: SLL SHAMT 00, Instruction:00000000, FUNCCODE:000000
HHHHHHHHH ALU CODE 00
CTRL: RAM INFO DATA READ: 00000000
CTRL : instruction word: 00000000, opcode: 000000, funccode: 000000
RRRRRRRRRR type
DECODE: Decoding is done, enterring parameter assginment
CTRL: SLL SHAMT 00, Instruction:00000000, FUNCCODE:000000
HHHHHHHHH ALU CODE 00
FSM: EXEC2
PC: not reset or halt
CTRL: Instruction again: 00000000000000000000000000000000, FUNCCODE: 000000
CTRL: INFO: Currently in the SLL statement
CTRL: Here is the result =          0
PC: not reset or halt
PC: current value before increment: bfc0001c
PC: In r_delay: 00000000
FSM: FETCH
CTRL: Here is the result =          0
CTRL: Read instruction at RAM address: bfc0001c
CTRL: Here is the result =          0
CTRL: Read instruction at RAM address: 00000000
FSM: EXEC1
CTRL: RAM INFO DATA READ: 00000000
CTRL : instruction word: 00000000, opcode: 000000, funccode: 000000
RRRRRRRRRR type
DECODE: Decoding is done, enterring parameter assginment
CTRL: SLL SHAMT 00, Instruction:00000000, FUNCCODE:000000
HHHHHHHHH ALU CODE 00
FSM: EXEC2
CTRL: Instruction again: 00000000000000000000000000000000, FUNCCODE: 000000
CTRL: INFO: Currently in the SLL statement
CTRL: Here is the result =          0
FSM: FETCH
CTRL: Here is the result =          0
CTRL: Read instruction at RAM address: 00000000
FSM: HALT
FSM: HALT
TB : finished; running=0
TB : INFO : register_v0=0000003c
test/0-MIPS_tb_RAM/mips_cpu_bus_tb.v:97: $finish called at 31500 (10ps)
CPU : OUT   :         60
