RAM : INIT : Loading RAM contents from ./test/2-bin/1-arithmetic_testing/divu_1.hex.txt
RAM : INIT : RAM contents at 00004e20 are: 26
RAM : INIT : RAM contents at 00004e21 are: 94
RAM : INIT : RAM contents at 00004e22 are: ff
RAM : INIT : RAM contents at 00004e23 are: f8
RAM : INIT : RAM contents at 00004e24 are: 27
RAM : INIT : RAM contents at 00004e25 are: 5a
RAM : INIT : RAM contents at 00004e26 are: 00
RAM : INIT : RAM contents at 00004e27 are: 04
RAM : INIT : RAM contents at 00004e28 are: 02
RAM : INIT : RAM contents at 00004e29 are: 9a
RAM : INIT : RAM contents at 00004e2a are: 00
RAM : INIT : RAM contents at 00004e2b are: 1b
RAM : INIT : RAM contents at 00004e2c are: 00
RAM : INIT : RAM contents at 00004e2d are: 00
RAM : INIT : RAM contents at 00004e2e are: 00
RAM : INIT : RAM contents at 00004e2f are: 08
RAM : INIT : RAM contents at 00004e30 are: 00
RAM : INIT : RAM contents at 00004e31 are: 00
RAM : INIT : RAM contents at 00004e32 are: 10
RAM : INIT : RAM contents at 00004e33 are: 12
RAM : INIT : RAM contents at 00004e34 are: 00
RAM : INIT : RAM contents at 00004e35 are: 00
RAM : INIT : RAM contents at 00004e36 are: 00
RAM : INIT : RAM contents at 00004e37 are: 00
RAM : INIT : RAM contents at 00004e38 are: 00
RAM : INIT : RAM contents at 00004e39 are: 00
RAM : INIT : RAM contents at 00004e3a are: 00
RAM : INIT : RAM contents at 00004e3b are: 00
RAM : INIT : RAM contents at 00004e3c are: 00
RAM : INIT : RAM contents at 00004e3d are: 00
PC: not reset or halt
FSM: FETCH
CTRL: Here is the result =          0
CTRL: Read instruction at RAM address: xxxxxxxx
FSM: EXEC1
TB : Reset is now low.
CTRL: RAM INFO DATA READ: 00000000
CTRL : instruction word: 00000000, opcode: 000000, funccode: 000000
RRRRRRRRRR type
DECODE: Decoding is done, enterring parameter assginment
CPU : INFO   : Resetting.
CTRL: RAM INFO DATA READ: 00000000
CTRL : instruction word: 00000000, opcode: 000000, funccode: 000000
RRRRRRRRRR type
DECODE: Decoding is done, enterring parameter assginment
CTRL: SLL SHAMT 00, Instruction:00000000, FUNCCODE:000000
HHHHHHHHH ALU CODE 00
CTRL: RAM INFO DATA READ: 00000000
CTRL : instruction word: 00000000, opcode: 000000, funccode: 000000
RRRRRRRRRR type
DECODE: Decoding is done, enterring parameter assginment
CTRL: SLL SHAMT 00, Instruction:00000000, FUNCCODE:000000
HHHHHHHHH ALU CODE 00
ALU: ALU input A:         x
ALU: ALU input B:         x
ALU: ALU opcode: 0
ALU: ALU r:         x
CTRL: RAM INFO DATA READ: 00000000
CTRL : instruction word: 00000000, opcode: 000000, funccode: 000000
RRRRRRRRRR type
DECODE: Decoding is done, enterring parameter assginment
CTRL: SLL SHAMT 00, Instruction:00000000, FUNCCODE:000000
HHHHHHHHH ALU CODE 00
PC: not reset or halt
FSM: FETCH
CTRL: Here is the result =          x
CTRL: Read instruction at RAM address: bfc00000
CTRL: Here is the result =          x
CTRL: Read instruction at RAM address: bfc00000
FSM: EXEC1
PC: not reset or halt
CTRL: RAM INFO DATA READ: f8ff9426
CTRL : instruction word: 2694fff8, opcode: 001001, funccode: 111000
IIIIIIIIII type
DECODE: Decoding is done, enterring parameter assginment
CTRL: RAM INFO DATA READ: f8ff9426
CTRL : instruction word: 2694fff8, opcode: 001001, funccode: 111000
IIIIIIIIII type
DECODE: Decoding is done, enterring parameter assginment
CTRL: INFO: ADDIU called
CTRL: INPUT INFO: Rs = 14 Rt = 14 Immediate = fff8 ALUCODE = 09 Rd = 14
PC: not reset or halt
FSM: EXEC2
CTRL: Instruction again: 00100110100101001111111111111000, FUNCCODE: 111000
CTRL: Here is the RsDATA in andi =          0
CTRL: Here is the result =          x
CTRL: Instruction again: 00100110100101001111111111111000, FUNCCODE: 111000
CTRL: Here is the RsDATA in andi =          0
CTRL: Here is the result = 4294967288
FSM: FETCH
PC: not reset or halt
PC: current value before increment: bfc00000
CTRL: Here is the result = 4294967288
CTRL: Read instruction at RAM address: bfc00000
CTRL: Here is the result = 4294967288
CTRL: Read instruction at RAM address: bfc00000
CTRL: Here is the result = 4294967288
CTRL: Read instruction at RAM address: bfc00004
PC: not reset or halt
FSM: EXEC1
CTRL: RAM INFO DATA READ: 04005a27
CTRL : instruction word: 275a0004, opcode: 001001, funccode: 000100
IIIIIIIIII type
DECODE: Decoding is done, enterring parameter assginment
CTRL: INFO: ADDIU called
CTRL: INPUT INFO: Rs = 1a Rt = 1a Immediate = 0004 ALUCODE = 09 Rd = 1a
CTRL: RAM INFO DATA READ: 04005a27
CTRL : instruction word: 275a0004, opcode: 001001, funccode: 000100
IIIIIIIIII type
DECODE: Decoding is done, enterring parameter assginment
CTRL: INFO: ADDIU called
CTRL: INPUT INFO: Rs = 1a Rt = 1a Immediate = 0004 ALUCODE = 09 Rd = 1a
CTRL: RAM INFO DATA READ: 04005a27
CTRL : instruction word: 275a0004, opcode: 001001, funccode: 000100
IIIIIIIIII type
DECODE: Decoding is done, enterring parameter assginment
CTRL: INFO: ADDIU called
CTRL: INPUT INFO: Rs = 1a Rt = 1a Immediate = 0004 ALUCODE = 09 Rd = 1a
FSM: EXEC2
PC: not reset or halt
CTRL: Instruction again: 00100111010110100000000000000100, FUNCCODE: 000100
CTRL: Here is the RsDATA in andi = 4294967288
CTRL: Here is the result = 4294967288
CTRL: Instruction again: 00100111010110100000000000000100, FUNCCODE: 000100
CTRL: Here is the RsDATA in andi = 4294967288
CTRL: Here is the result = 4294967292
CTRL: Instruction again: 00100111010110100000000000000100, FUNCCODE: 000100
CTRL: Here is the RsDATA in andi =          0
CTRL: Here is the result = 4294967292
CTRL: Instruction again: 00100111010110100000000000000100, FUNCCODE: 000100
CTRL: Here is the RsDATA in andi =          0
CTRL: Here is the result =          4
PC: not reset or halt
PC: current value before increment: bfc00004
FSM: FETCH
CTRL: Here is the result =          4
CTRL: Read instruction at RAM address: bfc00004
CTRL: Here is the result =          4
CTRL: Read instruction at RAM address: bfc00004
CTRL: Here is the result =          4
CTRL: Read instruction at RAM address: bfc00008
FSM: EXEC1
PC: not reset or halt
CTRL: RAM INFO DATA READ: 1b009a02
CTRL : instruction word: 029a001b, opcode: 000000, funccode: 011011
RRRRRRRRRR type
DECODE: Decoding is done, enterring parameter assginment
CTRL: RAM INFO DATA READ: 1b009a02
CTRL : instruction word: 029a001b, opcode: 000000, funccode: 011011
RRRRRRRRRR type
DECODE: Decoding is done, enterring parameter assginment
CTRL: RAM INFO DATA READ: 1b009a02
CTRL : instruction word: 029a001b, opcode: 000000, funccode: 011011
RRRRRRRRRR type
DECODE: Decoding is done, enterring parameter assginment
PC: not reset or halt
FSM: EXEC2
CTRL: Instruction again: 00000010100110100000000000011011, FUNCCODE: 011011
CTRL: Here is the result =          4
CTRL: Instruction again: 00000010100110100000000000011011, FUNCCODE: 011011
CTRL: Here is the result =          4
FSM: FETCH
PC: not reset or halt
PC: current value before increment: bfc00008
CTRL: Here is the result =          4
CTRL: Read instruction at RAM address: bfc00008
CTRL: Here is the result =          4
CTRL: Read instruction at RAM address: bfc00008
CTRL: Here is the result =          4
CTRL: Read instruction at RAM address: bfc0000c
PC: not reset or halt
FSM: EXEC1
CTRL: RAM INFO DATA READ: 08000000
CTRL : instruction word: 00000008, opcode: 000000, funccode: 001000
RRRRRRRRRR type
DECODE: Decoding is done, enterring parameter assginment
Detect JR in EXEC 1, Rs:  0
CTRL: RAM INFO DATA READ: 08000000
CTRL : instruction word: 00000008, opcode: 000000, funccode: 001000
RRRRRRRRRR type
DECODE: Decoding is done, enterring parameter assginment
Detect JR in EXEC 1, Rs:  0
CTRL: RAM INFO DATA READ: 08000000
CTRL : instruction word: 00000008, opcode: 000000, funccode: 001000
RRRRRRRRRR type
DECODE: Decoding is done, enterring parameter assginment
Detect JR in EXEC 1, Rs:  0
FSM: EXEC2
PC: not reset or halt
CTRL: Instruction again: 00000000000000000000000000001000, FUNCCODE: 001000
Arrived at jr: fffffff8, Rs:  0
CTRL: Here is the result =          0
CTRL: Instruction again: 00000000000000000000000000001000, FUNCCODE: 001000
Arrived at jr: 00000000, Rs:  0
CTRL: Here is the result =          0
PC: not reset or halt
PC: current value before increment: bfc0000c
PC: In jump_r
FSM: FETCH
CTRL: Here is the result =          0
CTRL: Read instruction at RAM address: bfc0000c
CTRL: Here is the result =          0
CTRL: Read instruction at RAM address: bfc0000c
CTRL: Here is the result =          0
CTRL: Read instruction at RAM address: bfc00010
FSM: EXEC1
PC: not reset or halt
CTRL: RAM INFO DATA READ: 12100000
CTRL : instruction word: 00001012, opcode: 000000, funccode: 010010
RRRRRRRRRR type
DECODE: Decoding is done, enterring parameter assginment
CTRL: RAM INFO DATA READ: 12100000
CTRL : instruction word: 00001012, opcode: 000000, funccode: 010010
RRRRRRRRRR type
DECODE: Decoding is done, enterring parameter assginment
CTRL: RAM INFO DATA READ: 12100000
CTRL : instruction word: 00001012, opcode: 000000, funccode: 010010
RRRRRRRRRR type
DECODE: Decoding is done, enterring parameter assginment
PC: not reset or halt
FSM: EXEC2
CTRL: Instruction again: 00000000000000000001000000010010, FUNCCODE: 010010
CTRL: Here is the result = 1073741822
FSM: FETCH
PC: not reset or halt
PC: current value before increment: bfc00010
PC: In r_delay: 00000000
CTRL: Here is the result = 1073741822
CTRL: Read instruction at RAM address: bfc00010
CTRL: Here is the result = 1073741822
CTRL: Read instruction at RAM address: bfc00010
CTRL: Here is the result = 1073741822
CTRL: Read instruction at RAM address: 00000000
FSM: EXEC1
CTRL: RAM INFO DATA READ: 00000000
CTRL : instruction word: 00000000, opcode: 000000, funccode: 000000
RRRRRRRRRR type
DECODE: Decoding is done, enterring parameter assginment
CTRL: SLL SHAMT 00, Instruction:00000000, FUNCCODE:000000
HHHHHHHHH ALU CODE 00
CTRL: RAM INFO DATA READ: 00000000
CTRL : instruction word: 00000000, opcode: 000000, funccode: 000000
RRRRRRRRRR type
DECODE: Decoding is done, enterring parameter assginment
CTRL: SLL SHAMT 00, Instruction:00000000, FUNCCODE:000000
HHHHHHHHH ALU CODE 00
CTRL: RAM INFO DATA READ: 00000000
CTRL : instruction word: 00000000, opcode: 000000, funccode: 000000
RRRRRRRRRR type
DECODE: Decoding is done, enterring parameter assginment
CTRL: SLL SHAMT 00, Instruction:00000000, FUNCCODE:000000
HHHHHHHHH ALU CODE 00
FSM: EXEC2
CTRL: Instruction again: 00000000000000000000000000000000, FUNCCODE: 000000
CTRL: INFO: Currently in the SLL statement
CTRL: Here is the result =          0
FSM: FETCH
CTRL: Here is the result =          0
CTRL: Read instruction at RAM address: 00000000
CTRL: Here is the result =          0
CTRL: Read instruction at RAM address: 00000000
FSM: HALT
TB : finished; running=0
TB : INFO : register_v0=3ffffffe
test/0-MIPS_tb_RAM/mips_cpu_bus_tb.v:97: $finish called at 21500 (10ps)
CPU : OUT   : 1073741822
