RAM : INIT : Loading RAM contents from ./test/2-bin/1-arithmetic_testing/sllv_3.hex.txt
RAM : INIT : RAM contents at 00004e20 are: 26
RAM : INIT : RAM contents at 00004e21 are: 73
RAM : INIT : RAM contents at 00004e22 are: 00
RAM : INIT : RAM contents at 00004e23 are: 02
RAM : INIT : RAM contents at 00004e24 are: 26
RAM : INIT : RAM contents at 00004e25 are: b5
RAM : INIT : RAM contents at 00004e26 are: 00
RAM : INIT : RAM contents at 00004e27 are: 04
RAM : INIT : RAM contents at 00004e28 are: 00
RAM : INIT : RAM contents at 00004e29 are: 00
RAM : INIT : RAM contents at 00004e2a are: 00
RAM : INIT : RAM contents at 00004e2b are: 08
RAM : INIT : RAM contents at 00004e2c are: 02
RAM : INIT : RAM contents at 00004e2d are: 75
RAM : INIT : RAM contents at 00004e2e are: 10
RAM : INIT : RAM contents at 00004e2f are: 04
RAM : INIT : RAM contents at 00004e30 are: 00
RAM : INIT : RAM contents at 00004e31 are: 00
RAM : INIT : RAM contents at 00004e32 are: 00
RAM : INIT : RAM contents at 00004e33 are: 00
RAM : INIT : RAM contents at 00004e34 are: 00
RAM : INIT : RAM contents at 00004e35 are: 00
RAM : INIT : RAM contents at 00004e36 are: 00
RAM : INIT : RAM contents at 00004e37 are: 00
RAM : INIT : RAM contents at 00004e38 are: 00
RAM : INIT : RAM contents at 00004e39 are: 00
RAM : INIT : RAM contents at 00004e3a are: 00
RAM : INIT : RAM contents at 00004e3b are: 00
RAM : INIT : RAM contents at 00004e3c are: 00
RAM : INIT : RAM contents at 00004e3d are: 00
PC: not reset or halt
FSM: FETCH
CTRL: Here is the result =          0
CTRL: Read instruction at RAM address: xxxxxxxx
FSM: EXEC1
TB : Reset is now low.
CTRL: RAM INFO DATA READ: 00000000
CTRL : instruction word: 00000000, opcode: 000000, funccode: 000000
RRRRRRRRRR type
DECODE: Decoding is done, enterring parameter assginment
CPU : INFO   : Resetting.
CTRL: RAM INFO DATA READ: 00000000
CTRL : instruction word: 00000000, opcode: 000000, funccode: 000000
RRRRRRRRRR type
DECODE: Decoding is done, enterring parameter assginment
CTRL: SLL SHAMT 00, Instruction:00000000, FUNCCODE:000000
HHHHHHHHH ALU CODE 00
CTRL: RAM INFO DATA READ: 00000000
CTRL : instruction word: 00000000, opcode: 000000, funccode: 000000
RRRRRRRRRR type
DECODE: Decoding is done, enterring parameter assginment
CTRL: SLL SHAMT 00, Instruction:00000000, FUNCCODE:000000
HHHHHHHHH ALU CODE 00
ALU: ALU input A:         x
ALU: ALU input B:         x
ALU: ALU opcode: 0
ALU: ALU r:         x
CTRL: RAM INFO DATA READ: 00000000
CTRL : instruction word: 00000000, opcode: 000000, funccode: 000000
RRRRRRRRRR type
DECODE: Decoding is done, enterring parameter assginment
CTRL: SLL SHAMT 00, Instruction:00000000, FUNCCODE:000000
HHHHHHHHH ALU CODE 00
PC: not reset or halt
FSM: FETCH
CTRL: Here is the result =          x
CTRL: Read instruction at RAM address: bfc00000
FSM: EXEC1
PC: not reset or halt
CTRL: RAM INFO DATA READ: 02007326
CTRL : instruction word: 26730002, opcode: 001001, funccode: 000010
IIIIIIIIII type
DECODE: Decoding is done, enterring parameter assginment
CTRL: SLL SHAMT 00, Instruction:26730002, FUNCCODE:000010
HHHHHHHHH ALU CODE 02
CTRL: RAM INFO DATA READ: 02007326
CTRL : instruction word: 26730002, opcode: 001001, funccode: 000010
IIIIIIIIII type
DECODE: Decoding is done, enterring parameter assginment
CTRL: INFO: ADDIU called
CTRL: INPUT INFO: Rs = 13 Rt = 13 Immediate = 0002 ALUCODE = 09 Rd = 13
PC: not reset or halt
FSM: EXEC2
CTRL: Instruction again: 00100110011100110000000000000010, FUNCCODE: 000010
CTRL: Here is the RsDATA in andi =          0
CTRL: Here is the result =          x
CTRL: Instruction again: 00100110011100110000000000000010, FUNCCODE: 000010
CTRL: Here is the RsDATA in andi =          0
CTRL: Here is the result =          2
FSM: FETCH
PC: not reset or halt
PC: current value before increment: bfc00000
CTRL: Here is the result =          2
CTRL: Read instruction at RAM address: bfc00000
CTRL: Here is the result =          2
CTRL: Read instruction at RAM address: bfc00004
PC: not reset or halt
FSM: EXEC1
CTRL: RAM INFO DATA READ: 0400b526
CTRL : instruction word: 26b50004, opcode: 001001, funccode: 000100
IIIIIIIIII type
DECODE: Decoding is done, enterring parameter assginment
CTRL: INFO: ADDIU called
CTRL: INPUT INFO: Rs = 15 Rt = 15 Immediate = 0004 ALUCODE = 09 Rd = 15
CTRL: RAM INFO DATA READ: 0400b526
CTRL : instruction word: 26b50004, opcode: 001001, funccode: 000100
IIIIIIIIII type
DECODE: Decoding is done, enterring parameter assginment
CTRL: INFO: ADDIU called
CTRL: INPUT INFO: Rs = 15 Rt = 15 Immediate = 0004 ALUCODE = 09 Rd = 15
CTRL: RAM INFO DATA READ: 0400b526
CTRL : instruction word: 26b50004, opcode: 001001, funccode: 000100
IIIIIIIIII type
DECODE: Decoding is done, enterring parameter assginment
CTRL: INFO: ADDIU called
CTRL: INPUT INFO: Rs = 15 Rt = 15 Immediate = 0004 ALUCODE = 09 Rd = 15
FSM: EXEC2
PC: not reset or halt
CTRL: Instruction again: 00100110101101010000000000000100, FUNCCODE: 000100
CTRL: Here is the RsDATA in andi =          2
CTRL: Here is the result =          2
CTRL: Instruction again: 00100110101101010000000000000100, FUNCCODE: 000100
CTRL: Here is the RsDATA in andi =          2
CTRL: Here is the result =          6
CTRL: Instruction again: 00100110101101010000000000000100, FUNCCODE: 000100
CTRL: Here is the RsDATA in andi =          0
CTRL: Here is the result =          6
CTRL: Instruction again: 00100110101101010000000000000100, FUNCCODE: 000100
CTRL: Here is the RsDATA in andi =          0
CTRL: Here is the result =          4
PC: not reset or halt
PC: current value before increment: bfc00004
FSM: FETCH
CTRL: Here is the result =          4
CTRL: Read instruction at RAM address: bfc00004
CTRL: Here is the result =          4
CTRL: Read instruction at RAM address: bfc00008
FSM: EXEC1
PC: not reset or halt
CTRL: RAM INFO DATA READ: 08000000
CTRL : instruction word: 00000008, opcode: 000000, funccode: 001000
RRRRRRRRRR type
DECODE: Decoding is done, enterring parameter assginment
CTRL: RAM INFO DATA READ: 08000000
CTRL : instruction word: 00000008, opcode: 000000, funccode: 001000
RRRRRRRRRR type
DECODE: Decoding is done, enterring parameter assginment
Detect JR in EXEC 1, Rs:  0
CTRL: RAM INFO DATA READ: 08000000
CTRL : instruction word: 00000008, opcode: 000000, funccode: 001000
RRRRRRRRRR type
DECODE: Decoding is done, enterring parameter assginment
Detect JR in EXEC 1, Rs:  0
CTRL: RAM INFO DATA READ: 08000000
CTRL : instruction word: 00000008, opcode: 000000, funccode: 001000
RRRRRRRRRR type
DECODE: Decoding is done, enterring parameter assginment
Detect JR in EXEC 1, Rs:  0
PC: not reset or halt
FSM: EXEC2
CTRL: Instruction again: 00000000000000000000000000001000, FUNCCODE: 001000
Arrived at jr: 00000004, Rs:  0
CTRL: Here is the result =          0
CTRL: Instruction again: 00000000000000000000000000001000, FUNCCODE: 001000
Arrived at jr: 00000000, Rs:  0
CTRL: Here is the result =          0
FSM: FETCH
PC: not reset or halt
PC: current value before increment: bfc00008
PC: In jump_r
CTRL: Here is the result =          0
CTRL: Read instruction at RAM address: bfc00008
CTRL: Here is the result =          0
CTRL: Read instruction at RAM address: bfc0000c
PC: not reset or halt
FSM: EXEC1
CTRL: RAM INFO DATA READ: 04107502
CTRL : instruction word: 02751004, opcode: 000000, funccode: 000100
RRRRRRRRRR type
DECODE: Decoding is done, enterring parameter assginment
CTRL: RAM INFO DATA READ: 04107502
CTRL : instruction word: 02751004, opcode: 000000, funccode: 000100
RRRRRRRRRR type
DECODE: Decoding is done, enterring parameter assginment
FSM: EXEC2
PC: not reset or halt
CTRL: Instruction again: 00000010011101010001000000000100, FUNCCODE: 000100
CTRL: Here is the result =          0
CTRL: Instruction again: 00000010011101010001000000000100, FUNCCODE: 000100
CTRL: Here is the result =          0
CTRL: Instruction again: 00000010011101010001000000000100, FUNCCODE: 000100
CTRL: Here is the result =         16
PC: not reset or halt
PC: current value before increment: bfc0000c
PC: In r_delay: 00000000
FSM: FETCH
CTRL: Here is the result =         16
CTRL: Read instruction at RAM address: bfc0000c
CTRL: Here is the result =         16
CTRL: Read instruction at RAM address: 00000000
FSM: EXEC1
CTRL: RAM INFO DATA READ: 00000000
CTRL : instruction word: 00000000, opcode: 000000, funccode: 000000
RRRRRRRRRR type
DECODE: Decoding is done, enterring parameter assginment
CTRL: SLL SHAMT 00, Instruction:00000000, FUNCCODE:000000
HHHHHHHHH ALU CODE 00
CTRL: RAM INFO DATA READ: 00000000
CTRL : instruction word: 00000000, opcode: 000000, funccode: 000000
RRRRRRRRRR type
DECODE: Decoding is done, enterring parameter assginment
CTRL: SLL SHAMT 00, Instruction:00000000, FUNCCODE:000000
HHHHHHHHH ALU CODE 00
CTRL: RAM INFO DATA READ: 00000000
CTRL : instruction word: 00000000, opcode: 000000, funccode: 000000
RRRRRRRRRR type
DECODE: Decoding is done, enterring parameter assginment
CTRL: SLL SHAMT 00, Instruction:00000000, FUNCCODE:000000
HHHHHHHHH ALU CODE 00
FSM: EXEC2
CTRL: Instruction again: 00000000000000000000000000000000, FUNCCODE: 000000
CTRL: INFO: Currently in the SLL statement
CTRL: Here is the result =          4
CTRL: Instruction again: 00000000000000000000000000000000, FUNCCODE: 000000
CTRL: INFO: Currently in the SLL statement
CTRL: Here is the result =          4
CTRL: Instruction again: 00000000000000000000000000000000, FUNCCODE: 000000
CTRL: INFO: Currently in the SLL statement
CTRL: Here is the result =          0
FSM: FETCH
CTRL: Here is the result =          0
CTRL: Read instruction at RAM address: 00000000
FSM: HALT
FSM: HALT
TB : finished; running=0
TB : INFO : register_v0=00000010
test/0-MIPS_tb_RAM/mips_cpu_bus_tb.v:97: $finish called at 19500 (10ps)
CPU : OUT   :         16
