RAM : INIT : Loading RAM contents from ./test/2-bin/1-arithmetic_testing/or_2.hex.txt
RAM : INIT : RAM contents at 00004e20 are: 24
RAM : INIT : RAM contents at 00004e21 are: 04
RAM : INIT : RAM contents at 00004e22 are: 0f
RAM : INIT : RAM contents at 00004e23 are: 0f
RAM : INIT : RAM contents at 00004e24 are: 00
RAM : INIT : RAM contents at 00004e25 are: 04
RAM : INIT : RAM contents at 00004e26 are: 24
RAM : INIT : RAM contents at 00004e27 are: 00
RAM : INIT : RAM contents at 00004e28 are: 24
RAM : INIT : RAM contents at 00004e29 are: 03
RAM : INIT : RAM contents at 00004e2a are: ff
RAM : INIT : RAM contents at 00004e2b are: ff
RAM : INIT : RAM contents at 00004e2c are: 00
RAM : INIT : RAM contents at 00004e2d are: 03
RAM : INIT : RAM contents at 00004e2e are: 1c
RAM : INIT : RAM contents at 00004e2f are: 00
RAM : INIT : RAM contents at 00004e30 are: 00
RAM : INIT : RAM contents at 00004e31 are: 00
RAM : INIT : RAM contents at 00004e32 are: 00
RAM : INIT : RAM contents at 00004e33 are: 08
RAM : INIT : RAM contents at 00004e34 are: 00
RAM : INIT : RAM contents at 00004e35 are: 83
RAM : INIT : RAM contents at 00004e36 are: 10
RAM : INIT : RAM contents at 00004e37 are: 25
RAM : INIT : RAM contents at 00004e38 are: 00
RAM : INIT : RAM contents at 00004e39 are: 00
RAM : INIT : RAM contents at 00004e3a are: 00
RAM : INIT : RAM contents at 00004e3b are: 00
RAM : INIT : RAM contents at 00004e3c are: 00
RAM : INIT : RAM contents at 00004e3d are: 00
PC: not reset or halt, updatePC: x
FSM: FETCH
CTRL: Here is the result =          0
CTRL: Read instruction at RAM address: xxxxxxxx
FSM: EXEC1
TB : Reset is now low.
CTRL: RAM INFO DATA READ: 00000000
CTRL : instruction word: 00000000, opcode: 000000, funccode: 000000
RRRRRRRRRR type
DECODE: Decoding is done, enterring parameter assginment
CPU : INFO   : Resetting.
CTRL: RAM INFO DATA READ: 00000000
CTRL : instruction word: 00000000, opcode: 000000, funccode: 000000
RRRRRRRRRR type
DECODE: Decoding is done, enterring parameter assginment
CTRL: SLL SHAMT 00, Instruction:00000000, FUNCCODE:000000
HHHHHHHHH ALU CODE 00
CTRL: RAM INFO DATA READ: 00000000
CTRL : instruction word: 00000000, opcode: 000000, funccode: 000000
RRRRRRRRRR type
DECODE: Decoding is done, enterring parameter assginment
CTRL: SLL SHAMT 00, Instruction:00000000, FUNCCODE:000000
HHHHHHHHH ALU CODE 00
ALU: ALU input A:         x
ALU: ALU input B:         x
ALU: ALU opcode: 0
ALU: ALU r:         x
CTRL: RAM INFO DATA READ: 00000000
CTRL : instruction word: 00000000, opcode: 000000, funccode: 000000
RRRRRRRRRR type
DECODE: Decoding is done, enterring parameter assginment
CTRL: SLL SHAMT 00, Instruction:00000000, FUNCCODE:000000
HHHHHHHHH ALU CODE 00
PC: not reset or halt, updatePC: 0
FSM: FETCH
CTRL: Here is the result =          x
CTRL: Read instruction at RAM address: bfc00000
CTRL: Here is the result =          x
CTRL: Read instruction at RAM address: bfc00000
FSM: EXEC1
PC: not reset or halt, updatePC: 0
CTRL: RAM INFO DATA READ: 0f0f0424
CTRL : instruction word: 24040f0f, opcode: 001001, funccode: 001111
IIIIIIIIII type
DECODE: Decoding is done, enterring parameter assginment
CTRL: RAM INFO DATA READ: 0f0f0424
CTRL : instruction word: 24040f0f, opcode: 001001, funccode: 001111
IIIIIIIIII type
DECODE: Decoding is done, enterring parameter assginment
CTRL: INFO: ADDIU called
CTRL: INPUT INFO: Rs = 00 Rt = 04 Immediate = 0f0f ALUCODE = 09 Rd = 00
PC: not reset or halt, updatePC: 0
FSM: EXEC2
CTRL: Instruction again: 00100100000001000000111100001111, FUNCCODE: 001111
CTRL: Here is the RsDATA in andi =          0
CTRL: Here is the result =          x
ALU: ALU input A:         0
ALU: ALU input B:      3855
ALU: ALU opcode: 9
ALU: ALU r:      3855
CTRL: Instruction again: 00100100000001000000111100001111, FUNCCODE: 001111
CTRL: Here is the RsDATA in andi =          0
CTRL: Here is the result =       3855
FSM: FETCH
PC: not reset or halt, updatePC: 1
PC: current value before increment: bfc00000
CTRL: Here is the result =       3855
CTRL: Read instruction at RAM address: bfc00000
CTRL: Here is the result =       3855
CTRL: Read instruction at RAM address: bfc00000
CTRL: Here is the result =       3855
CTRL: Read instruction at RAM address: bfc00004
PC: not reset or halt, updatePC: 0
FSM: EXEC1
CTRL: RAM INFO DATA READ: 00240400
CTRL : instruction word: 00042400, opcode: 000000, funccode: 000000
RRRRRRRRRR type
DECODE: Decoding is done, enterring parameter assginment
CTRL: RAM INFO DATA READ: 00240400
CTRL : instruction word: 00042400, opcode: 000000, funccode: 000000
RRRRRRRRRR type
DECODE: Decoding is done, enterring parameter assginment
CTRL: SLL SHAMT 10, Instruction:00042400, FUNCCODE:000000
HHHHHHHHH ALU CODE 00
CTRL: RAM INFO DATA READ: 00240400
CTRL : instruction word: 00042400, opcode: 000000, funccode: 000000
RRRRRRRRRR type
DECODE: Decoding is done, enterring parameter assginment
CTRL: SLL SHAMT 10, Instruction:00042400, FUNCCODE:000000
HHHHHHHHH ALU CODE 00
CTRL: RAM INFO DATA READ: 00240400
CTRL : instruction word: 00042400, opcode: 000000, funccode: 000000
RRRRRRRRRR type
DECODE: Decoding is done, enterring parameter assginment
CTRL: SLL SHAMT 10, Instruction:00042400, FUNCCODE:000000
HHHHHHHHH ALU CODE 00
FSM: EXEC2
PC: not reset or halt, updatePC: 0
CTRL: Instruction again: 00000000000001000010010000000000, FUNCCODE: 000000
CTRL: INFO: Currently in the SLL statement
CTRL: Here is the result =          0
CTRL: Instruction again: 00000000000001000010010000000000, FUNCCODE: 000000
CTRL: INFO: Currently in the SLL statement
CTRL: Here is the result =  252641280
PC: not reset or halt, updatePC: 1
PC: current value before increment: bfc00004
FSM: FETCH
CTRL: Here is the result =  252641280
CTRL: Read instruction at RAM address: bfc00004
CTRL: Here is the result =  252641280
CTRL: Read instruction at RAM address: bfc00004
CTRL: Here is the result =  252641280
CTRL: Read instruction at RAM address: bfc00008
FSM: EXEC1
PC: not reset or halt, updatePC: 0
CTRL: RAM INFO DATA READ: ffff0324
CTRL : instruction word: 2403ffff, opcode: 001001, funccode: 111111
IIIIIIIIII type
DECODE: Decoding is done, enterring parameter assginment
CTRL: RAM INFO DATA READ: ffff0324
CTRL : instruction word: 2403ffff, opcode: 001001, funccode: 111111
IIIIIIIIII type
DECODE: Decoding is done, enterring parameter assginment
CTRL: INFO: ADDIU called
CTRL: INPUT INFO: Rs = 00 Rt = 03 Immediate = ffff ALUCODE = 09 Rd = 00
ALU: ALU input A:      3855
ALU: ALU input B:         0
ALU: ALU opcode: 9
ALU: ALU r:      3855
CTRL: RAM INFO DATA READ: ffff0324
CTRL : instruction word: 2403ffff, opcode: 001001, funccode: 111111
IIIIIIIIII type
DECODE: Decoding is done, enterring parameter assginment
CTRL: INFO: ADDIU called
CTRL: INPUT INFO: Rs = 00 Rt = 03 Immediate = ffff ALUCODE = 09 Rd = 00
CTRL: RAM INFO DATA READ: ffff0324
CTRL : instruction word: 2403ffff, opcode: 001001, funccode: 111111
IIIIIIIIII type
DECODE: Decoding is done, enterring parameter assginment
CTRL: INFO: ADDIU called
CTRL: INPUT INFO: Rs = 00 Rt = 03 Immediate = ffff ALUCODE = 09 Rd = 00
PC: not reset or halt, updatePC: 0
FSM: EXEC2
CTRL: Instruction again: 00100100000000111111111111111111, FUNCCODE: 111111
CTRL: Here is the RsDATA in andi =          0
CTRL: Here is the result =       3855
CTRL: Instruction again: 00100100000000111111111111111111, FUNCCODE: 111111
CTRL: Here is the RsDATA in andi =          0
CTRL: Here is the result = 4294967295
CTRL: Instruction again: 00100100000000111111111111111111, FUNCCODE: 111111
CTRL: Here is the RsDATA in andi =          0
CTRL: Here is the result = 4294967295
FSM: FETCH
PC: not reset or halt, updatePC: 1
PC: current value before increment: bfc00008
CTRL: Here is the result = 4294967295
CTRL: Read instruction at RAM address: bfc00008
CTRL: Here is the result = 4294967295
CTRL: Read instruction at RAM address: bfc00008
CTRL: Here is the result = 4294967295
CTRL: Read instruction at RAM address: bfc0000c
PC: not reset or halt, updatePC: 0
FSM: EXEC1
CTRL: RAM INFO DATA READ: 001c0300
CTRL : instruction word: 00031c00, opcode: 000000, funccode: 000000
RRRRRRRRRR type
DECODE: Decoding is done, enterring parameter assginment
CTRL: RAM INFO DATA READ: 001c0300
CTRL : instruction word: 00031c00, opcode: 000000, funccode: 000000
RRRRRRRRRR type
DECODE: Decoding is done, enterring parameter assginment
CTRL: SLL SHAMT 10, Instruction:00031c00, FUNCCODE:000000
HHHHHHHHH ALU CODE 00
CTRL: RAM INFO DATA READ: 001c0300
CTRL : instruction word: 00031c00, opcode: 000000, funccode: 000000
RRRRRRRRRR type
DECODE: Decoding is done, enterring parameter assginment
CTRL: SLL SHAMT 10, Instruction:00031c00, FUNCCODE:000000
HHHHHHHHH ALU CODE 00
CTRL: RAM INFO DATA READ: 001c0300
CTRL : instruction word: 00031c00, opcode: 000000, funccode: 000000
RRRRRRRRRR type
DECODE: Decoding is done, enterring parameter assginment
CTRL: SLL SHAMT 10, Instruction:00031c00, FUNCCODE:000000
HHHHHHHHH ALU CODE 00
FSM: EXEC2
PC: not reset or halt, updatePC: 0
CTRL: Instruction again: 00000000000000110001110000000000, FUNCCODE: 000000
CTRL: INFO: Currently in the SLL statement
CTRL: Here is the result =          0
CTRL: Instruction again: 00000000000000110001110000000000, FUNCCODE: 000000
CTRL: INFO: Currently in the SLL statement
CTRL: Here is the result = 4294901760
PC: not reset or halt, updatePC: 1
PC: current value before increment: bfc0000c
FSM: FETCH
CTRL: Here is the result = 4294901760
CTRL: Read instruction at RAM address: bfc0000c
CTRL: Here is the result = 4294901760
CTRL: Read instruction at RAM address: bfc0000c
CTRL: Here is the result = 4294901760
CTRL: Read instruction at RAM address: bfc00010
FSM: EXEC1
PC: not reset or halt, updatePC: 0
CTRL: RAM INFO DATA READ: 08000000
CTRL : instruction word: 00000008, opcode: 000000, funccode: 001000
RRRRRRRRRR type
DECODE: Decoding is done, enterring parameter assginment
Detect JR in EXEC 1, Rs:  0
CTRL: RAM INFO DATA READ: 08000000
CTRL : instruction word: 00000008, opcode: 000000, funccode: 001000
RRRRRRRRRR type
DECODE: Decoding is done, enterring parameter assginment
Detect JR in EXEC 1, Rs:  0
ALU: ALU input A:4294967295
ALU: ALU input B:         0
ALU: ALU opcode: 8
ALU: ALU r:4294967295
CTRL: RAM INFO DATA READ: 08000000
CTRL : instruction word: 00000008, opcode: 000000, funccode: 001000
RRRRRRRRRR type
DECODE: Decoding is done, enterring parameter assginment
Detect JR in EXEC 1, Rs:  0
CTRL: RAM INFO DATA READ: 08000000
CTRL : instruction word: 00000008, opcode: 000000, funccode: 001000
RRRRRRRRRR type
DECODE: Decoding is done, enterring parameter assginment
Detect JR in EXEC 1, Rs:  0
PC: not reset or halt, updatePC: 0
FSM: EXEC2
CTRL: Instruction again: 00000000000000000000000000001000, FUNCCODE: 001000
Arrived at jr: 00000000, Rs:  0
CTRL: Here is the result =          0
CTRL: Instruction again: 00000000000000000000000000001000, FUNCCODE: 001000
Arrived at jr: 00000000, Rs:  0
CTRL: Here is the result =          0
FSM: FETCH
PC: not reset or halt, updatePC: 1
PC: current value before increment: bfc00010
PC: In jump_r
CTRL: Here is the result =          0
CTRL: Read instruction at RAM address: bfc00010
CTRL: Here is the result =          0
CTRL: Read instruction at RAM address: bfc00010
CTRL: Here is the result =          0
CTRL: Read instruction at RAM address: bfc00014
PC: not reset or halt, updatePC: 0
FSM: EXEC1
CTRL: RAM INFO DATA READ: 25108300
CTRL : instruction word: 00831025, opcode: 000000, funccode: 100101
RRRRRRRRRR type
DECODE: Decoding is done, enterring parameter assginment
CTRL: RAM INFO DATA READ: 25108300
CTRL : instruction word: 00831025, opcode: 000000, funccode: 100101
RRRRRRRRRR type
DECODE: Decoding is done, enterring parameter assginment
FSM: EXEC2
PC: not reset or halt, updatePC: 0
CTRL: Instruction again: 00000000100000110001000000100101, FUNCCODE: 100101
CTRL: Here is the result =          0
CTRL: Instruction again: 00000000100000110001000000100101, FUNCCODE: 100101
CTRL: Here is the result =          0
CTRL: Instruction again: 00000000100000110001000000100101, FUNCCODE: 100101
CTRL: Here is the result = 4294901760
PC: not reset or halt, updatePC: 1
PC: current value before increment: bfc00014
PC: In r_delay: 00000000
FSM: FETCH
CTRL: Here is the result = 4294901760
CTRL: Read instruction at RAM address: bfc00014
CTRL: Here is the result = 4294901760
CTRL: Read instruction at RAM address: bfc00014
CTRL: Here is the result = 4294901760
CTRL: Read instruction at RAM address: 00000000
FSM: EXEC1
CTRL: RAM INFO DATA READ: 00000000
CTRL : instruction word: 00000000, opcode: 000000, funccode: 000000
RRRRRRRRRR type
DECODE: Decoding is done, enterring parameter assginment
CTRL: SLL SHAMT 00, Instruction:00000000, FUNCCODE:000000
HHHHHHHHH ALU CODE 00
CTRL: RAM INFO DATA READ: 00000000
CTRL : instruction word: 00000000, opcode: 000000, funccode: 000000
RRRRRRRRRR type
DECODE: Decoding is done, enterring parameter assginment
CTRL: SLL SHAMT 00, Instruction:00000000, FUNCCODE:000000
HHHHHHHHH ALU CODE 00
CTRL: RAM INFO DATA READ: 00000000
CTRL : instruction word: 00000000, opcode: 000000, funccode: 000000
RRRRRRRRRR type
DECODE: Decoding is done, enterring parameter assginment
CTRL: SLL SHAMT 00, Instruction:00000000, FUNCCODE:000000
HHHHHHHHH ALU CODE 00
FSM: EXEC2
CTRL: Instruction again: 00000000000000000000000000000000, FUNCCODE: 000000
CTRL: INFO: Currently in the SLL statement
CTRL: Here is the result =  252641280
CTRL: Instruction again: 00000000000000000000000000000000, FUNCCODE: 000000
CTRL: INFO: Currently in the SLL statement
CTRL: Here is the result = 4294901760
CTRL: Instruction again: 00000000000000000000000000000000, FUNCCODE: 000000
CTRL: INFO: Currently in the SLL statement
CTRL: Here is the result = 4294901760
CTRL: Instruction again: 00000000000000000000000000000000, FUNCCODE: 000000
CTRL: INFO: Currently in the SLL statement
CTRL: Here is the result =          0
FSM: FETCH
CTRL: Here is the result =          0
CTRL: Read instruction at RAM address: 00000000
CTRL: Here is the result =          0
CTRL: Read instruction at RAM address: 00000000
FSM: HALT
FSM: HALT
TB : finished; running=0
TB : INFO : register_v0=ffff0000
test/0-MIPS_tb_RAM/mips_cpu_bus_tb.v:97: $finish called at 25500 (10ps)
CPU : OUT   : 4294901760
