RAM : INIT : Loading RAM contents from ./test/2-bin/1-arithmetic_testing/srl_3.hex.txt
RAM : INIT : RAM contents at 00004e20 are: 24
RAM : INIT : RAM contents at 00004e21 are: 84
RAM : INIT : RAM contents at 00004e22 are: 02
RAM : INIT : RAM contents at 00004e23 are: 58
RAM : INIT : RAM contents at 00004e24 are: 00
RAM : INIT : RAM contents at 00004e25 are: 04
RAM : INIT : RAM contents at 00004e26 are: 18
RAM : INIT : RAM contents at 00004e27 are: 82
RAM : INIT : RAM contents at 00004e28 are: 00
RAM : INIT : RAM contents at 00004e29 are: 00
RAM : INIT : RAM contents at 00004e2a are: 00
RAM : INIT : RAM contents at 00004e2b are: 08
RAM : INIT : RAM contents at 00004e2c are: 00
RAM : INIT : RAM contents at 00004e2d are: 03
RAM : INIT : RAM contents at 00004e2e are: 10
RAM : INIT : RAM contents at 00004e2f are: c2
RAM : INIT : RAM contents at 00004e30 are: 00
RAM : INIT : RAM contents at 00004e31 are: 00
RAM : INIT : RAM contents at 00004e32 are: 00
RAM : INIT : RAM contents at 00004e33 are: 00
RAM : INIT : RAM contents at 00004e34 are: 00
RAM : INIT : RAM contents at 00004e35 are: 00
RAM : INIT : RAM contents at 00004e36 are: 00
RAM : INIT : RAM contents at 00004e37 are: 00
RAM : INIT : RAM contents at 00004e38 are: 00
RAM : INIT : RAM contents at 00004e39 are: 00
RAM : INIT : RAM contents at 00004e3a are: 00
RAM : INIT : RAM contents at 00004e3b are: 00
RAM : INIT : RAM contents at 00004e3c are: 00
RAM : INIT : RAM contents at 00004e3d are: 00
REG File: 2 and 4 xxxxxxxx, xxxxxxxx
PC: not reset or halt
FSM: FETCH
CTRL: Here is the result =          0
CTRL: Read instruction at RAM address: xxxxxxxx
REG File: 2 and 4 xxxxxxxx, xxxxxxxx
REG File: 2 and 4 00000000, 00000000
FSM: EXEC1
TB : Reset is now low.
CTRL: RAM INFO DATA READ: 00000000
CTRL : instruction word: 00000000, opcode: 000000, funccode: 000000
RRRRRRRRRR type
DECODE: Decoding is done, enterring parameter assginment
CPU : INFO   : Resetting.
CTRL: RAM INFO DATA READ: 00000000
CTRL : instruction word: 00000000, opcode: 000000, funccode: 000000
RRRRRRRRRR type
DECODE: Decoding is done, enterring parameter assginment
CTRL: SLL SHAMT 00, Instruction:00000000, FUNCCODE:000000
HHHHHHHHH ALU CODE 00
CTRL: RAM INFO DATA READ: 00000000
CTRL : instruction word: 00000000, opcode: 000000, funccode: 000000
RRRRRRRRRR type
DECODE: Decoding is done, enterring parameter assginment
CTRL: SLL SHAMT 00, Instruction:00000000, FUNCCODE:000000
HHHHHHHHH ALU CODE 00
ALU: ALU input A:         x
ALU: ALU input B:         x
ALU: ALU opcode: 0
ALU: ALU r:         x
CTRL: RAM INFO DATA READ: 00000000
CTRL : instruction word: 00000000, opcode: 000000, funccode: 000000
RRRRRRRRRR type
DECODE: Decoding is done, enterring parameter assginment
CTRL: SLL SHAMT 00, Instruction:00000000, FUNCCODE:000000
HHHHHHHHH ALU CODE 00
REG File: 2 and 4 00000000, 00000000
PC: not reset or halt
FSM: FETCH
CTRL: Here is the result =          x
CTRL: Read instruction at RAM address: bfc00000
REG File: 2 and 4 00000000, 00000000
FSM: EXEC1
PC: not reset or halt
CTRL: RAM INFO DATA READ: 58028424
CTRL : instruction word: 24840258, opcode: 001001, funccode: 011000
IIIIIIIIII type
DECODE: Decoding is done, enterring parameter assginment
CTRL: RAM INFO DATA READ: 58028424
CTRL : instruction word: 24840258, opcode: 001001, funccode: 011000
IIIIIIIIII type
DECODE: Decoding is done, enterring parameter assginment
CTRL: INFO: ADDIU called
CTRL: INPUT INFO: Rs = 04 Rt = 04 Immediate = 0258 ALUCODE = 09 Rd = 04
REG File: 2 and 4 00000000, 00000000
PC: not reset or halt
FSM: EXEC2
CTRL: Instruction again: 00100100100001000000001001011000, FUNCCODE: 011000
CTRL: Here is the RsDATA in andi =          0
CTRL: Here is the result =          x
CTRL: Instruction again: 00100100100001000000001001011000, FUNCCODE: 011000
CTRL: Here is the RsDATA in andi =          0
CTRL: Here is the result =        600
REG File: 2 and 4 00000000, 00000000
FSM: FETCH
PC: not reset or halt
PC: current value before increment: bfc00000
CTRL: Here is the result =        600
CTRL: Read instruction at RAM address: bfc00000
CTRL: Here is the result =        600
CTRL: Read instruction at RAM address: bfc00004
REG File: 2 and 4 00000000, 00000258
PC: not reset or halt
FSM: EXEC1
CTRL: RAM INFO DATA READ: 82180400
CTRL : instruction word: 00041882, opcode: 000000, funccode: 000010
RRRRRRRRRR type
DECODE: Decoding is done, enterring parameter assginment
CTRL: RAM INFO DATA READ: 82180400
CTRL : instruction word: 00041882, opcode: 000000, funccode: 000010
RRRRRRRRRR type
DECODE: Decoding is done, enterring parameter assginment
CTRL: SLL SHAMT 02, Instruction:00041882, FUNCCODE:000010
HHHHHHHHH ALU CODE 02
CTRL: RAM INFO DATA READ: 82180400
CTRL : instruction word: 00041882, opcode: 000000, funccode: 000010
RRRRRRRRRR type
DECODE: Decoding is done, enterring parameter assginment
CTRL: SLL SHAMT 02, Instruction:00041882, FUNCCODE:000010
HHHHHHHHH ALU CODE 02
CTRL: RAM INFO DATA READ: 82180400
CTRL : instruction word: 00041882, opcode: 000000, funccode: 000010
RRRRRRRRRR type
DECODE: Decoding is done, enterring parameter assginment
CTRL: SLL SHAMT 02, Instruction:00041882, FUNCCODE:000010
HHHHHHHHH ALU CODE 02
REG File: 2 and 4 00000000, 00000258
FSM: EXEC2
PC: not reset or halt
CTRL: Instruction again: 00000000000001000001100010000010, FUNCCODE: 000010
CTRL: INFO: Currently in the SLL statement
CTRL: Here is the result =          0
CTRL: Instruction again: 00000000000001000001100010000010, FUNCCODE: 000010
CTRL: INFO: Currently in the SLL statement
CTRL: Here is the result =        150
CTRL: Instruction again: 00000000000001000001100010000010, FUNCCODE: 000010
CTRL: INFO: Currently in the SLL statement
CTRL: Here is the result =        150
REG File: 2 and 4 00000000, 00000258
PC: not reset or halt
PC: current value before increment: bfc00004
FSM: FETCH
CTRL: Here is the result =        150
CTRL: Read instruction at RAM address: bfc00004
CTRL: Here is the result =        150
CTRL: Read instruction at RAM address: bfc00008
REG File: 2 and 4 00000000, 00000258
FSM: EXEC1
PC: not reset or halt
CTRL: RAM INFO DATA READ: 08000000
CTRL : instruction word: 00000008, opcode: 000000, funccode: 001000
RRRRRRRRRR type
DECODE: Decoding is done, enterring parameter assginment
Detect JR in EXEC 1, Rs:  0
CTRL: RAM INFO DATA READ: 08000000
CTRL : instruction word: 00000008, opcode: 000000, funccode: 001000
RRRRRRRRRR type
DECODE: Decoding is done, enterring parameter assginment
Detect JR in EXEC 1, Rs:  0
CTRL: RAM INFO DATA READ: 08000000
CTRL : instruction word: 00000008, opcode: 000000, funccode: 001000
RRRRRRRRRR type
DECODE: Decoding is done, enterring parameter assginment
Detect JR in EXEC 1, Rs:  0
REG File: 2 and 4 00000000, 00000258
PC: not reset or halt
FSM: EXEC2
CTRL: Instruction again: 00000000000000000000000000001000, FUNCCODE: 001000
Arrived at jr: 00000000, Rs:  0
CTRL: Here is the result =          0
CTRL: Instruction again: 00000000000000000000000000001000, FUNCCODE: 001000
Arrived at jr: 00000000, Rs:  0
CTRL: Here is the result =          0
REG File: 2 and 4 00000000, 00000258
FSM: FETCH
PC: not reset or halt
PC: current value before increment: bfc00008
PC: In jump_r
CTRL: Here is the result =          0
CTRL: Read instruction at RAM address: bfc00008
CTRL: Here is the result =          0
CTRL: Read instruction at RAM address: bfc0000c
REG File: 2 and 4 00000000, 00000258
PC: not reset or halt
FSM: EXEC1
CTRL: RAM INFO DATA READ: c2100300
CTRL : instruction word: 000310c2, opcode: 000000, funccode: 000010
RRRRRRRRRR type
DECODE: Decoding is done, enterring parameter assginment
CTRL: SLL SHAMT 03, Instruction:000310c2, FUNCCODE:000010
HHHHHHHHH ALU CODE 02
CTRL: RAM INFO DATA READ: c2100300
CTRL : instruction word: 000310c2, opcode: 000000, funccode: 000010
RRRRRRRRRR type
DECODE: Decoding is done, enterring parameter assginment
CTRL: SLL SHAMT 03, Instruction:000310c2, FUNCCODE:000010
HHHHHHHHH ALU CODE 02
REG File: 2 and 4 00000000, 00000258
FSM: EXEC2
PC: not reset or halt
CTRL: Instruction again: 00000000000000110001000011000010, FUNCCODE: 000010
CTRL: INFO: Currently in the SLL statement
CTRL: Here is the result =          0
CTRL: Instruction again: 00000000000000110001000011000010, FUNCCODE: 000010
CTRL: INFO: Currently in the SLL statement
CTRL: Here is the result =          0
CTRL: Instruction again: 00000000000000110001000011000010, FUNCCODE: 000010
CTRL: INFO: Currently in the SLL statement
CTRL: Here is the result =         18
REG File: 2 and 4 00000000, 00000258
PC: not reset or halt
PC: current value before increment: bfc0000c
PC: In r_delay: 00000000
FSM: FETCH
CTRL: Here is the result =         18
CTRL: Read instruction at RAM address: bfc0000c
CTRL: Here is the result =         18
CTRL: Read instruction at RAM address: 00000000
REG File: 2 and 4 00000012, 00000258
FSM: EXEC1
CTRL: RAM INFO DATA READ: 00000000
CTRL : instruction word: 00000000, opcode: 000000, funccode: 000000
RRRRRRRRRR type
DECODE: Decoding is done, enterring parameter assginment
CTRL: SLL SHAMT 00, Instruction:00000000, FUNCCODE:000000
HHHHHHHHH ALU CODE 00
CTRL: RAM INFO DATA READ: 00000000
CTRL : instruction word: 00000000, opcode: 000000, funccode: 000000
RRRRRRRRRR type
DECODE: Decoding is done, enterring parameter assginment
CTRL: SLL SHAMT 00, Instruction:00000000, FUNCCODE:000000
HHHHHHHHH ALU CODE 00
REG File: 2 and 4 00000012, 00000258
FSM: EXEC2
CTRL: Instruction again: 00000000000000000000000000000000, FUNCCODE: 000000
CTRL: INFO: Currently in the SLL statement
CTRL: Here is the result =        150
CTRL: Instruction again: 00000000000000000000000000000000, FUNCCODE: 000000
CTRL: INFO: Currently in the SLL statement
CTRL: Here is the result =        150
CTRL: Instruction again: 00000000000000000000000000000000, FUNCCODE: 000000
CTRL: INFO: Currently in the SLL statement
CTRL: Here is the result =          0
REG File: 2 and 4 00000012, 00000258
FSM: FETCH
CTRL: Here is the result =          0
CTRL: Read instruction at RAM address: 00000000
REG File: 2 and 4 00000012, 00000258
FSM: HALT
REG File: 2 and 4 00000012, 00000258
FSM: HALT
TB : finished; running=0
TB : INFO : register_v0=00000012
test/0-MIPS_tb_RAM/mips_cpu_bus_tb.v:97: $finish called at 19500 (10ps)
CPU : OUT   :         18
